Archive member included to satisfy reference by file (symbol)

/Applications/STM32CubeIDE.app/Contents/Eclipse/plugins/com.st.stm32cube.ide.mcu.externaltools.gnu-tools-for-stm32.10.3-2021.10.macos64_1.0.100.202210260954/tools/bin/../lib/gcc/arm-none-eabi/10.3.1/../../../../arm-none-eabi/lib/thumb/v7e-m+fp/hard/libc_nano.a(lib_a-errno.o)
                              ./Core/Src/syscalls.o (__errno)
/Applications/STM32CubeIDE.app/Contents/Eclipse/plugins/com.st.stm32cube.ide.mcu.externaltools.gnu-tools-for-stm32.10.3-2021.10.macos64_1.0.100.202210260954/tools/bin/../lib/gcc/arm-none-eabi/10.3.1/../../../../arm-none-eabi/lib/thumb/v7e-m+fp/hard/libc_nano.a(lib_a-exit.o)
                              /Applications/STM32CubeIDE.app/Contents/Eclipse/plugins/com.st.stm32cube.ide.mcu.externaltools.gnu-tools-for-stm32.10.3-2021.10.macos64_1.0.100.202210260954/tools/bin/../lib/gcc/arm-none-eabi/10.3.1/../../../../arm-none-eabi/lib/thumb/v7e-m+fp/hard/crt0.o (exit)
/Applications/STM32CubeIDE.app/Contents/Eclipse/plugins/com.st.stm32cube.ide.mcu.externaltools.gnu-tools-for-stm32.10.3-2021.10.macos64_1.0.100.202210260954/tools/bin/../lib/gcc/arm-none-eabi/10.3.1/../../../../arm-none-eabi/lib/thumb/v7e-m+fp/hard/libc_nano.a(lib_a-impure.o)
                              /Applications/STM32CubeIDE.app/Contents/Eclipse/plugins/com.st.stm32cube.ide.mcu.externaltools.gnu-tools-for-stm32.10.3-2021.10.macos64_1.0.100.202210260954/tools/bin/../lib/gcc/arm-none-eabi/10.3.1/../../../../arm-none-eabi/lib/thumb/v7e-m+fp/hard/libc_nano.a(lib_a-exit.o) (_global_impure_ptr)
/Applications/STM32CubeIDE.app/Contents/Eclipse/plugins/com.st.stm32cube.ide.mcu.externaltools.gnu-tools-for-stm32.10.3-2021.10.macos64_1.0.100.202210260954/tools/bin/../lib/gcc/arm-none-eabi/10.3.1/../../../../arm-none-eabi/lib/thumb/v7e-m+fp/hard/libc_nano.a(lib_a-init.o)
                              /Applications/STM32CubeIDE.app/Contents/Eclipse/plugins/com.st.stm32cube.ide.mcu.externaltools.gnu-tools-for-stm32.10.3-2021.10.macos64_1.0.100.202210260954/tools/bin/../lib/gcc/arm-none-eabi/10.3.1/../../../../arm-none-eabi/lib/thumb/v7e-m+fp/hard/crt0.o (__libc_init_array)
/Applications/STM32CubeIDE.app/Contents/Eclipse/plugins/com.st.stm32cube.ide.mcu.externaltools.gnu-tools-for-stm32.10.3-2021.10.macos64_1.0.100.202210260954/tools/bin/../lib/gcc/arm-none-eabi/10.3.1/../../../../arm-none-eabi/lib/thumb/v7e-m+fp/hard/libc_nano.a(lib_a-memcpy-stub.o)
                              ./Core/Src/MY_ILI9341.o (memcpy)
/Applications/STM32CubeIDE.app/Contents/Eclipse/plugins/com.st.stm32cube.ide.mcu.externaltools.gnu-tools-for-stm32.10.3-2021.10.macos64_1.0.100.202210260954/tools/bin/../lib/gcc/arm-none-eabi/10.3.1/../../../../arm-none-eabi/lib/thumb/v7e-m+fp/hard/libc_nano.a(lib_a-memset.o)
                              /Applications/STM32CubeIDE.app/Contents/Eclipse/plugins/com.st.stm32cube.ide.mcu.externaltools.gnu-tools-for-stm32.10.3-2021.10.macos64_1.0.100.202210260954/tools/bin/../lib/gcc/arm-none-eabi/10.3.1/../../../../arm-none-eabi/lib/thumb/v7e-m+fp/hard/crt0.o (memset)
/Applications/STM32CubeIDE.app/Contents/Eclipse/plugins/com.st.stm32cube.ide.mcu.externaltools.gnu-tools-for-stm32.10.3-2021.10.macos64_1.0.100.202210260954/tools/bin/../lib/gcc/arm-none-eabi/10.3.1/../../../../arm-none-eabi/lib/thumb/v7e-m+fp/hard/libc_nano.a(lib_a-sprintf.o)
                              ./Core/Src/lcd_touch.o (sprintf)
/Applications/STM32CubeIDE.app/Contents/Eclipse/plugins/com.st.stm32cube.ide.mcu.externaltools.gnu-tools-for-stm32.10.3-2021.10.macos64_1.0.100.202210260954/tools/bin/../lib/gcc/arm-none-eabi/10.3.1/../../../../arm-none-eabi/lib/thumb/v7e-m+fp/hard/libc_nano.a(lib_a-strlen.o)
                              ./Core/Src/lcd_touch.o (strlen)
/Applications/STM32CubeIDE.app/Contents/Eclipse/plugins/com.st.stm32cube.ide.mcu.externaltools.gnu-tools-for-stm32.10.3-2021.10.macos64_1.0.100.202210260954/tools/bin/../lib/gcc/arm-none-eabi/10.3.1/../../../../arm-none-eabi/lib/thumb/v7e-m+fp/hard/libc_nano.a(lib_a-strncat.o)
                              ./Core/Src/lcd_touch.o (strncat)
/Applications/STM32CubeIDE.app/Contents/Eclipse/plugins/com.st.stm32cube.ide.mcu.externaltools.gnu-tools-for-stm32.10.3-2021.10.macos64_1.0.100.202210260954/tools/bin/../lib/gcc/arm-none-eabi/10.3.1/../../../../arm-none-eabi/lib/thumb/v7e-m+fp/hard/libc_nano.a(lib_a-nano-svfprintf.o)
                              /Applications/STM32CubeIDE.app/Contents/Eclipse/plugins/com.st.stm32cube.ide.mcu.externaltools.gnu-tools-for-stm32.10.3-2021.10.macos64_1.0.100.202210260954/tools/bin/../lib/gcc/arm-none-eabi/10.3.1/../../../../arm-none-eabi/lib/thumb/v7e-m+fp/hard/libc_nano.a(lib_a-sprintf.o) (_svfprintf_r)
/Applications/STM32CubeIDE.app/Contents/Eclipse/plugins/com.st.stm32cube.ide.mcu.externaltools.gnu-tools-for-stm32.10.3-2021.10.macos64_1.0.100.202210260954/tools/bin/../lib/gcc/arm-none-eabi/10.3.1/../../../../arm-none-eabi/lib/thumb/v7e-m+fp/hard/libc_nano.a(lib_a-nano-vfprintf_i.o)
[...]
Memory Configuration

Name             Origin             Length             Attributes
RAM              0x0000000020000000 0x0000000000020000 xrw
FLASH            0x0000000008000000 0x0000000000080000 xr
*default*        0x0000000000000000 0xffffffffffffffff

Linker script and memory map

LOAD /Applications/STM32CubeIDE.app/Contents/Eclipse/plugins/com.st.stm32cube.ide.mcu.externaltools.gnu-tools-for-stm32.10.3-2021.10.macos64_1.0.100.202210260954/tools/bin/../lib/gcc/arm-none-eabi/10.3.1/thumb/v7e-m+fp/hard/crti.o
LOAD /Applications/STM32CubeIDE.app/Contents/Eclipse/plugins/com.st.stm32cube.ide.mcu.externaltools.gnu-tools-for-stm32.10.3-2021.10.macos64_1.0.100.202210260954/tools/bin/../lib/gcc/arm-none-eabi/10.3.1/thumb/v7e-m+fp/hard/crtbegin.o
LOAD /Applications/STM32CubeIDE.app/Contents/Eclipse/plugins/com.st.stm32cube.ide.mcu.externaltools.gnu-tools-for-stm32.10.3-2021.10.macos64_1.0.100.202210260954/tools/bin/../lib/gcc/arm-none-eabi/10.3.1/../../../../arm-none-eabi/lib/thumb/v7e-m+fp/hard/crt0.o
LOAD ./Core/Src/MY_ILI9341.o
LOAD ./Core/Src/TSC2046.o
LOAD ./Core/Src/lcd_touch.o
LOAD ./Core/Src/main.o
LOAD ./Core/Src/stm32f4xx_hal_msp.o
LOAD ./Core/Src/stm32f4xx_it.o
LOAD ./Core/Src/syscalls.o
LOAD ./Core/Src/sysmem.o
LOAD ./Core/Src/system_stm32f4xx.o
LOAD ./Core/Startup/startup_stm32f446retx.o
LOAD ./Drivers/STM32F4xx_HAL_Driver/Src/stm32f4xx_hal.o
LOAD ./Drivers/STM32F4xx_HAL_Driver/Src/stm32f4xx_hal_adc.o
LOAD ./Drivers/STM32F4xx_HAL_Driver/Src/stm32f4xx_hal_adc_ex.o
LOAD ./Drivers/STM32F4xx_HAL_Driver/Src/stm32f4xx_hal_cortex.o
LOAD ./Drivers/STM32F4xx_HAL_Driver/Src/stm32f4xx_hal_dma.o
LOAD ./Drivers/STM32F4xx_HAL_Driver/Src/stm32f4xx_hal_dma_ex.o
LOAD ./Drivers/STM32F4xx_HAL_Driver/Src/stm32f4xx_hal_exti.o
LOAD ./Drivers/STM32F4xx_HAL_Driver/Src/stm32f4xx_hal_flash.o
LOAD ./Drivers/STM32F4xx_HAL_Driver/Src/stm32f4xx_hal_flash_ex.o
LOAD ./Drivers/STM32F4xx_HAL_Driver/Src/stm32f4xx_hal_flash_ramfunc.o
LOAD ./Drivers/STM32F4xx_HAL_Driver/Src/stm32f4xx_hal_gpio.o
LOAD ./Drivers/STM32F4xx_HAL_Driver/Src/stm32f4xx_hal_pwr.o
LOAD ./Drivers/STM32F4xx_HAL_Driver/Src/stm32f4xx_hal_pwr_ex.o
LOAD ./Drivers/STM32F4xx_HAL_Driver/Src/stm32f4xx_hal_rcc.o
LOAD ./Drivers/STM32F4xx_HAL_Driver/Src/stm32f4xx_hal_rcc_ex.o
LOAD ./Drivers/STM32F4xx_HAL_Driver/Src/stm32f4xx_hal_spi.o
LOAD ./Drivers/STM32F4xx_HAL_Driver/Src/stm32f4xx_hal_tim.o
LOAD ./Drivers/STM32F4xx_HAL_Driver/Src/stm32f4xx_hal_tim_ex.o
LOAD ./Drivers/STM32F4xx_HAL_Driver/Src/stm32f4xx_ll_adc.o
START GROUP
LOAD /Applications/STM32CubeIDE.app/Contents/Eclipse/plugins/com.st.stm32cube.ide.mcu.externaltools.gnu-tools-for-stm32.10.3-2021.10.macos64_1.0.100.202210260954/tools/bin/../lib/gcc/arm-none-eabi/10.3.1/../../../../arm-none-eabi/lib/thumb/v7e-m+fp/hard/libc_nano.a
LOAD /Applications/STM32CubeIDE.app/Contents/Eclipse/plugins/com.st.stm32cube.ide.mcu.externaltools.gnu-tools-for-stm32.10.3-2021.10.macos64_1.0.100.202210260954/tools/bin/../lib/gcc/arm-none-eabi/10.3.1/../../../../arm-none-eabi/lib/thumb/v7e-m+fp/hard/libm.a
END GROUP
START GROUP
LOAD /Applications/STM32CubeIDE.app/Contents/Eclipse/plugins/com.st.stm32cube.ide.mcu.externaltools.gnu-tools-for-stm32.10.3-2021.10.macos64_1.0.100.202210260954/tools/bin/../lib/gcc/arm-none-eabi/10.3.1/thumb/v7e-m+fp/hard/libgcc.a
LOAD /Applications/STM32CubeIDE.app/Contents/Eclipse/plugins/com.st.stm32cube.ide.mcu.externaltools.gnu-tools-for-stm32.10.3-2021.10.macos64_1.0.100.202210260954/tools/bin/../lib/gcc/arm-none-eabi/10.3.1/../../../../arm-none-eabi/lib/thumb/v7e-m+fp/hard/libc_nano.a
END GROUP
START GROUP
LOAD /Applications/STM32CubeIDE.app/Contents/Eclipse/plugins/com.st.stm32cube.ide.mcu.externaltools.gnu-tools-for-stm32.10.3-2021.10.macos64_1.0.100.202210260954/tools/bin/../lib/gcc/arm-none-eabi/10.3.1/thumb/v7e-m+fp/hard/libgcc.a
LOAD /Applications/STM32CubeIDE.app/Contents/Eclipse/plugins/com.st.stm32cube.ide.mcu.externaltools.gnu-tools-for-stm32.10.3-2021.10.macos64_1.0.100.202210260954/tools/bin/../lib/gcc/arm-none-eabi/10.3.1/../../../../arm-none-eabi/lib/thumb/v7e-m+fp/hard/libc_nano.a
LOAD /Applications/STM32CubeIDE.app/Contents/Eclipse/plugins/com.st.stm32cube.ide.mcu.externaltools.gnu-tools-for-stm32.10.3-2021.10.macos64_1.0.100.202210260954/tools/bin/../lib/gcc/arm-none-eabi/10.3.1/../../../../arm-none-eabi/lib/thumb/v7e-m+fp/hard/libnosys.a
END GROUP
START GROUP
LOAD /Applications/STM32CubeIDE.app/Contents/Eclipse/plugins/com.st.stm32cube.ide.mcu.externaltools.gnu-tools-for-stm32.10.3-2021.10.macos64_1.0.100.202210260954/tools/bin/../lib/gcc/arm-none-eabi/10.3.1/thumb/v7e-m+fp/hard/libgcc.a
LOAD /Applications/STM32CubeIDE.app/Contents/Eclipse/plugins/com.st.stm32cube.ide.mcu.externaltools.gnu-tools-for-stm32.10.3-2021.10.macos64_1.0.100.202210260954/tools/bin/../lib/gcc/arm-none-eabi/10.3.1/../../../../arm-none-eabi/lib/thumb/v7e-m+fp/hard/libc_nano.a
LOAD /Applications/STM32CubeIDE.app/Contents/Eclipse/plugins/com.st.stm32cube.ide.mcu.externaltools.gnu-tools-for-stm32.10.3-2021.10.macos64_1.0.100.202210260954/tools/bin/../lib/gcc/arm-none-eabi/10.3.1/../../../../arm-none-eabi/lib/thumb/v7e-m+fp/hard/libnosys.a
END GROUP
LOAD /Applications/STM32CubeIDE.app/Contents/Eclipse/plugins/com.st.stm32cube.ide.mcu.externaltools.gnu-tools-for-stm32.10.3-2021.10.macos64_1.0.100.202210260954/tools/bin/../lib/gcc/arm-none-eabi/10.3.1/thumb/v7e-m+fp/hard/crtend.o
LOAD /Applications/STM32CubeIDE.app/Contents/Eclipse/plugins/com.st.stm32cube.ide.mcu.externaltools.gnu-tools-for-stm32.10.3-2021.10.macos64_1.0.100.202210260954/tools/bin/../lib/gcc/arm-none-eabi/10.3.1/thumb/v7e-m+fp/hard/crtn.o
                0x0000000020020000                _estack = (ORIGIN (RAM) + LENGTH (RAM))
                0x0000000000000200                _Min_Heap_Size = 0x200
                0x0000000000000400                _Min_Stack_Size = 0x400

.isr_vector     0x0000000008000000      0x1c4
                0x0000000008000000                . = ALIGN (0x4)
 *(.isr_vector)
 .isr_vector    0x0000000008000000      0x1c4 ./Core/Startup/startup_stm32f446retx.o
                0x0000000008000000                g_pfnVectors
                0x00000000080001c4                . = ALIGN (0x4)

.text           0x00000000080001d0     0x5274
                0x00000000080001d0                . = ALIGN (0x4)
 *(.text)
 .text          0x00000000080001d0       0x40 /Applications/STM32CubeIDE.app/Contents/Eclipse/plugins/com.st.stm32cube.ide.mcu.externaltools.gnu-tools-for-stm32.10.3-2021.10.macos64_1.0.100.202210260954/tools/bin/../lib/gcc/arm-none-eabi/10.3.1/thumb/v7e-m+fp/hard/crtbegin.o
 .text          0x0000000008000210       0x10 /Applications/STM32CubeIDE.app/Contents/Eclipse/plugins/com.st.stm32cube.ide.mcu.externaltools.gnu-tools-for-stm32.10.3-2021.10.macos64_1.0.100.202210260954/tools/bin/../lib/gcc/arm-none-eabi/10.3.1/../../../../arm-none-eabi/lib/thumb/v7e-m+fp/hard/libc_nano.a(lib_a-strlen.o)
                0x0000000008000210                strlen
 .text          0x0000000008000220       0xa0 /Applications/STM32CubeIDE.app/Contents/Eclipse/plugins/com.st.stm32cube.ide.mcu.externaltools.gnu-tools-for-stm32.10.3-2021.10.macos64_1.0.100.202210260954/tools/bin/../lib/gcc/arm-none-eabi/10.3.1/../../../../arm-none-eabi/lib/thumb/v7e-m+fp/hard/libc_nano.a(lib_a-memchr.o)
                0x0000000008000220                memchr
 .text          0x00000000080002c0       0x30 /Applications/STM32CubeIDE.app/Contents/Eclipse/plugins/com.st.stm32cube.ide.mcu.externaltools.gnu-tools-for-stm32.10.3-2021.10.macos64_1.0.100.202210260954/tools/bin/../lib/gcc/arm-none-eabi/10.3.1/thumb/v7e-m+fp/hard/libgcc.a(_aeabi_uldivmod.o)
                0x00000000080002c0                __aeabi_uldivmod
 .text          0x00000000080002f0      0x2d0 /Applications/STM32CubeIDE.app/Contents/Eclipse/plugins/com.st.stm32cube.ide.mcu.externaltools.gnu-tools-for-stm32.10.3-2021.10.macos64_1.0.100.202210260954/tools/bin/../lib/gcc/arm-none-eabi/10.3.1/thumb/v7e-m+fp/hard/libgcc.a(_udivmoddi4.o)
                0x00000000080002f0                __udivmoddi4
 .text          0x00000000080005c0        0x4 /Applications/STM32CubeIDE.app/Contents/Eclipse/plugins/com.st.stm32cube.ide.mcu.externaltools.gnu-tools-for-stm32.10.3-2021.10.macos64_1.0.100.202210260954/tools/bin/../lib/gcc/arm-none-eabi/10.3.1/thumb/v7e-m+fp/hard/libgcc.a(_dvmd_tls.o)
                0x00000000080005c0                __aeabi_ldiv0
                0x00000000080005c0                __aeabi_idiv0
 *(.text*)
 .text.ILI9341_SendCommand
                0x00000000080005c4       0x68 ./Core/Src/MY_ILI9341.o
                0x00000000080005c4                ILI9341_SendCommand
 .text.ILI9341_SendData
                0x000000000800062c       0x68 ./Core/Src/MY_ILI9341.o
                0x000000000800062c                ILI9341_SendData
 .text.ILI9341_SetCursorPosition
                0x0000000008000694       0x98 ./Core/Src/MY_ILI9341.o
                0x0000000008000694                ILI9341_SetCursorPosition
 .text.ILI9341_Init
                0x000000000800072c      0x180 ./Core/Src/MY_ILI9341.o
                0x000000000800072c                ILI9341_Init
 .text.ILI9341_DrawPixel
                0x00000000080008ac       0x3e ./Core/Src/MY_ILI9341.o
                0x00000000080008ac                ILI9341_DrawPixel
 *fill*         0x00000000080008ea        0x2 
 .text.ILI9341_Fill
                0x00000000080008ec       0x88 ./Core/Src/MY_ILI9341.o
                0x00000000080008ec                ILI9341_Fill
 .text.ILI9341_Fill_Rect
                0x0000000008000974       0x76 ./Core/Src/MY_ILI9341.o
                0x0000000008000974                ILI9341_Fill_Rect
 .text.fillCircleHelper
                0x00000000080009ea      0x164 ./Core/Src/MY_ILI9341.o
 .text.ILI9341_fillCircle
                0x0000000008000b4e       0x60 ./Core/Src/MY_ILI9341.o
                0x0000000008000b4e                ILI9341_fillCircle
 .text.ILI9341_drawLine
                0x0000000008000bae      0x13c ./Core/Src/MY_ILI9341.o
                0x0000000008000bae                ILI9341_drawLine
 .text.ILI9341_drawFastVLine
                0x0000000008000cea       0x4a ./Core/Src/MY_ILI9341.o
                0x0000000008000cea                ILI9341_drawFastVLine
 .text.ILI9341_drawChar
                0x0000000008000d34      0x28c ./Core/Src/MY_ILI9341.o
                0x0000000008000d34                ILI9341_drawChar
 .text.ILI9341_printText
                0x0000000008000fc0       0x82 ./Core/Src/MY_ILI9341.o
                0x0000000008000fc0                ILI9341_printText
 .text.ILI9341_printImage
                0x0000000008001042       0x70 ./Core/Src/MY_ILI9341.o
                0x0000000008001042                ILI9341_printImage
 *fill*         0x00000000080010b2        0x2 
 .text.ILI9341_setRotation
                0x00000000080010b4       0x98 ./Core/Src/MY_ILI9341.o
                0x00000000080010b4                ILI9341_setRotation
 .text.fclamp   0x000000000800114c       0x52 ./Core/Src/lcd_touch.o
 *fill*         0x000000000800119e        0x2 
 .text.adc_norm_x
                0x00000000080011a0       0x30 ./Core/Src/lcd_touch.o
 .text.adc_norm_y
                0x00000000080011d0       0x30 ./Core/Src/lcd_touch.o
 .text.ADC_GetValue
                0x0000000008001200       0x48 ./Core/Src/lcd_touch.o
 .text.GPIO_SetPinMode
                0x0000000008001248       0x32 ./Core/Src/lcd_touch.o
 *fill*         0x000000000800127a        0x2 
 .text.ADC_GPIOA_init
                0x000000000800127c       0x30 ./Core/Src/lcd_touch.o
 .text.touchX   0x00000000080012ac       0x68 ./Core/Src/lcd_touch.o
 .text.touchY   0x0000000008001314       0x8c ./Core/Src/lcd_touch.o
 .text.LCD_Touch_Init
                0x00000000080013a0       0x44 ./Core/Src/lcd_touch.o
                0x00000000080013a0                LCD_Touch_Init
 .text.GPIO_DrawMode
                0x00000000080013e4       0x88 ./Core/Src/lcd_touch.o
 .text.GPIO_InterruptMode
                0x000000000800146c       0xb4 ./Core/Src/lcd_touch.o
 .text.LCD_SetMode
                0x0000000008001520       0x2e ./Core/Src/lcd_touch.o
                0x0000000008001520                LCD_SetMode
 *fill*         0x000000000800154e        0x2 
 .text.LCD_Touch_Read
                0x0000000008001550      0x100 ./Core/Src/lcd_touch.o
                0x0000000008001550                LCD_Touch_Read
 .text.LCD_Touch_OnDown
                0x0000000008001650       0x20 ./Core/Src/lcd_touch.o
                0x0000000008001650                LCD_Touch_OnDown
 .text.LCD_Touch_OnUp
                0x0000000008001670       0x2c ./Core/Src/lcd_touch.o
                0x0000000008001670                LCD_Touch_OnUp
 .text.LCD_Touch_GetState
                0x000000000800169c       0x18 ./Core/Src/lcd_touch.o
                0x000000000800169c                LCD_Touch_GetState
 .text.LCD_Touch_Belong_Interval
                0x00000000080016b4       0x64 ./Core/Src/lcd_touch.o
                0x00000000080016b4                LCD_Touch_Belong_Interval
 .text.LCD_Touch_Draw_LastPoint_Bottom
                0x0000000008001718       0xe4 ./Core/Src/lcd_touch.o
                0x0000000008001718                LCD_Touch_Draw_LastPoint_Bottom
 .text.DrawTouchPoint
                0x00000000080017fc       0x30 ./Core/Src/lcd_touch.o
                0x00000000080017fc                DrawTouchPoint
 .text.main     0x000000000800182c      0x91c ./Core/Src/main.o
                0x000000000800182c                main
 .text.SystemClock_Config
                0x0000000008002148       0xe4 ./Core/Src/main.o
                0x0000000008002148                SystemClock_Config
 .text.MX_ADC1_Init
                0x000000000800222c       0xa4 ./Core/Src/main.o
 .text.MX_ADC2_Init
                0x00000000080022d0       0xa4 ./Core/Src/main.o
 .text.MX_SPI1_Init
                0x0000000008002374       0x6c ./Core/Src/main.o
 .text.MX_SPI2_Init
                0x00000000080023e0       0x6c ./Core/Src/main.o
 .text.MX_GPIO_Init
                0x000000000800244c      0x114 ./Core/Src/main.o
 .text.Error_Handler
                0x0000000008002560        0xa ./Core/Src/main.o
                0x0000000008002560                Error_Handler
 *fill*         0x000000000800256a        0x2 
 .text.HAL_MspInit
                0x000000000800256c       0x50 ./Core/Src/stm32f4xx_hal_msp.o
                0x000000000800256c                HAL_MspInit
 .text.HAL_ADC_MspInit
                0x00000000080025bc       0xe8 ./Core/Src/stm32f4xx_hal_msp.o
                0x00000000080025bc                HAL_ADC_MspInit
 .text.HAL_SPI_MspInit
                0x00000000080026a4      0x198 ./Core/Src/stm32f4xx_hal_msp.o
                0x00000000080026a4                HAL_SPI_MspInit
 .text.NMI_Handler
                0x000000000800283c        0x6 ./Core/Src/stm32f4xx_it.o
                0x000000000800283c                NMI_Handler
 .text.HardFault_Handler
                0x0000000008002842        0x6 ./Core/Src/stm32f4xx_it.o
                0x0000000008002842                HardFault_Handler
 .text.MemManage_Handler
                0x0000000008002848        0x6 ./Core/Src/stm32f4xx_it.o
                0x0000000008002848                MemManage_Handler
 .text.BusFault_Handler
                0x000000000800284e        0x6 ./Core/Src/stm32f4xx_it.o
                0x000000000800284e                BusFault_Handler
 .text.UsageFault_Handler
                0x0000000008002854        0x6 ./Core/Src/stm32f4xx_it.o
                0x0000000008002854                UsageFault_Handler
 .text.SVC_Handler
                0x000000000800285a        0xe ./Core/Src/stm32f4xx_it.o
                0x000000000800285a                SVC_Handler
 .text.DebugMon_Handler
                0x0000000008002868        0xe ./Core/Src/stm32f4xx_it.o
                0x0000000008002868                DebugMon_Handler
 .text.PendSV_Handler
                0x0000000008002876        0xe ./Core/Src/stm32f4xx_it.o
                0x0000000008002876                PendSV_Handler
 .text.SysTick_Handler
                0x0000000008002884        0xc ./Core/Src/stm32f4xx_it.o
                0x0000000008002884                SysTick_Handler
 .text.EXTI4_IRQHandler
                0x0000000008002890       0x2c ./Core/Src/stm32f4xx_it.o
                0x0000000008002890                EXTI4_IRQHandler
 .text._sbrk    0x00000000080028bc       0x6c ./Core/Src/sysmem.o
                0x00000000080028bc                _sbrk
 .text.SystemInit
                0x0000000008002928       0x24 ./Core/Src/system_stm32f4xx.o
                0x0000000008002928                SystemInit
 .text.Reset_Handler
                0x000000000800294c       0x50 ./Core/Startup/startup_stm32f446retx.o
                0x000000000800294c                Reset_Handler
 .text.Default_Handler
                0x000000000800299c        0x2 ./Core/Startup/startup_stm32f446retx.o
                0x000000000800299c                DMA1_Stream3_IRQHandler
                0x000000000800299c                EXTI2_IRQHandler
                0x000000000800299c                TIM8_CC_IRQHandler
                0x000000000800299c                FMPI2C1_EV_IRQHandler
                0x000000000800299c                SPI4_IRQHandler
                0x000000000800299c                TIM1_CC_IRQHandler
                0x000000000800299c                DMA2_Stream5_IRQHandler
                0x000000000800299c                DMA1_Stream5_IRQHandler
                0x000000000800299c                PVD_IRQHandler
                0x000000000800299c                SDIO_IRQHandler
                0x000000000800299c                TAMP_STAMP_IRQHandler
                0x000000000800299c                CAN2_RX1_IRQHandler
                0x000000000800299c                EXTI3_IRQHandler
                0x000000000800299c                TIM8_TRG_COM_TIM14_IRQHandler
                0x000000000800299c                TIM1_UP_TIM10_IRQHandler
                0x000000000800299c                TIM8_UP_TIM13_IRQHandler
                0x000000000800299c                I2C3_ER_IRQHandler
                0x000000000800299c                EXTI0_IRQHandler
                0x000000000800299c                I2C2_EV_IRQHandler
                0x000000000800299c                DMA1_Stream2_IRQHandler
                0x000000000800299c                CAN1_RX0_IRQHandler
                0x000000000800299c                FPU_IRQHandler
                0x000000000800299c                OTG_HS_WKUP_IRQHandler
                0x000000000800299c                CAN2_SCE_IRQHandler
                0x000000000800299c                DMA2_Stream2_IRQHandler
                0x000000000800299c                SPI1_IRQHandler
                0x000000000800299c                TIM6_DAC_IRQHandler
                0x000000000800299c                TIM1_BRK_TIM9_IRQHandler
                0x000000000800299c                DCMI_IRQHandler
                0x000000000800299c                CAN2_RX0_IRQHandler
                0x000000000800299c                DMA2_Stream3_IRQHandler
                0x000000000800299c                SAI2_IRQHandler
                0x000000000800299c                USART6_IRQHandler
                0x000000000800299c                USART3_IRQHandler
                0x000000000800299c                CAN1_RX1_IRQHandler
                0x000000000800299c                UART5_IRQHandler
                0x000000000800299c                DMA2_Stream0_IRQHandler
                0x000000000800299c                TIM4_IRQHandler
                0x000000000800299c                QUADSPI_IRQHandler
                0x000000000800299c                I2C1_EV_IRQHandler
                0x000000000800299c                DMA1_Stream6_IRQHandler
                0x000000000800299c                DMA1_Stream1_IRQHandler
                0x000000000800299c                UART4_IRQHandler
                0x000000000800299c                TIM3_IRQHandler
                0x000000000800299c                RCC_IRQHandler
                0x000000000800299c                TIM8_BRK_TIM12_IRQHandler
                0x000000000800299c                Default_Handler
                0x000000000800299c                CEC_IRQHandler
                0x000000000800299c                EXTI15_10_IRQHandler
                0x000000000800299c                ADC_IRQHandler
                0x000000000800299c                DMA1_Stream7_IRQHandler
                0x000000000800299c                TIM7_IRQHandler
                0x000000000800299c                CAN2_TX_IRQHandler
                0x000000000800299c                TIM5_IRQHandler
                0x000000000800299c                DMA2_Stream7_IRQHandler
                0x000000000800299c                I2C3_EV_IRQHandler
                0x000000000800299c                EXTI9_5_IRQHandler
                0x000000000800299c                RTC_WKUP_IRQHandler
                0x000000000800299c                SPDIF_RX_IRQHandler
                0x000000000800299c                SPI2_IRQHandler
                0x000000000800299c                OTG_HS_EP1_IN_IRQHandler
                0x000000000800299c                DMA1_Stream0_IRQHandler
                0x000000000800299c                CAN1_TX_IRQHandler
                0x000000000800299c                FMPI2C1_ER_IRQHandler
                0x000000000800299c                OTG_HS_EP1_OUT_IRQHandler
                0x000000000800299c                WWDG_IRQHandler
                0x000000000800299c                TIM2_IRQHandler
                0x000000000800299c                OTG_FS_WKUP_IRQHandler
                0x000000000800299c                TIM1_TRG_COM_TIM11_IRQHandler
                0x000000000800299c                OTG_HS_IRQHandler
                0x000000000800299c                EXTI1_IRQHandler
                0x000000000800299c                USART2_IRQHandler
                0x000000000800299c                I2C2_ER_IRQHandler
                0x000000000800299c                DMA2_Stream1_IRQHandler
                0x000000000800299c                CAN1_SCE_IRQHandler
                0x000000000800299c                FLASH_IRQHandler
                0x000000000800299c                DMA2_Stream4_IRQHandler
                0x000000000800299c                USART1_IRQHandler
                0x000000000800299c                OTG_FS_IRQHandler
                0x000000000800299c                SPI3_IRQHandler
                0x000000000800299c                DMA1_Stream4_IRQHandler
                0x000000000800299c                I2C1_ER_IRQHandler
                0x000000000800299c                FMC_IRQHandler
                0x000000000800299c                DMA2_Stream6_IRQHandler
                0x000000000800299c                SAI1_IRQHandler
                0x000000000800299c                RTC_Alarm_IRQHandler
 *fill*         0x000000000800299e        0x2 
 .text.HAL_Init
                0x00000000080029a0       0x44 ./Drivers/STM32F4xx_HAL_Driver/Src/stm32f4xx_hal.o
                0x00000000080029a0                HAL_Init
 .text.HAL_InitTick
                0x00000000080029e4       0x60 ./Drivers/STM32F4xx_HAL_Driver/Src/stm32f4xx_hal.o
                0x00000000080029e4                HAL_InitTick
 .text.HAL_IncTick
                0x0000000008002a44       0x28 ./Drivers/STM32F4xx_HAL_Driver/Src/stm32f4xx_hal.o
                0x0000000008002a44                HAL_IncTick
 .text.HAL_GetTick
                0x0000000008002a6c       0x18 ./Drivers/STM32F4xx_HAL_Driver/Src/stm32f4xx_hal.o
                0x0000000008002a6c                HAL_GetTick
 .text.HAL_Delay
                0x0000000008002a84       0x48 ./Drivers/STM32F4xx_HAL_Driver/Src/stm32f4xx_hal.o
                0x0000000008002a84                HAL_Delay
 .text.HAL_ADC_Init
                0x0000000008002acc       0x86 ./Drivers/STM32F4xx_HAL_Driver/Src/stm32f4xx_hal_adc.o
                0x0000000008002acc                HAL_ADC_Init
 *fill*         0x0000000008002b52        0x2 
 .text.HAL_ADC_Start
                0x0000000008002b54      0x1a4 ./Drivers/STM32F4xx_HAL_Driver/Src/stm32f4xx_hal_adc.o
                0x0000000008002b54                HAL_ADC_Start
 .text.HAL_ADC_Stop
                0x0000000008002cf8       0x66 ./Drivers/STM32F4xx_HAL_Driver/Src/stm32f4xx_hal_adc.o
                0x0000000008002cf8                HAL_ADC_Stop
 .text.HAL_ADC_PollForConversion
                0x0000000008002d5e      0x116 ./Drivers/STM32F4xx_HAL_Driver/Src/stm32f4xx_hal_adc.o
                0x0000000008002d5e                HAL_ADC_PollForConversion
 .text.HAL_ADC_GetValue
                0x0000000008002e74       0x1a ./Drivers/STM32F4xx_HAL_Driver/Src/stm32f4xx_hal_adc.o
                0x0000000008002e74                HAL_ADC_GetValue
 *fill*         0x0000000008002e8e        0x2 
 .text.HAL_ADC_ConfigChannel
                0x0000000008002e90      0x264 ./Drivers/STM32F4xx_HAL_Driver/Src/stm32f4xx_hal_adc.o
                0x0000000008002e90                HAL_ADC_ConfigChannel
 .text.ADC_Init
                0x00000000080030f4      0x1f8 ./Drivers/STM32F4xx_HAL_Driver/Src/stm32f4xx_hal_adc.o
 .text.__NVIC_SetPriorityGrouping
                0x00000000080032ec       0x48 ./Drivers/STM32F4xx_HAL_Driver/Src/stm32f4xx_hal_cortex.o
 .text.__NVIC_GetPriorityGrouping
                0x0000000008003334       0x1c ./Drivers/STM32F4xx_HAL_Driver/Src/stm32f4xx_hal_cortex.o
 .text.__NVIC_EnableIRQ
                0x0000000008003350       0x3c ./Drivers/STM32F4xx_HAL_Driver/Src/stm32f4xx_hal_cortex.o
 .text.__NVIC_DisableIRQ
                0x000000000800338c       0x48 ./Drivers/STM32F4xx_HAL_Driver/Src/stm32f4xx_hal_cortex.o
 .text.__NVIC_ClearPendingIRQ
                0x00000000080033d4       0x3c ./Drivers/STM32F4xx_HAL_Driver/Src/stm32f4xx_hal_cortex.o
 .text.__NVIC_SetPriority
                0x0000000008003410       0x54 ./Drivers/STM32F4xx_HAL_Driver/Src/stm32f4xx_hal_cortex.o
 .text.NVIC_EncodePriority
                0x0000000008003464       0x66 ./Drivers/STM32F4xx_HAL_Driver/Src/stm32f4xx_hal_cortex.o
 *fill*         0x00000000080034ca        0x2 
 .text.SysTick_Config
                0x00000000080034cc       0x44 ./Drivers/STM32F4xx_HAL_Driver/Src/stm32f4xx_hal_cortex.o
 .text.HAL_NVIC_SetPriorityGrouping
                0x0000000008003510       0x16 ./Drivers/STM32F4xx_HAL_Driver/Src/stm32f4xx_hal_cortex.o
                0x0000000008003510                HAL_NVIC_SetPriorityGrouping
 .text.HAL_NVIC_SetPriority
                0x0000000008003526       0x38 ./Drivers/STM32F4xx_HAL_Driver/Src/stm32f4xx_hal_cortex.o
                0x0000000008003526                HAL_NVIC_SetPriority
 .text.HAL_NVIC_EnableIRQ
                0x000000000800355e       0x1c ./Drivers/STM32F4xx_HAL_Driver/Src/stm32f4xx_hal_cortex.o
                0x000000000800355e                HAL_NVIC_EnableIRQ
 .text.HAL_NVIC_DisableIRQ
                0x000000000800357a       0x1c ./Drivers/STM32F4xx_HAL_Driver/Src/stm32f4xx_hal_cortex.o
                0x000000000800357a                HAL_NVIC_DisableIRQ
 .text.HAL_SYSTICK_Config
                0x0000000008003596       0x18 ./Drivers/STM32F4xx_HAL_Driver/Src/stm32f4xx_hal_cortex.o
                0x0000000008003596                HAL_SYSTICK_Config
 .text.HAL_NVIC_ClearPendingIRQ
                0x00000000080035ae       0x1c ./Drivers/STM32F4xx_HAL_Driver/Src/stm32f4xx_hal_cortex.o
                0x00000000080035ae                HAL_NVIC_ClearPendingIRQ
 *fill*         0x00000000080035ca        0x2 
 .text.HAL_GPIO_Init
                0x00000000080035cc      0x328 ./Drivers/STM32F4xx_HAL_Driver/Src/stm32f4xx_hal_gpio.o
                0x00000000080035cc                HAL_GPIO_Init
 .text.HAL_GPIO_ReadPin
                0x00000000080038f4       0x30 ./Drivers/STM32F4xx_HAL_Driver/Src/stm32f4xx_hal_gpio.o
                0x00000000080038f4                HAL_GPIO_ReadPin
 .text.HAL_GPIO_WritePin
                0x0000000008003924       0x32 ./Drivers/STM32F4xx_HAL_Driver/Src/stm32f4xx_hal_gpio.o
                0x0000000008003924                HAL_GPIO_WritePin
 *fill*         0x0000000008003956        0x2 
 .text.HAL_GPIO_EXTI_IRQHandler
                0x0000000008003958       0x30 ./Drivers/STM32F4xx_HAL_Driver/Src/stm32f4xx_hal_gpio.o
                0x0000000008003958                HAL_GPIO_EXTI_IRQHandler
 .text.HAL_GPIO_EXTI_Callback
                0x0000000008003988       0x16 ./Drivers/STM32F4xx_HAL_Driver/Src/stm32f4xx_hal_gpio.o
                0x0000000008003988                HAL_GPIO_EXTI_Callback
 *fill*         0x000000000800399e        0x2 
 .text.HAL_PWREx_EnableOverDrive
                0x00000000080039a0       0xa0 ./Drivers/STM32F4xx_HAL_Driver/Src/stm32f4xx_hal_pwr_ex.o
                0x00000000080039a0                HAL_PWREx_EnableOverDrive
 .text.HAL_RCC_ClockConfig
                0x0000000008003a40      0x1cc ./Drivers/STM32F4xx_HAL_Driver/Src/stm32f4xx_hal_rcc.o
                0x0000000008003a40                HAL_RCC_ClockConfig
 .text.HAL_RCC_GetSysClockFreq
                0x0000000008003c0c      0x460 ./Drivers/STM32F4xx_HAL_Driver/Src/stm32f4xx_hal_rcc_ex.o
                0x0000000008003c0c                HAL_RCC_GetSysClockFreq
 .text.HAL_RCC_OscConfig
                0x000000000800406c      0x53c ./Drivers/STM32F4xx_HAL_Driver/Src/stm32f4xx_hal_rcc_ex.o
                0x000000000800406c                HAL_RCC_OscConfig
 .text.HAL_SPI_Init
                0x00000000080045a8      0x112 ./Drivers/STM32F4xx_HAL_Driver/Src/stm32f4xx_hal_spi.o
                0x00000000080045a8                HAL_SPI_Init
 .text.HAL_SPI_Transmit
                0x00000000080046ba      0x278 ./Drivers/STM32F4xx_HAL_Driver/Src/stm32f4xx_hal_spi.o
                0x00000000080046ba                HAL_SPI_Transmit
 *fill*         0x0000000008004932        0x2 
 .text.SPI_WaitFlagStateUntilTimeout
                0x0000000008004934      0x110 ./Drivers/STM32F4xx_HAL_Driver/Src/stm32f4xx_hal_spi.o
 .text.SPI_EndRxTxTransaction
                0x0000000008004a44       0x84 ./Drivers/STM32F4xx_HAL_Driver/Src/stm32f4xx_hal_spi.o
 .text.__errno  0x0000000008004ac8        0xc /Applications/STM32CubeIDE.app/Contents/Eclipse/plugins/com.st.stm32cube.ide.mcu.externaltools.gnu-tools-for-stm32.10.3-2021.10.macos64_1.0.100.202210260954/tools/bin/../lib/gcc/arm-none-eabi/10.3.1/../../../../arm-none-eabi/lib/thumb/v7e-m+fp/hard/libc_nano.a(lib_a-errno.o)
                0x0000000008004ac8                __errno
 .text.__libc_init_array
                0x0000000008004ad4       0x48 /Applications/STM32CubeIDE.app/Contents/Eclipse/plugins/com.st.stm32cube.ide.mcu.externaltools.gnu-tools-for-stm32.10.3-2021.10.macos64_1.0.100.202210260954/tools/bin/../lib/gcc/arm-none-eabi/10.3.1/../../../../arm-none-eabi/lib/thumb/v7e-m+fp/hard/libc_nano.a(lib_a-init.o)
                0x0000000008004ad4                __libc_init_array
 .text.memcpy   0x0000000008004b1c       0x1c /Applications/STM32CubeIDE.app/Contents/Eclipse/plugins/com.st.stm32cube.ide.mcu.externaltools.gnu-tools-for-stm32.10.3-2021.10.macos64_1.0.100.202210260954/tools/bin/../lib/gcc/arm-none-eabi/10.3.1/../../../../arm-none-eabi/lib/thumb/v7e-m+fp/hard/libc_nano.a(lib_a-memcpy-stub.o)
                0x0000000008004b1c                memcpy
 .text.memset   0x0000000008004b38       0x10 /Applications/STM32CubeIDE.app/Contents/Eclipse/plugins/com.st.stm32cube.ide.mcu.externaltools.gnu-tools-for-stm32.10.3-2021.10.macos64_1.0.100.202210260954/tools/bin/../lib/gcc/arm-none-eabi/10.3.1/../../../../arm-none-eabi/lib/thumb/v7e-m+fp/hard/libc_nano.a(lib_a-memset.o)
                0x0000000008004b38                memset
 .text.sprintf  0x0000000008004b48       0x40 /Applications/STM32CubeIDE.app/Contents/Eclipse/plugins/com.st.stm32cube.ide.mcu.externaltools.gnu-tools-for-stm32.10.3-2021.10.macos64_1.0.100.202210260954/tools/bin/../lib/gcc/arm-none-eabi/10.3.1/../../../../arm-none-eabi/lib/thumb/v7e-m+fp/hard/libc_nano.a(lib_a-sprintf.o)
                0x0000000008004b48                sprintf
                0x0000000008004b48                siprintf
 .text.strncat  0x0000000008004b88       0x26 /Applications/STM32CubeIDE.app/Contents/Eclipse/plugins/com.st.stm32cube.ide.mcu.externaltools.gnu-tools-for-stm32.10.3-2021.10.macos64_1.0.100.202210260954/tools/bin/../lib/gcc/arm-none-eabi/10.3.1/../../../../arm-none-eabi/lib/thumb/v7e-m+fp/hard/libc_nano.a(lib_a-strncat.o)
                0x0000000008004b88                strncat
 .text.__ssputs_r
                0x0000000008004bae       0xb6 /Applications/STM32CubeIDE.app/Contents/Eclipse/plugins/com.st.stm32cube.ide.mcu.externaltools.gnu-tools-for-stm32.10.3-2021.10.macos64_1.0.100.202210260954/tools/bin/../lib/gcc/arm-none-eabi/10.3.1/../../../../arm-none-eabi/lib/thumb/v7e-m+fp/hard/libc_nano.a(lib_a-nano-svfprintf.o)
                0x0000000008004bae                __ssputs_r
 .text._svfprintf_r
                0x0000000008004c64      0x200 /Applications/STM32CubeIDE.app/Contents/Eclipse/plugins/com.st.stm32cube.ide.mcu.externaltools.gnu-tools-for-stm32.10.3-2021.10.macos64_1.0.100.202210260954/tools/bin/../lib/gcc/arm-none-eabi/10.3.1/../../../../arm-none-eabi/lib/thumb/v7e-m+fp/hard/libc_nano.a(lib_a-nano-svfprintf.o)
                0x0000000008004c64                _svfprintf_r
                0x0000000008004c64                _svfiprintf_r
 .text._printf_common
                0x0000000008004e64       0xda /Applications/STM32CubeIDE.app/Contents/Eclipse/plugins/com.st.stm32cube.ide.mcu.externaltools.gnu-tools-for-stm32.10.3-2021.10.macos64_1.0.100.202210260954/tools/bin/../lib/gcc/arm-none-eabi/10.3.1/../../../../arm-none-eabi/lib/thumb/v7e-m+fp/hard/libc_nano.a(lib_a-nano-vfprintf_i.o)
                0x0000000008004e64                _printf_common
 *fill*         0x0000000008004f3e        0x2 
 .text._printf_i
                0x0000000008004f40      0x24c /Applications/STM32CubeIDE.app/Contents/Eclipse/plugins/com.st.stm32cube.ide.mcu.externaltools.gnu-tools-for-stm32.10.3-2021.10.macos64_1.0.100.202210260954/tools/bin/../lib/gcc/arm-none-eabi/10.3.1/../../../../arm-none-eabi/lib/thumb/v7e-m+fp/hard/libc_nano.a(lib_a-nano-vfprintf_i.o)
                0x0000000008004f40                _printf_i
 .text.memmove  0x000000000800518c       0x34 /Applications/STM32CubeIDE.app/Contents/Eclipse/plugins/com.st.stm32cube.ide.mcu.externaltools.gnu-tools-for-stm32.10.3-2021.10.macos64_1.0.100.202210260954/tools/bin/../lib/gcc/arm-none-eabi/10.3.1/../../../../arm-none-eabi/lib/thumb/v7e-m+fp/hard/libc_nano.a(lib_a-memmove.o)
                0x000000000800518c                memmove
 .text._free_r  0x00000000080051c0       0x98 /Applications/STM32CubeIDE.app/Contents/Eclipse/plugins/com.st.stm32cube.ide.mcu.externaltools.gnu-tools-for-stm32.10.3-2021.10.macos64_1.0.100.202210260954/tools/bin/../lib/gcc/arm-none-eabi/10.3.1/../../../../arm-none-eabi/lib/thumb/v7e-m+fp/hard/libc_nano.a(lib_a-nano-freer.o)
                0x00000000080051c0                _free_r
 .text.sbrk_aligned
                0x0000000008005258       0x40 /Applications/STM32CubeIDE.app/Contents/Eclipse/plugins/com.st.stm32cube.ide.mcu.externaltools.gnu-tools-for-stm32.10.3-2021.10.macos64_1.0.100.202210260954/tools/bin/../lib/gcc/arm-none-eabi/10.3.1/../../../../arm-none-eabi/lib/thumb/v7e-m+fp/hard/libc_nano.a(lib_a-nano-mallocr.o)
 .text._malloc_r
                0x0000000008005298       0xe8 /Applications/STM32CubeIDE.app/Contents/Eclipse/plugins/com.st.stm32cube.ide.mcu.externaltools.gnu-tools-for-stm32.10.3-2021.10.macos64_1.0.100.202210260954/tools/bin/../lib/gcc/arm-none-eabi/10.3.1/../../../../arm-none-eabi/lib/thumb/v7e-m+fp/hard/libc_nano.a(lib_a-nano-mallocr.o)
                0x0000000008005298                _malloc_r
 .text._realloc_r
                0x0000000008005380       0x5e /Applications/STM32CubeIDE.app/Contents/Eclipse/plugins/com.st.stm32cube.ide.mcu.externaltools.gnu-tools-for-stm32.10.3-2021.10.macos64_1.0.100.202210260954/tools/bin/../lib/gcc/arm-none-eabi/10.3.1/../../../../arm-none-eabi/lib/thumb/v7e-m+fp/hard/libc_nano.a(lib_a-nano-reallocr.o)
                0x0000000008005380                _realloc_r
 *fill*         0x00000000080053de        0x2 
 .text._sbrk_r  0x00000000080053e0       0x20 /Applications/STM32CubeIDE.app/Contents/Eclipse/plugins/com.st.stm32cube.ide.mcu.externaltools.gnu-tools-for-stm32.10.3-2021.10.macos64_1.0.100.202210260954/tools/bin/../lib/gcc/arm-none-eabi/10.3.1/../../../../arm-none-eabi/lib/thumb/v7e-m+fp/hard/libc_nano.a(lib_a-sbrkr.o)
                0x00000000080053e0                _sbrk_r
 .text.__malloc_lock
                0x0000000008005400        0xc /Applications/STM32CubeIDE.app/Contents/Eclipse/plugins/com.st.stm32cube.ide.mcu.externaltools.gnu-tools-for-stm32.10.3-2021.10.macos64_1.0.100.202210260954/tools/bin/../lib/gcc/arm-none-eabi/10.3.1/../../../../arm-none-eabi/lib/thumb/v7e-m+fp/hard/libc_nano.a(lib_a-mlock.o)
                0x0000000008005400                __malloc_lock
 .text.__malloc_unlock
                0x000000000800540c        0xc /Applications/STM32CubeIDE.app/Contents/Eclipse/plugins/com.st.stm32cube.ide.mcu.externaltools.gnu-tools-for-stm32.10.3-2021.10.macos64_1.0.100.202210260954/tools/bin/../lib/gcc/arm-none-eabi/10.3.1/../../../../arm-none-eabi/lib/thumb/v7e-m+fp/hard/libc_nano.a(lib_a-mlock.o)
                0x000000000800540c                __malloc_unlock
 .text._malloc_usable_size_r
                0x0000000008005418       0x10 /Applications/STM32CubeIDE.app/Contents/Eclipse/plugins/com.st.stm32cube.ide.mcu.externaltools.gnu-tools-for-stm32.10.3-2021.10.macos64_1.0.100.202210260954/tools/bin/../lib/gcc/arm-none-eabi/10.3.1/../../../../arm-none-eabi/lib/thumb/v7e-m+fp/hard/libc_nano.a(lib_a-nano-msizer.o)
                0x0000000008005418                _malloc_usable_size_r
 .text.__retarget_lock_acquire_recursive
                0x0000000008005428        0x2 /Applications/STM32CubeIDE.app/Contents/Eclipse/plugins/com.st.stm32cube.ide.mcu.externaltools.gnu-tools-for-stm32.10.3-2021.10.macos64_1.0.100.202210260954/tools/bin/../lib/gcc/arm-none-eabi/10.3.1/../../../../arm-none-eabi/lib/thumb/v7e-m+fp/hard/libc_nano.a(lib_a-lock.o)
                0x0000000008005428                __retarget_lock_acquire_recursive
 .text.__retarget_lock_release_recursive
                0x000000000800542a        0x2 /Applications/STM32CubeIDE.app/Contents/Eclipse/plugins/com.st.stm32cube.ide.mcu.externaltools.gnu-tools-for-stm32.10.3-2021.10.macos64_1.0.100.202210260954/tools/bin/../lib/gcc/arm-none-eabi/10.3.1/../../../../arm-none-eabi/lib/thumb/v7e-m+fp/hard/libc_nano.a(lib_a-lock.o)
                0x000000000800542a                __retarget_lock_release_recursive
 *(.glue_7)
 .glue_7        0x000000000800542c        0x0 linker stubs
 *(.glue_7t)
 .glue_7t       0x000000000800542c        0x0 linker stubs
 *(.eh_frame)
 .eh_frame      0x000000000800542c        0x0 /Applications/STM32CubeIDE.app/Contents/Eclipse/plugins/com.st.stm32cube.ide.mcu.externaltools.gnu-tools-for-stm32.10.3-2021.10.macos64_1.0.100.202210260954/tools/bin/../lib/gcc/arm-none-eabi/10.3.1/thumb/v7e-m+fp/hard/crtbegin.o
 *(.init)
 .init          0x000000000800542c        0x4 /Applications/STM32CubeIDE.app/Contents/Eclipse/plugins/com.st.stm32cube.ide.mcu.externaltools.gnu-tools-for-stm32.10.3-2021.10.macos64_1.0.100.202210260954/tools/bin/../lib/gcc/arm-none-eabi/10.3.1/thumb/v7e-m+fp/hard/crti.o
                0x000000000800542c                _init
 .init          0x0000000008005430        0x8 /Applications/STM32CubeIDE.app/Contents/Eclipse/plugins/com.st.stm32cube.ide.mcu.externaltools.gnu-tools-for-stm32.10.3-2021.10.macos64_1.0.100.202210260954/tools/bin/../lib/gcc/arm-none-eabi/10.3.1/thumb/v7e-m+fp/hard/crtn.o
 *(.fini)
 .fini          0x0000000008005438        0x4 /Applications/STM32CubeIDE.app/Contents/Eclipse/plugins/com.st.stm32cube.ide.mcu.externaltools.gnu-tools-for-stm32.10.3-2021.10.macos64_1.0.100.202210260954/tools/bin/../lib/gcc/arm-none-eabi/10.3.1/thumb/v7e-m+fp/hard/crti.o
                0x0000000008005438                _fini
 .fini          0x000000000800543c        0x8 /Applications/STM32CubeIDE.app/Contents/Eclipse/plugins/com.st.stm32cube.ide.mcu.externaltools.gnu-tools-for-stm32.10.3-2021.10.macos64_1.0.100.202210260954/tools/bin/../lib/gcc/arm-none-eabi/10.3.1/thumb/v7e-m+fp/hard/crtn.o
                0x0000000008005444                . = ALIGN (0x4)
                0x0000000008005444                _etext = .

.vfp11_veneer   0x0000000008005444        0x0
 .vfp11_veneer  0x0000000008005444        0x0 linker stubs

.v4_bx          0x0000000008005444        0x0
 .v4_bx         0x0000000008005444        0x0 linker stubs

.iplt           0x0000000008005444        0x0
 .iplt          0x0000000008005444        0x0 /Applications/STM32CubeIDE.app/Contents/Eclipse/plugins/com.st.stm32cube.ide.mcu.externaltools.gnu-tools-for-stm32.10.3-2021.10.macos64_1.0.100.202210260954/tools/bin/../lib/gcc/arm-none-eabi/10.3.1/thumb/v7e-m+fp/hard/crtbegin.o

.rodata         0x0000000008005444      0x5f4
                0x0000000008005444                . = ALIGN (0x4)
 *(.rodata)
 .rodata        0x0000000008005444       0x3a ./Core/Src/lcd_touch.o
 *fill*         0x000000000800547e        0x2 
 .rodata        0x0000000008005480       0x73 ./Core/Src/main.o
 *(.rodata*)
 *fill*         0x00000000080054f3        0x1 
 .rodata.font1  0x00000000080054f4      0x500 ./Core/Src/MY_ILI9341.o
 .rodata.AHBPrescTable
                0x00000000080059f4       0x10 ./Core/Src/system_stm32f4xx.o
                0x00000000080059f4                AHBPrescTable
 .rodata._svfprintf_r.str1.1
                0x0000000008005a04       0x11 /Applications/STM32CubeIDE.app/Contents/Eclipse/plugins/com.st.stm32cube.ide.mcu.externaltools.gnu-tools-for-stm32.10.3-2021.10.macos64_1.0.100.202210260954/tools/bin/../lib/gcc/arm-none-eabi/10.3.1/../../../../arm-none-eabi/lib/thumb/v7e-m+fp/hard/libc_nano.a(lib_a-nano-svfprintf.o)
 .rodata._printf_i.str1.1
                0x0000000008005a15       0x22 /Applications/STM32CubeIDE.app/Contents/Eclipse/plugins/com.st.stm32cube.ide.mcu.externaltools.gnu-tools-for-stm32.10.3-2021.10.macos64_1.0.100.202210260954/tools/bin/../lib/gcc/arm-none-eabi/10.3.1/../../../../arm-none-eabi/lib/thumb/v7e-m+fp/hard/libc_nano.a(lib_a-nano-vfprintf_i.o)
                0x0000000008005a38                . = ALIGN (0x4)
 *fill*         0x0000000008005a37        0x1 

.ARM.extab      0x0000000008005a38        0x0
                0x0000000008005a38                . = ALIGN (0x4)
 *(.ARM.extab* .gnu.linkonce.armextab.*)
                0x0000000008005a38                . = ALIGN (0x4)

.ARM            0x0000000008005a38        0x8
                0x0000000008005a38                . = ALIGN (0x4)
                0x0000000008005a38                __exidx_start = .
 *(.ARM.exidx*)
 .ARM.exidx     0x0000000008005a38        0x8 /Applications/STM32CubeIDE.app/Contents/Eclipse/plugins/com.st.stm32cube.ide.mcu.externaltools.gnu-tools-for-stm32.10.3-2021.10.macos64_1.0.100.202210260954/tools/bin/../lib/gcc/arm-none-eabi/10.3.1/thumb/v7e-m+fp/hard/libgcc.a(_udivmoddi4.o)
                0x0000000008005a40                __exidx_end = .
                0x0000000008005a40                . = ALIGN (0x4)

.rel.dyn        0x0000000008005a40        0x0
 .rel.iplt      0x0000000008005a40        0x0 /Applications/STM32CubeIDE.app/Contents/Eclipse/plugins/com.st.stm32cube.ide.mcu.externaltools.gnu-tools-for-stm32.10.3-2021.10.macos64_1.0.100.202210260954/tools/bin/../lib/gcc/arm-none-eabi/10.3.1/thumb/v7e-m+fp/hard/crtbegin.o

.preinit_array  0x0000000008005a40        0x0
                0x0000000008005a40                . = ALIGN (0x4)
                0x0000000008005a40                PROVIDE (__preinit_array_start = .)
 *(.preinit_array*)
                0x0000000008005a40                PROVIDE (__preinit_array_end = .)
                0x0000000008005a40                . = ALIGN (0x4)

.init_array     0x0000000008005a40        0x4
                0x0000000008005a40                . = ALIGN (0x4)
                0x0000000008005a40                PROVIDE (__init_array_start = .)
 *(SORT_BY_NAME(.init_array.*))
 *(.init_array*)
 .init_array    0x0000000008005a40        0x4 /Applications/STM32CubeIDE.app/Contents/Eclipse/plugins/com.st.stm32cube.ide.mcu.externaltools.gnu-tools-for-stm32.10.3-2021.10.macos64_1.0.100.202210260954/tools/bin/../lib/gcc/arm-none-eabi/10.3.1/thumb/v7e-m+fp/hard/crtbegin.o
                0x0000000008005a44                PROVIDE (__init_array_end = .)
                0x0000000008005a44                . = ALIGN (0x4)

.fini_array     0x0000000008005a44        0x4
                0x0000000008005a44                . = ALIGN (0x4)
                [!provide]                        PROVIDE (__fini_array_start = .)
 *(SORT_BY_NAME(.fini_array.*))
 *(.fini_array*)
 .fini_array    0x0000000008005a44        0x4 /Applications/STM32CubeIDE.app/Contents/Eclipse/plugins/com.st.stm32cube.ide.mcu.externaltools.gnu-tools-for-stm32.10.3-2021.10.macos64_1.0.100.202210260954/tools/bin/../lib/gcc/arm-none-eabi/10.3.1/thumb/v7e-m+fp/hard/crtbegin.o
                [!provide]                        PROVIDE (__fini_array_end = .)
                0x0000000008005a48                . = ALIGN (0x4)
                0x0000000008005a48                _sidata = LOADADDR (.data)

.data           0x0000000020000000    0x18714 load address 0x0000000008005a48
                0x0000000020000000                . = ALIGN (0x4)
                0x0000000020000000                _sdata = .
 *(.data)
 *(.data*)
 .data.rotationNum
                0x0000000020000000        0x1 ./Core/Src/MY_ILI9341.o
 *fill*         0x0000000020000001        0x3 
 .data.Banane1  0x0000000020000004     0x2710 ./Core/Src/main.o
                0x0000000020000004                Banane1
 .data.Banane2  0x0000000020002714     0x2710 ./Core/Src/main.o
                0x0000000020002714                Banane2
 .data.Banane3  0x0000000020004e24     0x2710 ./Core/Src/main.o
                0x0000000020004e24                Banane3
 .data.Banane4  0x0000000020007534     0x2710 ./Core/Src/main.o
                0x0000000020007534                Banane4
 .data.Banane5  0x0000000020009c44     0x2710 ./Core/Src/main.o
                0x0000000020009c44                Banane5
 .data.Banane6  0x000000002000c354     0x2710 ./Core/Src/main.o
                0x000000002000c354                Banane6
 .data.Banane7  0x000000002000ea64     0x2710 ./Core/Src/main.o
                0x000000002000ea64                Banane7
 .data.Banane8  0x0000000020011174     0x2710 ./Core/Src/main.o
                0x0000000020011174                Banane8
 .data.VB2      0x0000000020013884     0x4e20 ./Core/Src/main.o
                0x0000000020013884                VB2
 .data.SystemCoreClock
                0x00000000200186a4        0x4 ./Core/Src/system_stm32f4xx.o
                0x00000000200186a4                SystemCoreClock
 .data.uwTickPrio
                0x00000000200186a8        0x4 ./Drivers/STM32F4xx_HAL_Driver/Src/stm32f4xx_hal.o
                0x00000000200186a8                uwTickPrio
 .data.uwTickFreq
                0x00000000200186ac        0x1 ./Drivers/STM32F4xx_HAL_Driver/Src/stm32f4xx_hal.o
                0x00000000200186ac                uwTickFreq
 *fill*         0x00000000200186ad        0x3 
 .data._impure_ptr
                0x00000000200186b0        0x4 /Applications/STM32CubeIDE.app/Contents/Eclipse/plugins/com.st.stm32cube.ide.mcu.externaltools.gnu-tools-for-stm32.10.3-2021.10.macos64_1.0.100.202210260954/tools/bin/../lib/gcc/arm-none-eabi/10.3.1/../../../../arm-none-eabi/lib/thumb/v7e-m+fp/hard/libc_nano.a(lib_a-impure.o)
                0x00000000200186b0                _impure_ptr
 .data.impure_data
                0x00000000200186b4       0x60 /Applications/STM32CubeIDE.app/Contents/Eclipse/plugins/com.st.stm32cube.ide.mcu.externaltools.gnu-tools-for-stm32.10.3-2021.10.macos64_1.0.100.202210260954/tools/bin/../lib/gcc/arm-none-eabi/10.3.1/../../../../arm-none-eabi/lib/thumb/v7e-m+fp/hard/libc_nano.a(lib_a-impure.o)
 *(.RamFunc)
 *(.RamFunc*)
                0x0000000020018714                . = ALIGN (0x4)
                0x0000000020018714                _edata = .

.igot.plt       0x0000000020018714        0x0 load address 0x000000000801e15c
 .igot.plt      0x0000000020018714        0x0 /Applications/STM32CubeIDE.app/Contents/Eclipse/plugins/com.st.stm32cube.ide.mcu.externaltools.gnu-tools-for-stm32.10.3-2021.10.macos64_1.0.100.202210260954/tools/bin/../lib/gcc/arm-none-eabi/10.3.1/thumb/v7e-m+fp/hard/crtbegin.o
                0x0000000020018714                . = ALIGN (0x4)

.bss            0x0000000020018714      0x200 load address 0x000000000801e15c
                0x0000000020018714                _sbss = .
                0x0000000020018714                __bss_start__ = _sbss
 *(.bss)
 .bss           0x0000000020018714       0x1c /Applications/STM32CubeIDE.app/Contents/Eclipse/plugins/com.st.stm32cube.ide.mcu.externaltools.gnu-tools-for-stm32.10.3-2021.10.macos64_1.0.100.202210260954/tools/bin/../lib/gcc/arm-none-eabi/10.3.1/thumb/v7e-m+fp/hard/crtbegin.o
 *(.bss*)
 .bss._cp437    0x0000000020018730        0x1 ./Core/Src/MY_ILI9341.o
 *fill*         0x0000000020018731        0x3 
 .bss.lcdSPIhandle
                0x0000000020018734       0x58 ./Core/Src/MY_ILI9341.o
 .bss.tftCS_GPIO
                0x000000002001878c        0x4 ./Core/Src/MY_ILI9341.o
 .bss.tftCS_PIN
                0x0000000020018790        0x2 ./Core/Src/MY_ILI9341.o
 *fill*         0x0000000020018792        0x2 
 .bss.tftDC_GPIO
                0x0000000020018794        0x4 ./Core/Src/MY_ILI9341.o
 .bss.tftDC_PIN
                0x0000000020018798        0x2 ./Core/Src/MY_ILI9341.o
 *fill*         0x000000002001879a        0x2 
 .bss.tftRESET_GPIO
                0x000000002001879c        0x4 ./Core/Src/MY_ILI9341.o
 .bss.tftRESET_PIN
                0x00000000200187a0        0x2 ./Core/Src/MY_ILI9341.o
 *fill*         0x00000000200187a2        0x2 
 .bss.hadcX     0x00000000200187a4        0x4 ./Core/Src/lcd_touch.o
 .bss.hadcY     0x00000000200187a8        0x4 ./Core/Src/lcd_touch.o
 .bss.ADC_ChannelX
                0x00000000200187ac        0x4 ./Core/Src/lcd_touch.o
 .bss.ADC_ChannelY
                0x00000000200187b0        0x4 ./Core/Src/lcd_touch.o
 .bss.m_touch_state
                0x00000000200187b4        0x1 ./Core/Src/lcd_touch.o
 *fill*         0x00000000200187b5        0x3 
 .bss.m_last_point_ref
                0x00000000200187b8        0x4 ./Core/Src/lcd_touch.o
 .bss.hadc1     0x00000000200187bc       0x48 ./Core/Src/main.o
                0x00000000200187bc                hadc1
 .bss.hadc2     0x0000000020018804       0x48 ./Core/Src/main.o
                0x0000000020018804                hadc2
 .bss.hspi1     0x000000002001884c       0x58 ./Core/Src/main.o
                0x000000002001884c                hspi1
 .bss.hspi2     0x00000000200188a4       0x58 ./Core/Src/main.o
                0x00000000200188a4                hspi2
 .bss.__sbrk_heap_end
                0x00000000200188fc        0x4 ./Core/Src/sysmem.o
 .bss.uwTick    0x0000000020018900        0x4 ./Drivers/STM32F4xx_HAL_Driver/Src/stm32f4xx_hal.o
                0x0000000020018900                uwTick
 .bss.__malloc_free_list
                0x0000000020018904        0x4 /Applications/STM32CubeIDE.app/Contents/Eclipse/plugins/com.st.stm32cube.ide.mcu.externaltools.gnu-tools-for-stm32.10.3-2021.10.macos64_1.0.100.202210260954/tools/bin/../lib/gcc/arm-none-eabi/10.3.1/../../../../arm-none-eabi/lib/thumb/v7e-m+fp/hard/libc_nano.a(lib_a-nano-mallocr.o)
                0x0000000020018904                __malloc_free_list
 .bss.__malloc_sbrk_start
                0x0000000020018908        0x4 /Applications/STM32CubeIDE.app/Contents/Eclipse/plugins/com.st.stm32cube.ide.mcu.externaltools.gnu-tools-for-stm32.10.3-2021.10.macos64_1.0.100.202210260954/tools/bin/../lib/gcc/arm-none-eabi/10.3.1/../../../../arm-none-eabi/lib/thumb/v7e-m+fp/hard/libc_nano.a(lib_a-nano-mallocr.o)
                0x0000000020018908                __malloc_sbrk_start
 .bss.errno     0x000000002001890c        0x4 /Applications/STM32CubeIDE.app/Contents/Eclipse/plugins/com.st.stm32cube.ide.mcu.externaltools.gnu-tools-for-stm32.10.3-2021.10.macos64_1.0.100.202210260954/tools/bin/../lib/gcc/arm-none-eabi/10.3.1/../../../../arm-none-eabi/lib/thumb/v7e-m+fp/hard/libc_nano.a(lib_a-reent.o)
                0x000000002001890c                errno
 .bss.__lock___malloc_recursive_mutex
                0x0000000020018910        0x1 /Applications/STM32CubeIDE.app/Contents/Eclipse/plugins/com.st.stm32cube.ide.mcu.externaltools.gnu-tools-for-stm32.10.3-2021.10.macos64_1.0.100.202210260954/tools/bin/../lib/gcc/arm-none-eabi/10.3.1/../../../../arm-none-eabi/lib/thumb/v7e-m+fp/hard/libc_nano.a(lib_a-lock.o)
                0x0000000020018910                __lock___malloc_recursive_mutex
 *(COMMON)
                0x0000000020018914                . = ALIGN (0x4)
 *fill*         0x0000000020018911        0x3 
                0x0000000020018914                _ebss = .
                0x0000000020018914                __bss_end__ = _ebss

._user_heap_stack
                0x0000000020018914      0x604 load address 0x000000000801e15c
                0x0000000020018918                . = ALIGN (0x8)
 *fill*         0x0000000020018914        0x4 
                [!provide]                        PROVIDE (end = .)
                0x0000000020018918                PROVIDE (_end = .)
                0x0000000020018b18                . = (. + _Min_Heap_Size)
 *fill*         0x0000000020018918      0x200 
                0x0000000020018f18                . = (. + _Min_Stack_Size)
 *fill*         0x0000000020018b18      0x400 
                0x0000000020018f18                . = ALIGN (0x8)

/DISCARD/
 libc.a(*)
 libm.a(*)
 libgcc.a(*)

.ARM.attributes
                0x0000000000000000       0x30
 *(.ARM.attributes)
 .ARM.attributes
                0x0000000000000000       0x1e /Applications/STM32CubeIDE.app/Contents/Eclipse/plugins/com.st.stm32cube.ide.mcu.externaltools.gnu-tools-for-stm32.10.3-2021.10.macos64_1.0.100.202210260954/tools/bin/../lib/gcc/arm-none-eabi/10.3.1/thumb/v7e-m+fp/hard/crti.o
 .ARM.attributes
                0x000000000000001e       0x34 /Applications/STM32CubeIDE.app/Contents/Eclipse/plugins/com.st.stm32cube.ide.mcu.externaltools.gnu-tools-for-stm32.10.3-2021.10.macos64_1.0.100.202210260954/tools/bin/../lib/gcc/arm-none-eabi/10.3.1/thumb/v7e-m+fp/hard/crtbegin.o
 .ARM.attributes
                0x0000000000000052       0x34 ./Core/Src/MY_ILI9341.o
 .ARM.attributes
                0x0000000000000086       0x34 ./Core/Src/lcd_touch.o
 .ARM.attributes
                0x00000000000000ba       0x34 ./Core/Src/main.o
 .ARM.attributes
                0x00000000000000ee       0x34 ./Core/Src/stm32f4xx_hal_msp.o
 .ARM.attributes
                0x0000000000000122       0x34 ./Core/Src/stm32f4xx_it.o
 .ARM.attributes
                0x0000000000000156       0x34 ./Core/Src/sysmem.o
 .ARM.attributes
                0x000000000000018a       0x34 ./Core/Src/system_stm32f4xx.o
 .ARM.attributes
                0x00000000000001be       0x21 ./Core/Startup/startup_stm32f446retx.o
 .ARM.attributes
                0x00000000000001df       0x34 ./Drivers/STM32F4xx_HAL_Driver/Src/stm32f4xx_hal.o
 .ARM.attributes
                0x0000000000000213       0x34 ./Drivers/STM32F4xx_HAL_Driver/Src/stm32f4xx_hal_adc.o
 .ARM.attributes
                0x0000000000000247       0x34 ./Drivers/STM32F4xx_HAL_Driver/Src/stm32f4xx_hal_cortex.o
 .ARM.attributes
                0x000000000000027b       0x34 ./Drivers/STM32F4xx_HAL_Driver/Src/stm32f4xx_hal_gpio.o
 .ARM.attributes
                0x00000000000002af       0x34 ./Drivers/STM32F4xx_HAL_Driver/Src/stm32f4xx_hal_pwr_ex.o
 .ARM.attributes
                0x00000000000002e3       0x34 ./Drivers/STM32F4xx_HAL_Driver/Src/stm32f4xx_hal_rcc.o
 .ARM.attributes
                0x0000000000000317       0x34 ./Drivers/STM32F4xx_HAL_Driver/Src/stm32f4xx_hal_rcc_ex.o
 .ARM.attributes
                0x000000000000034b       0x34 ./Drivers/STM32F4xx_HAL_Driver/Src/stm32f4xx_hal_spi.o
 .ARM.attributes
                0x000000000000037f       0x34 /Applications/STM32CubeIDE.app/Contents/Eclipse/plugins/com.st.stm32cube.ide.mcu.externaltools.gnu-tools-for-stm32.10.3-2021.10.macos64_1.0.100.202210260954/tools/bin/../lib/gcc/arm-none-eabi/10.3.1/../../../../arm-none-eabi/lib/thumb/v7e-m+fp/hard/libc_nano.a(lib_a-errno.o)
 .ARM.attributes
                0x00000000000003b3       0x34 /Applications/STM32CubeIDE.app/Contents/Eclipse/plugins/com.st.stm32cube.ide.mcu.externaltools.gnu-tools-for-stm32.10.3-2021.10.macos64_1.0.100.202210260954/tools/bin/../lib/gcc/arm-none-eabi/10.3.1/../../../../arm-none-eabi/lib/thumb/v7e-m+fp/hard/libc_nano.a(lib_a-impure.o)
 .ARM.attributes
                0x00000000000003e7       0x34 /Applications/STM32CubeIDE.app/Contents/Eclipse/plugins/com.st.stm32cube.ide.mcu.externaltools.gnu-tools-for-stm32.10.3-2021.10.macos64_1.0.100.202210260954/tools/bin/../lib/gcc/arm-none-eabi/10.3.1/../../../../arm-none-eabi/lib/thumb/v7e-m+fp/hard/libc_nano.a(lib_a-init.o)
 .ARM.attributes
                0x000000000000041b       0x34 /Applications/STM32CubeIDE.app/Contents/Eclipse/plugins/com.st.stm32cube.ide.mcu.externaltools.gnu-tools-for-stm32.10.3-2021.10.macos64_1.0.100.202210260954/tools/bin/../lib/gcc/arm-none-eabi/10.3.1/../../../../arm-none-eabi/lib/thumb/v7e-m+fp/hard/libc_nano.a(lib_a-memcpy-stub.o)
 .ARM.attributes
                0x000000000000044f       0x34 /Applications/STM32CubeIDE.app/Contents/Eclipse/plugins/com.st.stm32cube.ide.mcu.externaltools.gnu-tools-for-stm32.10.3-2021.10.macos64_1.0.100.202210260954/tools/bin/../lib/gcc/arm-none-eabi/10.3.1/../../../../arm-none-eabi/lib/thumb/v7e-m+fp/hard/libc_nano.a(lib_a-memset.o)
 .ARM.attributes
                0x0000000000000483       0x34 /Applications/STM32CubeIDE.app/Contents/Eclipse/plugins/com.st.stm32cube.ide.mcu.externaltools.gnu-tools-for-stm32.10.3-2021.10.macos64_1.0.100.202210260954/tools/bin/../lib/gcc/arm-none-eabi/10.3.1/../../../../arm-none-eabi/lib/thumb/v7e-m+fp/hard/libc_nano.a(lib_a-sprintf.o)
 .ARM.attributes
                0x00000000000004b7       0x17 /Applications/STM32CubeIDE.app/Contents/Eclipse/plugins/com.st.stm32cube.ide.mcu.externaltools.gnu-tools-for-stm32.10.3-2021.10.macos64_1.0.100.202210260954/tools/bin/../lib/gcc/arm-none-eabi/10.3.1/../../../../arm-none-eabi/lib/thumb/v7e-m+fp/hard/libc_nano.a(lib_a-strlen.o)
 .ARM.attributes
                0x00000000000004ce       0x34 /Applications/STM32CubeIDE.app/Contents/Eclipse/plugins/com.st.stm32cube.ide.mcu.externaltools.gnu-tools-for-stm32.10.3-2021.10.macos64_1.0.100.202210260954/tools/bin/../lib/gcc/arm-none-eabi/10.3.1/../../../../arm-none-eabi/lib/thumb/v7e-m+fp/hard/libc_nano.a(lib_a-strncat.o)
 .ARM.attributes
                0x0000000000000502       0x34 /Applications/STM32CubeIDE.app/Contents/Eclipse/plugins/com.st.stm32cube.ide.mcu.externaltools.gnu-tools-for-stm32.10.3-2021.10.macos64_1.0.100.202210260954/tools/bin/../lib/gcc/arm-none-eabi/10.3.1/../../../../arm-none-eabi/lib/thumb/v7e-m+fp/hard/libc_nano.a(lib_a-nano-svfprintf.o)
 .ARM.attributes
                0x0000000000000536       0x34 /Applications/STM32CubeIDE.app/Contents/Eclipse/plugins/com.st.stm32cube.ide.mcu.externaltools.gnu-tools-for-stm32.10.3-2021.10.macos64_1.0.100.202210260954/tools/bin/../lib/gcc/arm-none-eabi/10.3.1/../../../../arm-none-eabi/lib/thumb/v7e-m+fp/hard/libc_nano.a(lib_a-nano-vfprintf_i.o)
 .ARM.attributes
                0x000000000000056a       0x1c /Applications/STM32CubeIDE.app/Contents/Eclipse/plugins/com.st.stm32cube.ide.mcu.externaltools.gnu-tools-for-stm32.10.3-2021.10.macos64_1.0.100.202210260954/tools/bin/../lib/gcc/arm-none-eabi/10.3.1/../../../../arm-none-eabi/lib/thumb/v7e-m+fp/hard/libc_nano.a(lib_a-memchr.o)
 .ARM.attributes
                0x0000000000000586       0x34 /Applications/STM32CubeIDE.app/Contents/Eclipse/plugins/com.st.stm32cube.ide.mcu.externaltools.gnu-tools-for-stm32.10.3-2021.10.macos64_1.0.100.202210260954/tools/bin/../lib/gcc/arm-none-eabi/10.3.1/../../../../arm-none-eabi/lib/thumb/v7e-m+fp/hard/libc_nano.a(lib_a-memmove.o)
 .ARM.attributes
                0x00000000000005ba       0x34 /Applications/STM32CubeIDE.app/Contents/Eclipse/plugins/com.st.stm32cube.ide.mcu.externaltools.gnu-tools-for-stm32.10.3-2021.10.macos64_1.0.100.202210260954/tools/bin/../lib/gcc/arm-none-eabi/10.3.1/../../../../arm-none-eabi/lib/thumb/v7e-m+fp/hard/libc_nano.a(lib_a-nano-freer.o)
 .ARM.attributes
                0x00000000000005ee       0x34 /Applications/STM32CubeIDE.app/Contents/Eclipse/plugins/com.st.stm32cube.ide.mcu.externaltools.gnu-tools-for-stm32.10.3-2021.10.macos64_1.0.100.202210260954/tools/bin/../lib/gcc/arm-none-eabi/10.3.1/../../../../arm-none-eabi/lib/thumb/v7e-m+fp/hard/libc_nano.a(lib_a-nano-mallocr.o)
 .ARM.attributes
                0x0000000000000622       0x34 /Applications/STM32CubeIDE.app/Contents/Eclipse/plugins/com.st.stm32cube.ide.mcu.externaltools.gnu-tools-for-stm32.10.3-2021.10.macos64_1.0.100.202210260954/tools/bin/../lib/gcc/arm-none-eabi/10.3.1/../../../../arm-none-eabi/lib/thumb/v7e-m+fp/hard/libc_nano.a(lib_a-nano-reallocr.o)
 .ARM.attributes
                0x0000000000000656       0x34 /Applications/STM32CubeIDE.app/Contents/Eclipse/plugins/com.st.stm32cube.ide.mcu.externaltools.gnu-tools-for-stm32.10.3-2021.10.macos64_1.0.100.202210260954/tools/bin/../lib/gcc/arm-none-eabi/10.3.1/../../../../arm-none-eabi/lib/thumb/v7e-m+fp/hard/libc_nano.a(lib_a-sbrkr.o)
 .ARM.attributes
                0x000000000000068a       0x34 /Applications/STM32CubeIDE.app/Contents/Eclipse/plugins/com.st.stm32cube.ide.mcu.externaltools.gnu-tools-for-stm32.10.3-2021.10.macos64_1.0.100.202210260954/tools/bin/../lib/gcc/arm-none-eabi/10.3.1/../../../../arm-none-eabi/lib/thumb/v7e-m+fp/hard/libc_nano.a(lib_a-mlock.o)
 .ARM.attributes
                0x00000000000006be       0x34 /Applications/STM32CubeIDE.app/Contents/Eclipse/plugins/com.st.stm32cube.ide.mcu.externaltools.gnu-tools-for-stm32.10.3-2021.10.macos64_1.0.100.202210260954/tools/bin/../lib/gcc/arm-none-eabi/10.3.1/../../../../arm-none-eabi/lib/thumb/v7e-m+fp/hard/libc_nano.a(lib_a-nano-msizer.o)
 .ARM.attributes
                0x00000000000006f2       0x34 /Applications/STM32CubeIDE.app/Contents/Eclipse/plugins/com.st.stm32cube.ide.mcu.externaltools.gnu-tools-for-stm32.10.3-2021.10.macos64_1.0.100.202210260954/tools/bin/../lib/gcc/arm-none-eabi/10.3.1/../../../../arm-none-eabi/lib/thumb/v7e-m+fp/hard/libc_nano.a(lib_a-reent.o)
 .ARM.attributes
                0x0000000000000726       0x34 /Applications/STM32CubeIDE.app/Contents/Eclipse/plugins/com.st.stm32cube.ide.mcu.externaltools.gnu-tools-for-stm32.10.3-2021.10.macos64_1.0.100.202210260954/tools/bin/../lib/gcc/arm-none-eabi/10.3.1/../../../../arm-none-eabi/lib/thumb/v7e-m+fp/hard/libc_nano.a(lib_a-lock.o)
 .ARM.attributes
                0x000000000000075a       0x1e /Applications/STM32CubeIDE.app/Contents/Eclipse/plugins/com.st.stm32cube.ide.mcu.externaltools.gnu-tools-for-stm32.10.3-2021.10.macos64_1.0.100.202210260954/tools/bin/../lib/gcc/arm-none-eabi/10.3.1/thumb/v7e-m+fp/hard/libgcc.a(_aeabi_uldivmod.o)
 .ARM.attributes
                0x0000000000000778       0x34 /Applications/STM32CubeIDE.app/Contents/Eclipse/plugins/com.st.stm32cube.ide.mcu.externaltools.gnu-tools-for-stm32.10.3-2021.10.macos64_1.0.100.202210260954/tools/bin/../lib/gcc/arm-none-eabi/10.3.1/thumb/v7e-m+fp/hard/libgcc.a(_udivmoddi4.o)
 .ARM.attributes
                0x00000000000007ac       0x1e /Applications/STM32CubeIDE.app/Contents/Eclipse/plugins/com.st.stm32cube.ide.mcu.externaltools.gnu-tools-for-stm32.10.3-2021.10.macos64_1.0.100.202210260954/tools/bin/../lib/gcc/arm-none-eabi/10.3.1/thumb/v7e-m+fp/hard/libgcc.a(_dvmd_tls.o)
 .ARM.attributes
                0x00000000000007ca       0x1e /Applications/STM32CubeIDE.app/Contents/Eclipse/plugins/com.st.stm32cube.ide.mcu.externaltools.gnu-tools-for-stm32.10.3-2021.10.macos64_1.0.100.202210260954/tools/bin/../lib/gcc/arm-none-eabi/10.3.1/thumb/v7e-m+fp/hard/crtn.o
OUTPUT(Ecran_Tactile_MLM.elf elf32-littlearm)
LOAD linker stubs
LOAD /Applications/STM32CubeIDE.app/Contents/Eclipse/plugins/com.st.stm32cube.ide.mcu.externaltools.gnu-tools-for-stm32.10.3-2021.10.macos64_1.0.100.202210260954/tools/bin/../lib/gcc/arm-none-eabi/10.3.1/../../../../arm-none-eabi/lib/thumb/v7e-m+fp/hard/libc.a
LOAD /Applications/STM32CubeIDE.app/Contents/Eclipse/plugins/com.st.stm32cube.ide.mcu.externaltools.gnu-tools-for-stm32.10.3-2021.10.macos64_1.0.100.202210260954/tools/bin/../lib/gcc/arm-none-eabi/10.3.1/../../../../arm-none-eabi/lib/thumb/v7e-m+fp/hard/libm.a
LOAD /Applications/STM32CubeIDE.app/Contents/Eclipse/plugins/com.st.stm32cube.ide.mcu.externaltools.gnu-tools-for-stm32.10.3-2021.10.macos64_1.0.100.202210260954/tools/bin/../lib/gcc/arm-none-eabi/10.3.1/thumb/v7e-m+fp/hard/libgcc.a

.debug_info     0x0000000000000000     0xb308
 .debug_info    0x0000000000000000     0x13f3 ./Core/Src/MY_ILI9341.o
 .debug_info    0x00000000000013f3     0x1438 ./Core/Src/lcd_touch.o
 .debug_info    0x000000000000282b     0x148c ./Core/Src/main.o
 .debug_info    0x0000000000003cb7      0xdb0 ./Core/Src/stm32f4xx_hal_msp.o
 .debug_info    0x0000000000004a67      0x289 ./Core/Src/stm32f4xx_it.o
 .debug_info    0x0000000000004cf0      0x171 ./Core/Src/sysmem.o
 .debug_info    0x0000000000004e61      0x55b ./Core/Src/system_stm32f4xx.o
 .debug_info    0x00000000000053bc       0x22 ./Core/Startup/startup_stm32f446retx.o
 .debug_info    0x00000000000053de      0x9d2 ./Drivers/STM32F4xx_HAL_Driver/Src/stm32f4xx_hal.o
 .debug_info    0x0000000000005db0      0xd70 ./Drivers/STM32F4xx_HAL_Driver/Src/stm32f4xx_hal_adc.o
 .debug_info    0x0000000000006b20      0xe39 ./Drivers/STM32F4xx_HAL_Driver/Src/stm32f4xx_hal_cortex.o
 .debug_info    0x0000000000007959      0x7be ./Drivers/STM32F4xx_HAL_Driver/Src/stm32f4xx_hal_gpio.o
 .debug_info    0x0000000000008117      0x702 ./Drivers/STM32F4xx_HAL_Driver/Src/stm32f4xx_hal_pwr_ex.o
 .debug_info    0x0000000000008819      0x9ab ./Drivers/STM32F4xx_HAL_Driver/Src/stm32f4xx_hal_rcc.o
 .debug_info    0x00000000000091c4      0x9ec ./Drivers/STM32F4xx_HAL_Driver/Src/stm32f4xx_hal_rcc_ex.o
 .debug_info    0x0000000000009bb0     0x1758 ./Drivers/STM32F4xx_HAL_Driver/Src/stm32f4xx_hal_spi.o

.debug_abbrev   0x0000000000000000     0x1fbf
 .debug_abbrev  0x0000000000000000      0x24f ./Core/Src/MY_ILI9341.o
 .debug_abbrev  0x000000000000024f      0x394 ./Core/Src/lcd_touch.o
 .debug_abbrev  0x00000000000005e3      0x2d0 ./Core/Src/main.o
 .debug_abbrev  0x00000000000008b3      0x1d6 ./Core/Src/stm32f4xx_hal_msp.o
 .debug_abbrev  0x0000000000000a89      0x14c ./Core/Src/stm32f4xx_it.o
 .debug_abbrev  0x0000000000000bd5       0xbb ./Core/Src/sysmem.o
 .debug_abbrev  0x0000000000000c90      0x116 ./Core/Src/system_stm32f4xx.o
 .debug_abbrev  0x0000000000000da6       0x12 ./Core/Startup/startup_stm32f446retx.o
 .debug_abbrev  0x0000000000000db8      0x20d ./Drivers/STM32F4xx_HAL_Driver/Src/stm32f4xx_hal.o
 .debug_abbrev  0x0000000000000fc5      0x244 ./Drivers/STM32F4xx_HAL_Driver/Src/stm32f4xx_hal_adc.o
 .debug_abbrev  0x0000000000001209      0x316 ./Drivers/STM32F4xx_HAL_Driver/Src/stm32f4xx_hal_cortex.o
 .debug_abbrev  0x000000000000151f      0x1c4 ./Drivers/STM32F4xx_HAL_Driver/Src/stm32f4xx_hal_gpio.o
 .debug_abbrev  0x00000000000016e3      0x1c9 ./Drivers/STM32F4xx_HAL_Driver/Src/stm32f4xx_hal_pwr_ex.o
 .debug_abbrev  0x00000000000018ac      0x2aa ./Drivers/STM32F4xx_HAL_Driver/Src/stm32f4xx_hal_rcc.o
 .debug_abbrev  0x0000000000001b56      0x1fb ./Drivers/STM32F4xx_HAL_Driver/Src/stm32f4xx_hal_rcc_ex.o
 .debug_abbrev  0x0000000000001d51      0x26e ./Drivers/STM32F4xx_HAL_Driver/Src/stm32f4xx_hal_spi.o

.debug_aranges  0x0000000000000000      0x970
 .debug_aranges
                0x0000000000000000       0xc8 ./Core/Src/MY_ILI9341.o
 .debug_aranges
                0x00000000000000c8       0xc0 ./Core/Src/lcd_touch.o
 .debug_aranges
                0x0000000000000188       0x58 ./Core/Src/main.o
 .debug_aranges
                0x00000000000001e0       0x40 ./Core/Src/stm32f4xx_hal_msp.o
 .debug_aranges
                0x0000000000000220       0x68 ./Core/Src/stm32f4xx_it.o
 .debug_aranges
                0x0000000000000288       0x20 ./Core/Src/sysmem.o
 .debug_aranges
                0x00000000000002a8       0x28 ./Core/Src/system_stm32f4xx.o
 .debug_aranges
                0x00000000000002d0       0x28 ./Core/Startup/startup_stm32f446retx.o
 .debug_aranges
                0x00000000000002f8       0xf0 ./Drivers/STM32F4xx_HAL_Driver/Src/stm32f4xx_hal.o
 .debug_aranges
                0x00000000000003e8       0xe8 ./Drivers/STM32F4xx_HAL_Driver/Src/stm32f4xx_hal_adc.o
 .debug_aranges
                0x00000000000004d0      0x118 ./Drivers/STM32F4xx_HAL_Driver/Src/stm32f4xx_hal_cortex.o
 .debug_aranges
                0x00000000000005e8       0x58 ./Drivers/STM32F4xx_HAL_Driver/Src/stm32f4xx_hal_gpio.o
 .debug_aranges
                0x0000000000000640       0x60 ./Drivers/STM32F4xx_HAL_Driver/Src/stm32f4xx_hal_pwr_ex.o
 .debug_aranges
                0x00000000000006a0       0x88 ./Drivers/STM32F4xx_HAL_Driver/Src/stm32f4xx_hal_rcc.o
 .debug_aranges
                0x0000000000000728       0x78 ./Drivers/STM32F4xx_HAL_Driver/Src/stm32f4xx_hal_rcc_ex.o
 .debug_aranges
                0x00000000000007a0      0x1d0 ./Drivers/STM32F4xx_HAL_Driver/Src/stm32f4xx_hal_spi.o

.debug_ranges   0x0000000000000000      0x878
 .debug_ranges  0x0000000000000000       0xb8 ./Core/Src/MY_ILI9341.o
 .debug_ranges  0x00000000000000b8       0xb0 ./Core/Src/lcd_touch.o
 .debug_ranges  0x0000000000000168       0x48 ./Core/Src/main.o
 .debug_ranges  0x00000000000001b0       0x30 ./Core/Src/stm32f4xx_hal_msp.o
 .debug_ranges  0x00000000000001e0       0x58 ./Core/Src/stm32f4xx_it.o
 .debug_ranges  0x0000000000000238       0x10 ./Core/Src/sysmem.o
 .debug_ranges  0x0000000000000248       0x18 ./Core/Src/system_stm32f4xx.o
 .debug_ranges  0x0000000000000260       0x20 ./Core/Startup/startup_stm32f446retx.o
 .debug_ranges  0x0000000000000280       0xe0 ./Drivers/STM32F4xx_HAL_Driver/Src/stm32f4xx_hal.o
 .debug_ranges  0x0000000000000360       0xd8 ./Drivers/STM32F4xx_HAL_Driver/Src/stm32f4xx_hal_adc.o
 .debug_ranges  0x0000000000000438      0x108 ./Drivers/STM32F4xx_HAL_Driver/Src/stm32f4xx_hal_cortex.o
 .debug_ranges  0x0000000000000540       0x48 ./Drivers/STM32F4xx_HAL_Driver/Src/stm32f4xx_hal_gpio.o
 .debug_ranges  0x0000000000000588       0x50 ./Drivers/STM32F4xx_HAL_Driver/Src/stm32f4xx_hal_pwr_ex.o
 .debug_ranges  0x00000000000005d8       0x78 ./Drivers/STM32F4xx_HAL_Driver/Src/stm32f4xx_hal_rcc.o
 .debug_ranges  0x0000000000000650       0x68 ./Drivers/STM32F4xx_HAL_Driver/Src/stm32f4xx_hal_rcc_ex.o
 .debug_ranges  0x00000000000006b8      0x1c0 ./Drivers/STM32F4xx_HAL_Driver/Src/stm32f4xx_hal_spi.o

.debug_macro    0x0000000000000000    0x23495
 .debug_macro   0x0000000000000000      0x3b1 ./Core/Src/MY_ILI9341.o
 .debug_macro   0x00000000000003b1      0xa78 ./Core/Src/MY_ILI9341.o
 .debug_macro   0x0000000000000e29       0x22 ./Core/Src/MY_ILI9341.o
 .debug_macro   0x0000000000000e4b      0x29b ./Core/Src/MY_ILI9341.o
 .debug_macro   0x00000000000010e6       0x2e ./Core/Src/MY_ILI9341.o
 .debug_macro   0x0000000000001114       0x28 ./Core/Src/MY_ILI9341.o
 .debug_macro   0x000000000000113c       0x22 ./Core/Src/MY_ILI9341.o
 .debug_macro   0x000000000000115e       0x8e ./Core/Src/MY_ILI9341.o
 .debug_macro   0x00000000000011ec       0x51 ./Core/Src/MY_ILI9341.o
 .debug_macro   0x000000000000123d      0x103 ./Core/Src/MY_ILI9341.o
 .debug_macro   0x0000000000001340       0x6a ./Core/Src/MY_ILI9341.o
 .debug_macro   0x00000000000013aa      0x1df ./Core/Src/MY_ILI9341.o
 .debug_macro   0x0000000000001589       0x1c ./Core/Src/MY_ILI9341.o
 .debug_macro   0x00000000000015a5       0x22 ./Core/Src/MY_ILI9341.o
 .debug_macro   0x00000000000015c7       0xd9 ./Core/Src/MY_ILI9341.o
 .debug_macro   0x00000000000016a0     0x102d ./Core/Src/MY_ILI9341.o
 .debug_macro   0x00000000000026cd      0x11f ./Core/Src/MY_ILI9341.o
 .debug_macro   0x00000000000027ec    0x16749 ./Core/Src/MY_ILI9341.o
 .debug_macro   0x0000000000018f35       0x6d ./Core/Src/MY_ILI9341.o
 .debug_macro   0x0000000000018fa2     0x367e ./Core/Src/MY_ILI9341.o
 .debug_macro   0x000000000001c620      0x174 ./Core/Src/MY_ILI9341.o
 .debug_macro   0x000000000001c794       0x5c ./Core/Src/MY_ILI9341.o
 .debug_macro   0x000000000001c7f0      0xc90 ./Core/Src/MY_ILI9341.o
 .debug_macro   0x000000000001d480      0x9fe ./Core/Src/MY_ILI9341.o
 .debug_macro   0x000000000001de7e      0x115 ./Core/Src/MY_ILI9341.o
 .debug_macro   0x000000000001df93      0x1a0 ./Core/Src/MY_ILI9341.o
 .debug_macro   0x000000000001e133       0xa5 ./Core/Src/MY_ILI9341.o
 .debug_macro   0x000000000001e1d8      0x16d ./Core/Src/MY_ILI9341.o
 .debug_macro   0x000000000001e345      0x287 ./Core/Src/MY_ILI9341.o
 .debug_macro   0x000000000001e5cc       0x5f ./Core/Src/MY_ILI9341.o
 .debug_macro   0x000000000001e62b      0x236 ./Core/Src/MY_ILI9341.o
 .debug_macro   0x000000000001e861      0xb5b ./Core/Src/MY_ILI9341.o
 .debug_macro   0x000000000001f3bc      0x38b ./Core/Src/MY_ILI9341.o
 .debug_macro   0x000000000001f747      0x17d ./Core/Src/MY_ILI9341.o
 .debug_macro   0x000000000001f8c4       0xf9 ./Core/Src/MY_ILI9341.o
 .debug_macro   0x000000000001f9bd      0x132 ./Core/Src/MY_ILI9341.o
 .debug_macro   0x000000000001faef      0x29c ./Core/Src/MY_ILI9341.o
 .debug_macro   0x000000000001fd8b       0x2e ./Core/Src/MY_ILI9341.o
 .debug_macro   0x000000000001fdb9      0x11a ./Core/Src/MY_ILI9341.o
 .debug_macro   0x000000000001fed3       0xe8 ./Core/Src/MY_ILI9341.o
 .debug_macro   0x000000000001ffbb       0x89 ./Core/Src/MY_ILI9341.o
 .debug_macro   0x0000000000020044      0x225 ./Core/Src/MY_ILI9341.o
 .debug_macro   0x0000000000020269      0x126 ./Core/Src/MY_ILI9341.o
 .debug_macro   0x000000000002038f       0x1e ./Core/Src/MY_ILI9341.o
 .debug_macro   0x00000000000203ad       0x52 ./Core/Src/MY_ILI9341.o
 .debug_macro   0x00000000000203ff       0x3c ./Core/Src/MY_ILI9341.o
 .debug_macro   0x000000000002043b       0x34 ./Core/Src/MY_ILI9341.o
 .debug_macro   0x000000000002046f       0x16 ./Core/Src/MY_ILI9341.o
 .debug_macro   0x0000000000020485       0x35 ./Core/Src/MY_ILI9341.o
 .debug_macro   0x00000000000204ba       0x16 ./Core/Src/MY_ILI9341.o
 .debug_macro   0x00000000000204d0       0x43 ./Core/Src/MY_ILI9341.o
 .debug_macro   0x0000000000020513       0x34 ./Core/Src/MY_ILI9341.o
 .debug_macro   0x0000000000020547       0x10 ./Core/Src/MY_ILI9341.o
 .debug_macro   0x0000000000020557       0x58 ./Core/Src/MY_ILI9341.o
 .debug_macro   0x00000000000205af       0x71 ./Core/Src/MY_ILI9341.o
 .debug_macro   0x0000000000020620       0x1c ./Core/Src/MY_ILI9341.o
 .debug_macro   0x000000000002063c      0x12a ./Core/Src/MY_ILI9341.o
 .debug_macro   0x0000000000020766      0x341 ./Core/Src/MY_ILI9341.o
 .debug_macro   0x0000000000020aa7       0x16 ./Core/Src/MY_ILI9341.o
 .debug_macro   0x0000000000020abd       0x29 ./Core/Src/MY_ILI9341.o
 .debug_macro   0x0000000000020ae6       0x1c ./Core/Src/MY_ILI9341.o
 .debug_macro   0x0000000000020b02       0x10 ./Core/Src/MY_ILI9341.o
 .debug_macro   0x0000000000020b12       0x10 ./Core/Src/MY_ILI9341.o
 .debug_macro   0x0000000000020b22       0x1c ./Core/Src/MY_ILI9341.o
 .debug_macro   0x0000000000020b3e       0x52 ./Core/Src/MY_ILI9341.o
 .debug_macro   0x0000000000020b90       0x22 ./Core/Src/MY_ILI9341.o
 .debug_macro   0x0000000000020bb2       0x10 ./Core/Src/MY_ILI9341.o
 .debug_macro   0x0000000000020bc2       0x52 ./Core/Src/MY_ILI9341.o
 .debug_macro   0x0000000000020c14       0xd5 ./Core/Src/MY_ILI9341.o
 .debug_macro   0x0000000000020ce9       0x1c ./Core/Src/MY_ILI9341.o
 .debug_macro   0x0000000000020d05       0x3d ./Core/Src/MY_ILI9341.o
 .debug_macro   0x0000000000020d42       0x16 ./Core/Src/MY_ILI9341.o
 .debug_macro   0x0000000000020d58      0x145 ./Core/Src/MY_ILI9341.o
 .debug_macro   0x0000000000020e9d       0x16 ./Core/Src/MY_ILI9341.o
 .debug_macro   0x0000000000020eb3       0x20 ./Core/Src/MY_ILI9341.o
 .debug_macro   0x0000000000020ed3      0x1b4 ./Core/Src/MY_ILI9341.o
 .debug_macro   0x0000000000021087      0x3d8 ./Core/Src/lcd_touch.o
 .debug_macro   0x000000000002145f       0x4c ./Core/Src/lcd_touch.o
 .debug_macro   0x00000000000214ab       0x94 ./Core/Src/lcd_touch.o
 .debug_macro   0x000000000002153f      0x10e ./Core/Src/lcd_touch.o
 .debug_macro   0x000000000002164d       0x8d ./Core/Src/lcd_touch.o
 .debug_macro   0x00000000000216da       0x57 ./Core/Src/lcd_touch.o
 .debug_macro   0x0000000000021731       0x16 ./Core/Src/lcd_touch.o
 .debug_macro   0x0000000000021747       0x56 ./Core/Src/lcd_touch.o
 .debug_macro   0x000000000002179d      0x3cd ./Core/Src/main.o
 .debug_macro   0x0000000000021b6a       0x58 ./Core/Src/main.o
 .debug_macro   0x0000000000021bc2      0x1f1 ./Core/Src/stm32f4xx_hal_msp.o
 .debug_macro   0x0000000000021db3      0x204 ./Core/Src/stm32f4xx_it.o
 .debug_macro   0x0000000000021fb7       0xff ./Core/Src/sysmem.o
 .debug_macro   0x00000000000220b6      0x23b ./Core/Src/sysmem.o
 .debug_macro   0x00000000000222f1      0x1e2 ./Core/Src/system_stm32f4xx.o
 .debug_macro   0x00000000000224d3      0x242 ./Drivers/STM32F4xx_HAL_Driver/Src/stm32f4xx_hal.o
 .debug_macro   0x0000000000022715      0x1e3 ./Drivers/STM32F4xx_HAL_Driver/Src/stm32f4xx_hal_adc.o
 .debug_macro   0x00000000000228f8      0x1e2 ./Drivers/STM32F4xx_HAL_Driver/Src/stm32f4xx_hal_cortex.o
 .debug_macro   0x0000000000022ada      0x1e8 ./Drivers/STM32F4xx_HAL_Driver/Src/stm32f4xx_hal_gpio.o
 .debug_macro   0x0000000000022cc2      0x1fa ./Drivers/STM32F4xx_HAL_Driver/Src/stm32f4xx_hal_pwr_ex.o
 .debug_macro   0x0000000000022ebc      0x206 ./Drivers/STM32F4xx_HAL_Driver/Src/stm32f4xx_hal_rcc.o
 .debug_macro   0x00000000000230c2      0x1e2 ./Drivers/STM32F4xx_HAL_Driver/Src/stm32f4xx_hal_rcc_ex.o
 .debug_macro   0x00000000000232a4      0x1f1 ./Drivers/STM32F4xx_HAL_Driver/Src/stm32f4xx_hal_spi.o

.debug_line     0x0000000000000000     0xc33d
 .debug_line    0x0000000000000000     0x107a ./Core/Src/MY_ILI9341.o
 .debug_line    0x000000000000107a      0xccf ./Core/Src/lcd_touch.o
 .debug_line    0x0000000000001d49      0xd59 ./Core/Src/main.o
 .debug_line    0x0000000000002aa2      0x82b ./Core/Src/stm32f4xx_hal_msp.o
 .debug_line    0x00000000000032cd      0x7f8 ./Core/Src/stm32f4xx_it.o
 .debug_line    0x0000000000003ac5      0x52b ./Core/Src/sysmem.o
 .debug_line    0x0000000000003ff0      0x786 ./Core/Src/system_stm32f4xx.o
 .debug_line    0x0000000000004776       0x88 ./Core/Startup/startup_stm32f446retx.o
 .debug_line    0x00000000000047fe      0x9ec ./Drivers/STM32F4xx_HAL_Driver/Src/stm32f4xx_hal.o
 .debug_line    0x00000000000051ea     0x1268 ./Drivers/STM32F4xx_HAL_Driver/Src/stm32f4xx_hal_adc.o
 .debug_line    0x0000000000006452      0xc9b ./Drivers/STM32F4xx_HAL_Driver/Src/stm32f4xx_hal_cortex.o
 .debug_line    0x00000000000070ed      0xb4c ./Drivers/STM32F4xx_HAL_Driver/Src/stm32f4xx_hal_gpio.o
 .debug_line    0x0000000000007c39      0x91b ./Drivers/STM32F4xx_HAL_Driver/Src/stm32f4xx_hal_pwr_ex.o
 .debug_line    0x0000000000008554      0xd74 ./Drivers/STM32F4xx_HAL_Driver/Src/stm32f4xx_hal_rcc.o
 .debug_line    0x00000000000092c8     0x13ff ./Drivers/STM32F4xx_HAL_Driver/Src/stm32f4xx_hal_rcc_ex.o
 .debug_line    0x000000000000a6c7     0x1c76 ./Drivers/STM32F4xx_HAL_Driver/Src/stm32f4xx_hal_spi.o

.debug_str      0x0000000000000000    0xd5629
 .debug_str     0x0000000000000000    0xd2604 ./Core/Src/MY_ILI9341.o
                                      0xd2930 (size before relaxing)
 .debug_str     0x00000000000d2604      0xce2 ./Core/Src/lcd_touch.o
                                      0xd31dc (size before relaxing)
 .debug_str     0x00000000000d32e6      0x384 ./Core/Src/main.o
                                      0xd2f19 (size before relaxing)
 .debug_str     0x00000000000d366a       0xa2 ./Core/Src/stm32f4xx_hal_msp.o
                                      0xce50f (size before relaxing)
 .debug_str     0x00000000000d370c      0x104 ./Core/Src/stm32f4xx_it.o
                                      0xcdeb4 (size before relaxing)
 .debug_str     0x00000000000d3810      0x4da ./Core/Src/sysmem.o
                                       0x5dc4 (size before relaxing)
 .debug_str     0x00000000000d3cea       0xdb ./Core/Src/system_stm32f4xx.o
                                      0xcddc9 (size before relaxing)
 .debug_str     0x00000000000d3dc5       0x36 ./Core/Startup/startup_stm32f446retx.o
                                         0x86 (size before relaxing)
 .debug_str     0x00000000000d3dfb      0x5da ./Drivers/STM32F4xx_HAL_Driver/Src/stm32f4xx_hal.o
                                      0xce98e (size before relaxing)
 .debug_str     0x00000000000d43d5      0x291 ./Drivers/STM32F4xx_HAL_Driver/Src/stm32f4xx_hal_adc.o
                                      0xce391 (size before relaxing)
 .debug_str     0x00000000000d4666      0x30d ./Drivers/STM32F4xx_HAL_Driver/Src/stm32f4xx_hal_cortex.o
                                      0xce69c (size before relaxing)
 .debug_str     0x00000000000d4973       0xcb ./Drivers/STM32F4xx_HAL_Driver/Src/stm32f4xx_hal_gpio.o
                                      0xcdf44 (size before relaxing)
 .debug_str     0x00000000000d4a3e      0x135 ./Drivers/STM32F4xx_HAL_Driver/Src/stm32f4xx_hal_pwr_ex.o
                                      0xcdfa1 (size before relaxing)
 .debug_str     0x00000000000d4b73      0x233 ./Drivers/STM32F4xx_HAL_Driver/Src/stm32f4xx_hal_rcc.o
                                      0xce202 (size before relaxing)
 .debug_str     0x00000000000d4da6      0x31c ./Drivers/STM32F4xx_HAL_Driver/Src/stm32f4xx_hal_rcc_ex.o
                                      0xce235 (size before relaxing)
 .debug_str     0x00000000000d50c2      0x567 ./Drivers/STM32F4xx_HAL_Driver/Src/stm32f4xx_hal_spi.o
                                      0xce668 (size before relaxing)

.comment        0x0000000000000000       0x50
 .comment       0x0000000000000000       0x50 ./Core/Src/MY_ILI9341.o
                                         0x51 (size before relaxing)
 .comment       0x0000000000000050       0x51 ./Core/Src/lcd_touch.o
 .comment       0x0000000000000050       0x51 ./Core/Src/main.o
 .comment       0x0000000000000050       0x51 ./Core/Src/stm32f4xx_hal_msp.o
 .comment       0x0000000000000050       0x51 ./Core/Src/stm32f4xx_it.o
 .comment       0x0000000000000050       0x51 ./Core/Src/sysmem.o
 .comment       0x0000000000000050       0x51 ./Core/Src/system_stm32f4xx.o
 .comment       0x0000000000000050       0x51 ./Drivers/STM32F4xx_HAL_Driver/Src/stm32f4xx_hal.o
 .comment       0x0000000000000050       0x51 ./Drivers/STM32F4xx_HAL_Driver/Src/stm32f4xx_hal_adc.o
 .comment       0x0000000000000050       0x51 ./Drivers/STM32F4xx_HAL_Driver/Src/stm32f4xx_hal_cortex.o
 .comment       0x0000000000000050       0x51 ./Drivers/STM32F4xx_HAL_Driver/Src/stm32f4xx_hal_gpio.o
 .comment       0x0000000000000050       0x51 ./Drivers/STM32F4xx_HAL_Driver/Src/stm32f4xx_hal_pwr_ex.o
 .comment       0x0000000000000050       0x51 ./Drivers/STM32F4xx_HAL_Driver/Src/stm32f4xx_hal_rcc.o
 .comment       0x0000000000000050       0x51 ./Drivers/STM32F4xx_HAL_Driver/Src/stm32f4xx_hal_rcc_ex.o
 .comment       0x0000000000000050       0x51 ./Drivers/STM32F4xx_HAL_Driver/Src/stm32f4xx_hal_spi.o

.debug_frame    0x0000000000000000     0x296c
 .debug_frame   0x0000000000000000      0x35c ./Core/Src/MY_ILI9341.o
 .debug_frame   0x000000000000035c      0x300 ./Core/Src/lcd_touch.o
 .debug_frame   0x000000000000065c      0x114 ./Core/Src/main.o
 .debug_frame   0x0000000000000770       0xc4 ./Core/Src/stm32f4xx_hal_msp.o
 .debug_frame   0x0000000000000834      0x120 ./Core/Src/stm32f4xx_it.o
 .debug_frame   0x0000000000000954       0x34 ./Core/Src/sysmem.o
 .debug_frame   0x0000000000000988       0x58 ./Core/Src/system_stm32f4xx.o
 .debug_frame   0x00000000000009e0      0x374 ./Drivers/STM32F4xx_HAL_Driver/Src/stm32f4xx_hal.o
 .debug_frame   0x0000000000000d54      0x3fc ./Drivers/STM32F4xx_HAL_Driver/Src/stm32f4xx_hal_adc.o
 .debug_frame   0x0000000000001150      0x498 ./Drivers/STM32F4xx_HAL_Driver/Src/stm32f4xx_hal_cortex.o
 .debug_frame   0x00000000000015e8      0x14c ./Drivers/STM32F4xx_HAL_Driver/Src/stm32f4xx_hal_gpio.o
 .debug_frame   0x0000000000001734      0x14c ./Drivers/STM32F4xx_HAL_Driver/Src/stm32f4xx_hal_pwr_ex.o
 .debug_frame   0x0000000000001880      0x1f4 ./Drivers/STM32F4xx_HAL_Driver/Src/stm32f4xx_hal_rcc.o
 .debug_frame   0x0000000000001a74      0x1e8 ./Drivers/STM32F4xx_HAL_Driver/Src/stm32f4xx_hal_rcc_ex.o
 .debug_frame   0x0000000000001c5c      0x824 ./Drivers/STM32F4xx_HAL_Driver/Src/stm32f4xx_hal_spi.o
 .debug_frame   0x0000000000002480       0x20 /Applications/STM32CubeIDE.app/Contents/Eclipse/plugins/com.st.stm32cube.ide.mcu.externaltools.gnu-tools-for-stm32.10.3-2021.10.macos64_1.0.100.202210260954/tools/bin/../lib/gcc/arm-none-eabi/10.3.1/../../../../arm-none-eabi/lib/thumb/v7e-m+fp/hard/libc_nano.a(lib_a-errno.o)
 .debug_frame   0x00000000000024a0       0x2c /Applications/STM32CubeIDE.app/Contents/Eclipse/plugins/com.st.stm32cube.ide.mcu.externaltools.gnu-tools-for-stm32.10.3-2021.10.macos64_1.0.100.202210260954/tools/bin/../lib/gcc/arm-none-eabi/10.3.1/../../../../arm-none-eabi/lib/thumb/v7e-m+fp/hard/libc_nano.a(lib_a-init.o)
 .debug_frame   0x00000000000024cc       0x28 /Applications/STM32CubeIDE.app/Contents/Eclipse/plugins/com.st.stm32cube.ide.mcu.externaltools.gnu-tools-for-stm32.10.3-2021.10.macos64_1.0.100.202210260954/tools/bin/../lib/gcc/arm-none-eabi/10.3.1/../../../../arm-none-eabi/lib/thumb/v7e-m+fp/hard/libc_nano.a(lib_a-memcpy-stub.o)
 .debug_frame   0x00000000000024f4       0x20 /Applications/STM32CubeIDE.app/Contents/Eclipse/plugins/com.st.stm32cube.ide.mcu.externaltools.gnu-tools-for-stm32.10.3-2021.10.macos64_1.0.100.202210260954/tools/bin/../lib/gcc/arm-none-eabi/10.3.1/../../../../arm-none-eabi/lib/thumb/v7e-m+fp/hard/libc_nano.a(lib_a-memset.o)
 .debug_frame   0x0000000000002514       0x6c /Applications/STM32CubeIDE.app/Contents/Eclipse/plugins/com.st.stm32cube.ide.mcu.externaltools.gnu-tools-for-stm32.10.3-2021.10.macos64_1.0.100.202210260954/tools/bin/../lib/gcc/arm-none-eabi/10.3.1/../../../../arm-none-eabi/lib/thumb/v7e-m+fp/hard/libc_nano.a(lib_a-sprintf.o)
 .debug_frame   0x0000000000002580       0x2c /Applications/STM32CubeIDE.app/Contents/Eclipse/plugins/com.st.stm32cube.ide.mcu.externaltools.gnu-tools-for-stm32.10.3-2021.10.macos64_1.0.100.202210260954/tools/bin/../lib/gcc/arm-none-eabi/10.3.1/../../../../arm-none-eabi/lib/thumb/v7e-m+fp/hard/libc_nano.a(lib_a-strncat.o)
 .debug_frame   0x00000000000025ac       0x90 /Applications/STM32CubeIDE.app/Contents/Eclipse/plugins/com.st.stm32cube.ide.mcu.externaltools.gnu-tools-for-stm32.10.3-2021.10.macos64_1.0.100.202210260954/tools/bin/../lib/gcc/arm-none-eabi/10.3.1/../../../../arm-none-eabi/lib/thumb/v7e-m+fp/hard/libc_nano.a(lib_a-nano-svfprintf.o)
 .debug_frame   0x000000000000263c       0x60 /Applications/STM32CubeIDE.app/Contents/Eclipse/plugins/com.st.stm32cube.ide.mcu.externaltools.gnu-tools-for-stm32.10.3-2021.10.macos64_1.0.100.202210260954/tools/bin/../lib/gcc/arm-none-eabi/10.3.1/../../../../arm-none-eabi/lib/thumb/v7e-m+fp/hard/libc_nano.a(lib_a-nano-vfprintf_i.o)
 .debug_frame   0x000000000000269c       0x28 /Applications/STM32CubeIDE.app/Contents/Eclipse/plugins/com.st.stm32cube.ide.mcu.externaltools.gnu-tools-for-stm32.10.3-2021.10.macos64_1.0.100.202210260954/tools/bin/../lib/gcc/arm-none-eabi/10.3.1/../../../../arm-none-eabi/lib/thumb/v7e-m+fp/hard/libc_nano.a(lib_a-memmove.o)
 .debug_frame   0x00000000000026c4       0x38 /Applications/STM32CubeIDE.app/Contents/Eclipse/plugins/com.st.stm32cube.ide.mcu.externaltools.gnu-tools-for-stm32.10.3-2021.10.macos64_1.0.100.202210260954/tools/bin/../lib/gcc/arm-none-eabi/10.3.1/../../../../arm-none-eabi/lib/thumb/v7e-m+fp/hard/libc_nano.a(lib_a-nano-freer.o)
 .debug_frame   0x00000000000026fc       0x4c /Applications/STM32CubeIDE.app/Contents/Eclipse/plugins/com.st.stm32cube.ide.mcu.externaltools.gnu-tools-for-stm32.10.3-2021.10.macos64_1.0.100.202210260954/tools/bin/../lib/gcc/arm-none-eabi/10.3.1/../../../../arm-none-eabi/lib/thumb/v7e-m+fp/hard/libc_nano.a(lib_a-nano-mallocr.o)
 .debug_frame   0x0000000000002748       0x3c /Applications/STM32CubeIDE.app/Contents/Eclipse/plugins/com.st.stm32cube.ide.mcu.externaltools.gnu-tools-for-stm32.10.3-2021.10.macos64_1.0.100.202210260954/tools/bin/../lib/gcc/arm-none-eabi/10.3.1/../../../../arm-none-eabi/lib/thumb/v7e-m+fp/hard/libc_nano.a(lib_a-nano-reallocr.o)
 .debug_frame   0x0000000000002784       0x2c /Applications/STM32CubeIDE.app/Contents/Eclipse/plugins/com.st.stm32cube.ide.mcu.externaltools.gnu-tools-for-stm32.10.3-2021.10.macos64_1.0.100.202210260954/tools/bin/../lib/gcc/arm-none-eabi/10.3.1/../../../../arm-none-eabi/lib/thumb/v7e-m+fp/hard/libc_nano.a(lib_a-sbrkr.o)
 .debug_frame   0x00000000000027b0       0x30 /Applications/STM32CubeIDE.app/Contents/Eclipse/plugins/com.st.stm32cube.ide.mcu.externaltools.gnu-tools-for-stm32.10.3-2021.10.macos64_1.0.100.202210260954/tools/bin/../lib/gcc/arm-none-eabi/10.3.1/../../../../arm-none-eabi/lib/thumb/v7e-m+fp/hard/libc_nano.a(lib_a-mlock.o)
 .debug_frame   0x00000000000027e0       0x20 /Applications/STM32CubeIDE.app/Contents/Eclipse/plugins/com.st.stm32cube.ide.mcu.externaltools.gnu-tools-for-stm32.10.3-2021.10.macos64_1.0.100.202210260954/tools/bin/../lib/gcc/arm-none-eabi/10.3.1/../../../../arm-none-eabi/lib/thumb/v7e-m+fp/hard/libc_nano.a(lib_a-nano-msizer.o)
 .debug_frame   0x0000000000002800       0x5c /Applications/STM32CubeIDE.app/Contents/Eclipse/plugins/com.st.stm32cube.ide.mcu.externaltools.gnu-tools-for-stm32.10.3-2021.10.macos64_1.0.100.202210260954/tools/bin/../lib/gcc/arm-none-eabi/10.3.1/../../../../arm-none-eabi/lib/thumb/v7e-m+fp/hard/libc_nano.a(lib_a-reent.o)
 .debug_frame   0x000000000000285c       0xb0 /Applications/STM32CubeIDE.app/Contents/Eclipse/plugins/com.st.stm32cube.ide.mcu.externaltools.gnu-tools-for-stm32.10.3-2021.10.macos64_1.0.100.202210260954/tools/bin/../lib/gcc/arm-none-eabi/10.3.1/../../../../arm-none-eabi/lib/thumb/v7e-m+fp/hard/libc_nano.a(lib_a-lock.o)
 .debug_frame   0x000000000000290c       0x2c /Applications/STM32CubeIDE.app/Contents/Eclipse/plugins/com.st.stm32cube.ide.mcu.externaltools.gnu-tools-for-stm32.10.3-2021.10.macos64_1.0.100.202210260954/tools/bin/../lib/gcc/arm-none-eabi/10.3.1/thumb/v7e-m+fp/hard/libgcc.a(_aeabi_uldivmod.o)
 .debug_frame   0x0000000000002938       0x34 /Applications/STM32CubeIDE.app/Contents/Eclipse/plugins/com.st.stm32cube.ide.mcu.externaltools.gnu-tools-for-stm32.10.3-2021.10.macos64_1.0.100.202210260954/tools/bin/../lib/gcc/arm-none-eabi/10.3.1/thumb/v7e-m+fp/hard/libgcc.a(_udivmoddi4.o)
