Archive member included to satisfy reference by file (symbol)

/Applications/STM32CubeIDE.app/Contents/Eclipse/plugins/com.st.stm32cube.ide.mcu.externaltools.gnu-tools-for-stm32.10.3-2021.10.macos64_1.0.100.202210260954/tools/bin/../lib/gcc/arm-none-eabi/10.3.1/../../../../arm-none-eabi/lib/thumb/v7e-m+fp/hard/libc_nano.a(lib_a-errno.o)
                              ./Core/Src/syscalls.o (__errno)
/Applications/STM32CubeIDE.app/Contents/Eclipse/plugins/com.st.stm32cube.ide.mcu.externaltools.gnu-tools-for-stm32.10.3-2021.10.macos64_1.0.100.202210260954/tools/bin/../lib/gcc/arm-none-eabi/10.3.1/../../../../arm-none-eabi/lib/thumb/v7e-m+fp/hard/libc_nano.a(lib_a-exit.o)
                              /Applications/STM32CubeIDE.app/Contents/Eclipse/plugins/com.st.stm32cube.ide.mcu.externaltools.gnu-tools-for-stm32.10.3-2021.10.macos64_1.0.100.202210260954/tools/bin/../lib/gcc/arm-none-eabi/10.3.1/../../../../arm-none-eabi/lib/thumb/v7e-m+fp/hard/crt0.o (exit)
/Applications/STM32CubeIDE.app/Contents/Eclipse/plugins/com.st.stm32cube.ide.mcu.externaltools.gnu-tools-for-stm32.10.3-2021.10.macos64_1.0.100.202210260954/tools/bin/../lib/gcc/arm-none-eabi/10.3.1/../../../../arm-none-eabi/lib/thumb/v7e-m+fp/hard/libc_nano.a(lib_a-impure.o)
                              /Applications/STM32CubeIDE.app/Contents/Eclipse/plugins/com.st.stm32cube.ide.mcu.externaltools.gnu-tools-for-stm32.10.3-2021.10.macos64_1.0.100.202210260954/tools/bin/../lib/gcc/arm-none-eabi/10.3.1/../../../../arm-none-eabi/lib/thumb/v7e-m+fp/hard/libc_nano.a(lib_a-exit.o) (_global_impure_ptr)
/Applications/STM32CubeIDE.app/Contents/Eclipse/plugins/com.st.stm32cube.ide.mcu.externaltools.gnu-tools-for-stm32.10.3-2021.10.macos64_1.0.100.202210260954/tools/bin/../lib/gcc/arm-none-eabi/10.3.1/../../../../arm-none-eabi/lib/thumb/v7e-m+fp/hard/libc_nano.a(lib_a-init.o)
                              /Applications/STM32CubeIDE.app/Contents/Eclipse/plugins/com.st.stm32cube.ide.mcu.externaltools.gnu-tools-for-stm32.10.3-2021.10.macos64_1.0.100.202210260954/tools/bin/../lib/gcc/arm-none-eabi/10.3.1/../../../../arm-none-eabi/lib/thumb/v7e-m+fp/hard/crt0.o (__libc_init_array)
/Applications/STM32CubeIDE.app/Contents/Eclipse/plugins/com.st.stm32cube.ide.mcu.externaltools.gnu-tools-for-stm32.10.3-2021.10.macos64_1.0.100.202210260954/tools/bin/../lib/gcc/arm-none-eabi/10.3.1/../../../../arm-none-eabi/lib/thumb/v7e-m+fp/hard/libc_nano.a(lib_a-memcpy-stub.o)
                              ./Core/Src/MY_ILI9341.o (memcpy)
/Applications/STM32CubeIDE.app/Contents/Eclipse/plugins/com.st.stm32cube.ide.mcu.externaltools.gnu-tools-for-stm32.10.3-2021.10.macos64_1.0.100.202210260954/tools/bin/../lib/gcc/arm-none-eabi/10.3.1/../../../../arm-none-eabi/lib/thumb/v7e-m+fp/hard/libc_nano.a(lib_a-memset.o)
                              /Applications/STM32CubeIDE.app/Contents/Eclipse/plugins/com.st.stm32cube.ide.mcu.externaltools.gnu-tools-for-stm32.10.3-2021.10.macos64_1.0.100.202210260954/tools/bin/../lib/gcc/arm-none-eabi/10.3.1/../../../../arm-none-eabi/lib/thumb/v7e-m+fp/hard/crt0.o (memset)
/Applications/STM32CubeIDE.app/Contents/Eclipse/plugins/com.st.stm32cube.ide.mcu.externaltools.gnu-tools-for-stm32.10.3-2021.10.macos64_1.0.100.202210260954/tools/bin/../lib/gcc/arm-none-eabi/10.3.1/thumb/v7e-m+fp/hard/libgcc.a(_arm_muldf3.o)
                              ./Core/Src/TSC2046.o (__aeabi_dmul)
/Applications/STM32CubeIDE.app/Contents/Eclipse/plugins/com.st.stm32cube.ide.mcu.externaltools.gnu-tools-for-stm32.10.3-2021.10.macos64_1.0.100.202210260954/tools/bin/../lib/gcc/arm-none-eabi/10.3.1/thumb/v7e-m+fp/hard/libgcc.a(_arm_addsubdf3.o)
                              ./Core/Src/TSC2046.o (__aeabi_i2d)
/Applications/STM32CubeIDE.app/Contents/Eclipse/plugins/com.st.stm32cube.ide.mcu.externaltools.gnu-tools-for-stm32.10.3-2021.10.macos64_1.0.100.202210260954/tools/bin/../lib/gcc/arm-none-eabi/10.3.1/thumb/v7e-m+fp/hard/libgcc.a(_arm_fixunsdfsi.o)
                              ./Core/Src/TSC2046.o (__aeabi_d2uiz)
/Applications/STM32CubeIDE.app/Contents/Eclipse/plugins/com.st.stm32cube.ide.mcu.externaltools.gnu-tools-for-stm32.10.3-2021.10.macos64_1.0.100.202210260954/tools/bin/../lib/gcc/arm-none-eabi/10.3.1/thumb/v7e-m+fp/hard/libgcc.a(_aeabi_uldivmod.o)
                              ./Drivers/STM32F4xx_HAL_Driver/Src/stm32f4xx_hal_rcc.o (__aeabi_uldivmod)
/Applications/STM32CubeIDE.app/Contents/Eclipse/plugins/com.st.stm32cube.ide.mcu.externaltools.gnu-tools-for-stm32.10.3-2021.10.macos64_1.0.100.202210260954/tools/bin/../lib/gcc/arm-none-eabi/10.3.1/thumb/v7e-m+fp/hard/libgcc.a(_udivmoddi4.o)
                              /Applications/STM32CubeIDE.app/Contents/Eclipse/plugins/com.st.stm32cube.ide.mcu.externaltools.gnu-tools-for-stm32.10.3-2021.10.macos64_1.0.100.202210260954/tools/bin/../lib/gcc/arm-none-eabi/10.3.1/thumb/v7e-m+fp/hard/libgcc.a(_aeabi_uldivmod.o) (__udivmoddi4)
[...]
Memory Configuration

Name             Origin             Length             Attributes
RAM              0x0000000020000000 0x0000000000020000 xrw
FLASH            0x0000000008000000 0x0000000000080000 xr
*default*        0x0000000000000000 0xffffffffffffffff

Linker script and memory map

LOAD /Applications/STM32CubeIDE.app/Contents/Eclipse/plugins/com.st.stm32cube.ide.mcu.externaltools.gnu-tools-for-stm32.10.3-2021.10.macos64_1.0.100.202210260954/tools/bin/../lib/gcc/arm-none-eabi/10.3.1/thumb/v7e-m+fp/hard/crti.o
LOAD /Applications/STM32CubeIDE.app/Contents/Eclipse/plugins/com.st.stm32cube.ide.mcu.externaltools.gnu-tools-for-stm32.10.3-2021.10.macos64_1.0.100.202210260954/tools/bin/../lib/gcc/arm-none-eabi/10.3.1/thumb/v7e-m+fp/hard/crtbegin.o
LOAD /Applications/STM32CubeIDE.app/Contents/Eclipse/plugins/com.st.stm32cube.ide.mcu.externaltools.gnu-tools-for-stm32.10.3-2021.10.macos64_1.0.100.202210260954/tools/bin/../lib/gcc/arm-none-eabi/10.3.1/../../../../arm-none-eabi/lib/thumb/v7e-m+fp/hard/crt0.o
LOAD ./Core/Src/MY_ILI9341.o
LOAD ./Core/Src/TSC2046.o
LOAD ./Core/Src/lcd_touch.o
LOAD ./Core/Src/main.o
LOAD ./Core/Src/stm32f4xx_hal_msp.o
LOAD ./Core/Src/stm32f4xx_it.o
LOAD ./Core/Src/syscalls.o
LOAD ./Core/Src/sysmem.o
LOAD ./Core/Src/system_stm32f4xx.o
LOAD ./Core/Startup/startup_stm32f446retx.o
LOAD ./Drivers/STM32F4xx_HAL_Driver/Src/stm32f4xx_hal.o
LOAD ./Drivers/STM32F4xx_HAL_Driver/Src/stm32f4xx_hal_adc.o
LOAD ./Drivers/STM32F4xx_HAL_Driver/Src/stm32f4xx_hal_adc_ex.o
LOAD ./Drivers/STM32F4xx_HAL_Driver/Src/stm32f4xx_hal_cortex.o
LOAD ./Drivers/STM32F4xx_HAL_Driver/Src/stm32f4xx_hal_dma.o
LOAD ./Drivers/STM32F4xx_HAL_Driver/Src/stm32f4xx_hal_dma_ex.o
LOAD ./Drivers/STM32F4xx_HAL_Driver/Src/stm32f4xx_hal_exti.o
LOAD ./Drivers/STM32F4xx_HAL_Driver/Src/stm32f4xx_hal_flash.o
LOAD ./Drivers/STM32F4xx_HAL_Driver/Src/stm32f4xx_hal_flash_ex.o
LOAD ./Drivers/STM32F4xx_HAL_Driver/Src/stm32f4xx_hal_flash_ramfunc.o
LOAD ./Drivers/STM32F4xx_HAL_Driver/Src/stm32f4xx_hal_gpio.o
LOAD ./Drivers/STM32F4xx_HAL_Driver/Src/stm32f4xx_hal_pwr.o
LOAD ./Drivers/STM32F4xx_HAL_Driver/Src/stm32f4xx_hal_pwr_ex.o
LOAD ./Drivers/STM32F4xx_HAL_Driver/Src/stm32f4xx_hal_rcc.o
LOAD ./Drivers/STM32F4xx_HAL_Driver/Src/stm32f4xx_hal_rcc_ex.o
LOAD ./Drivers/STM32F4xx_HAL_Driver/Src/stm32f4xx_hal_spi.o
LOAD ./Drivers/STM32F4xx_HAL_Driver/Src/stm32f4xx_hal_tim.o
LOAD ./Drivers/STM32F4xx_HAL_Driver/Src/stm32f4xx_hal_tim_ex.o
LOAD ./Drivers/STM32F4xx_HAL_Driver/Src/stm32f4xx_ll_adc.o
START GROUP
LOAD /Applications/STM32CubeIDE.app/Contents/Eclipse/plugins/com.st.stm32cube.ide.mcu.externaltools.gnu-tools-for-stm32.10.3-2021.10.macos64_1.0.100.202210260954/tools/bin/../lib/gcc/arm-none-eabi/10.3.1/../../../../arm-none-eabi/lib/thumb/v7e-m+fp/hard/libc_nano.a
LOAD /Applications/STM32CubeIDE.app/Contents/Eclipse/plugins/com.st.stm32cube.ide.mcu.externaltools.gnu-tools-for-stm32.10.3-2021.10.macos64_1.0.100.202210260954/tools/bin/../lib/gcc/arm-none-eabi/10.3.1/../../../../arm-none-eabi/lib/thumb/v7e-m+fp/hard/libm.a
END GROUP
START GROUP
LOAD /Applications/STM32CubeIDE.app/Contents/Eclipse/plugins/com.st.stm32cube.ide.mcu.externaltools.gnu-tools-for-stm32.10.3-2021.10.macos64_1.0.100.202210260954/tools/bin/../lib/gcc/arm-none-eabi/10.3.1/thumb/v7e-m+fp/hard/libgcc.a
LOAD /Applications/STM32CubeIDE.app/Contents/Eclipse/plugins/com.st.stm32cube.ide.mcu.externaltools.gnu-tools-for-stm32.10.3-2021.10.macos64_1.0.100.202210260954/tools/bin/../lib/gcc/arm-none-eabi/10.3.1/../../../../arm-none-eabi/lib/thumb/v7e-m+fp/hard/libc_nano.a
END GROUP
START GROUP
LOAD /Applications/STM32CubeIDE.app/Contents/Eclipse/plugins/com.st.stm32cube.ide.mcu.externaltools.gnu-tools-for-stm32.10.3-2021.10.macos64_1.0.100.202210260954/tools/bin/../lib/gcc/arm-none-eabi/10.3.1/thumb/v7e-m+fp/hard/libgcc.a
LOAD /Applications/STM32CubeIDE.app/Contents/Eclipse/plugins/com.st.stm32cube.ide.mcu.externaltools.gnu-tools-for-stm32.10.3-2021.10.macos64_1.0.100.202210260954/tools/bin/../lib/gcc/arm-none-eabi/10.3.1/../../../../arm-none-eabi/lib/thumb/v7e-m+fp/hard/libc_nano.a
LOAD /Applications/STM32CubeIDE.app/Contents/Eclipse/plugins/com.st.stm32cube.ide.mcu.externaltools.gnu-tools-for-stm32.10.3-2021.10.macos64_1.0.100.202210260954/tools/bin/../lib/gcc/arm-none-eabi/10.3.1/../../../../arm-none-eabi/lib/thumb/v7e-m+fp/hard/libnosys.a
END GROUP
START GROUP
LOAD /Applications/STM32CubeIDE.app/Contents/Eclipse/plugins/com.st.stm32cube.ide.mcu.externaltools.gnu-tools-for-stm32.10.3-2021.10.macos64_1.0.100.202210260954/tools/bin/../lib/gcc/arm-none-eabi/10.3.1/thumb/v7e-m+fp/hard/libgcc.a
LOAD /Applications/STM32CubeIDE.app/Contents/Eclipse/plugins/com.st.stm32cube.ide.mcu.externaltools.gnu-tools-for-stm32.10.3-2021.10.macos64_1.0.100.202210260954/tools/bin/../lib/gcc/arm-none-eabi/10.3.1/../../../../arm-none-eabi/lib/thumb/v7e-m+fp/hard/libc_nano.a
LOAD /Applications/STM32CubeIDE.app/Contents/Eclipse/plugins/com.st.stm32cube.ide.mcu.externaltools.gnu-tools-for-stm32.10.3-2021.10.macos64_1.0.100.202210260954/tools/bin/../lib/gcc/arm-none-eabi/10.3.1/../../../../arm-none-eabi/lib/thumb/v7e-m+fp/hard/libnosys.a
END GROUP
LOAD /Applications/STM32CubeIDE.app/Contents/Eclipse/plugins/com.st.stm32cube.ide.mcu.externaltools.gnu-tools-for-stm32.10.3-2021.10.macos64_1.0.100.202210260954/tools/bin/../lib/gcc/arm-none-eabi/10.3.1/thumb/v7e-m+fp/hard/crtend.o
LOAD /Applications/STM32CubeIDE.app/Contents/Eclipse/plugins/com.st.stm32cube.ide.mcu.externaltools.gnu-tools-for-stm32.10.3-2021.10.macos64_1.0.100.202210260954/tools/bin/../lib/gcc/arm-none-eabi/10.3.1/thumb/v7e-m+fp/hard/crtn.o
                0x0000000020020000                _estack = (ORIGIN (RAM) + LENGTH (RAM))
                0x0000000000000200                _Min_Heap_Size = 0x200
                0x0000000000000400                _Min_Stack_Size = 0x400

.isr_vector     0x0000000008000000      0x1c4
                0x0000000008000000                . = ALIGN (0x4)
 *(.isr_vector)
 .isr_vector    0x0000000008000000      0x1c4 ./Core/Startup/startup_stm32f446retx.o
                0x0000000008000000                g_pfnVectors
                0x00000000080001c4                . = ALIGN (0x4)

.text           0x00000000080001c8     0x503c
                0x00000000080001c8                . = ALIGN (0x4)
 *(.text)
 .text          0x00000000080001c8       0x40 /Applications/STM32CubeIDE.app/Contents/Eclipse/plugins/com.st.stm32cube.ide.mcu.externaltools.gnu-tools-for-stm32.10.3-2021.10.macos64_1.0.100.202210260954/tools/bin/../lib/gcc/arm-none-eabi/10.3.1/thumb/v7e-m+fp/hard/crtbegin.o
 .text          0x0000000008000208      0x254 /Applications/STM32CubeIDE.app/Contents/Eclipse/plugins/com.st.stm32cube.ide.mcu.externaltools.gnu-tools-for-stm32.10.3-2021.10.macos64_1.0.100.202210260954/tools/bin/../lib/gcc/arm-none-eabi/10.3.1/thumb/v7e-m+fp/hard/libgcc.a(_arm_muldf3.o)
                0x0000000008000208                __aeabi_dmul
                0x0000000008000208                __muldf3
 .text          0x000000000800045c      0x378 /Applications/STM32CubeIDE.app/Contents/Eclipse/plugins/com.st.stm32cube.ide.mcu.externaltools.gnu-tools-for-stm32.10.3-2021.10.macos64_1.0.100.202210260954/tools/bin/../lib/gcc/arm-none-eabi/10.3.1/thumb/v7e-m+fp/hard/libgcc.a(_arm_addsubdf3.o)
                0x000000000800045c                __aeabi_drsub
                0x0000000008000464                __subdf3
                0x0000000008000464                __aeabi_dsub
                0x0000000008000468                __aeabi_dadd
                0x0000000008000468                __adddf3
                0x00000000080006e0                __aeabi_ui2d
                0x00000000080006e0                __floatunsidf
                0x0000000008000700                __floatsidf
                0x0000000008000700                __aeabi_i2d
                0x0000000008000724                __extendsfdf2
                0x0000000008000724                __aeabi_f2d
                0x0000000008000768                __aeabi_ul2d
                0x0000000008000768                __floatundidf
                0x0000000008000778                __aeabi_l2d
                0x0000000008000778                __floatdidf
 .text          0x00000000080007d4       0x40 /Applications/STM32CubeIDE.app/Contents/Eclipse/plugins/com.st.stm32cube.ide.mcu.externaltools.gnu-tools-for-stm32.10.3-2021.10.macos64_1.0.100.202210260954/tools/bin/../lib/gcc/arm-none-eabi/10.3.1/thumb/v7e-m+fp/hard/libgcc.a(_arm_fixunsdfsi.o)
                0x00000000080007d4                __fixunsdfsi
                0x00000000080007d4                __aeabi_d2uiz
 .text          0x0000000008000814       0x30 /Applications/STM32CubeIDE.app/Contents/Eclipse/plugins/com.st.stm32cube.ide.mcu.externaltools.gnu-tools-for-stm32.10.3-2021.10.macos64_1.0.100.202210260954/tools/bin/../lib/gcc/arm-none-eabi/10.3.1/thumb/v7e-m+fp/hard/libgcc.a(_aeabi_uldivmod.o)
                0x0000000008000814                __aeabi_uldivmod
 .text          0x0000000008000844      0x2d0 /Applications/STM32CubeIDE.app/Contents/Eclipse/plugins/com.st.stm32cube.ide.mcu.externaltools.gnu-tools-for-stm32.10.3-2021.10.macos64_1.0.100.202210260954/tools/bin/../lib/gcc/arm-none-eabi/10.3.1/thumb/v7e-m+fp/hard/libgcc.a(_udivmoddi4.o)
                0x0000000008000844                __udivmoddi4
 .text          0x0000000008000b14        0x4 /Applications/STM32CubeIDE.app/Contents/Eclipse/plugins/com.st.stm32cube.ide.mcu.externaltools.gnu-tools-for-stm32.10.3-2021.10.macos64_1.0.100.202210260954/tools/bin/../lib/gcc/arm-none-eabi/10.3.1/thumb/v7e-m+fp/hard/libgcc.a(_dvmd_tls.o)
                0x0000000008000b14                __aeabi_ldiv0
                0x0000000008000b14                __aeabi_idiv0
 *(.text*)
 .text.ILI9341_SendCommand
                0x0000000008000b18       0x68 ./Core/Src/MY_ILI9341.o
                0x0000000008000b18                ILI9341_SendCommand
 .text.ILI9341_SendData
                0x0000000008000b80       0x68 ./Core/Src/MY_ILI9341.o
                0x0000000008000b80                ILI9341_SendData
 .text.ILI9341_SetCursorPosition
                0x0000000008000be8       0x98 ./Core/Src/MY_ILI9341.o
                0x0000000008000be8                ILI9341_SetCursorPosition
 .text.ILI9341_Init
                0x0000000008000c80      0x180 ./Core/Src/MY_ILI9341.o
                0x0000000008000c80                ILI9341_Init
 .text.ILI9341_DrawPixel
                0x0000000008000e00       0x3e ./Core/Src/MY_ILI9341.o
                0x0000000008000e00                ILI9341_DrawPixel
 *fill*         0x0000000008000e3e        0x2 
 .text.ILI9341_Fill
                0x0000000008000e40       0x88 ./Core/Src/MY_ILI9341.o
                0x0000000008000e40                ILI9341_Fill
 .text.ILI9341_Fill_Rect
                0x0000000008000ec8       0x76 ./Core/Src/MY_ILI9341.o
                0x0000000008000ec8                ILI9341_Fill_Rect
 .text.fillCircleHelper
                0x0000000008000f3e      0x164 ./Core/Src/MY_ILI9341.o
 .text.ILI9341_fillCircle
                0x00000000080010a2       0x60 ./Core/Src/MY_ILI9341.o
                0x00000000080010a2                ILI9341_fillCircle
 .text.ILI9341_drawLine
                0x0000000008001102      0x13c ./Core/Src/MY_ILI9341.o
                0x0000000008001102                ILI9341_drawLine
 .text.ILI9341_drawFastVLine
                0x000000000800123e       0x4a ./Core/Src/MY_ILI9341.o
                0x000000000800123e                ILI9341_drawFastVLine
 .text.ILI9341_drawChar
                0x0000000008001288      0x28c ./Core/Src/MY_ILI9341.o
                0x0000000008001288                ILI9341_drawChar
 .text.ILI9341_printText
                0x0000000008001514       0x82 ./Core/Src/MY_ILI9341.o
                0x0000000008001514                ILI9341_printText
 *fill*         0x0000000008001596        0x2 
 .text.ILI9341_setRotation
                0x0000000008001598       0x98 ./Core/Src/MY_ILI9341.o
                0x0000000008001598                ILI9341_setRotation
 .text.ILI9341_getRotation
                0x0000000008001630       0x18 ./Core/Src/MY_ILI9341.o
                0x0000000008001630                ILI9341_getRotation
 .text.TSC2046_SendCommand
                0x0000000008001648       0x94 ./Core/Src/TSC2046.o
                0x0000000008001648                TSC2046_SendCommand
 *fill*         0x00000000080016dc        0x4 
 .text.TSC2046_Calibrate
                0x00000000080016e0      0x248 ./Core/Src/TSC2046.o
                0x00000000080016e0                TSC2046_Calibrate
 .text.TSC2046_GetRawTouch
                0x0000000008001928      0x108 ./Core/Src/TSC2046.o
                0x0000000008001928                TSC2046_GetRawTouch
 .text.TSC2046_Begin
                0x0000000008001a30       0x4c ./Core/Src/TSC2046.o
                0x0000000008001a30                TSC2046_Begin
 .text.TSC2046_getRaw_X
                0x0000000008001a7c       0x20 ./Core/Src/TSC2046.o
                0x0000000008001a7c                TSC2046_getRaw_X
 .text.TSC2046_getRaw_Y
                0x0000000008001a9c       0x20 ./Core/Src/TSC2046.o
                0x0000000008001a9c                TSC2046_getRaw_Y
 .text.TSC2046_getRaw_Z
                0x0000000008001abc       0x20 ./Core/Src/TSC2046.o
                0x0000000008001abc                TSC2046_getRaw_Z
 .text.TSC2046_TL_point
                0x0000000008001adc       0x38 ./Core/Src/TSC2046.o
                0x0000000008001adc                TSC2046_TL_point
 .text.TSC2046_BR_point
                0x0000000008001b14       0x5c ./Core/Src/TSC2046.o
                0x0000000008001b14                TSC2046_BR_point
 .text.TSC2046_getOrientation
                0x0000000008001b70        0xe ./Core/Src/TSC2046.o
                0x0000000008001b70                TSC2046_getOrientation
 .text.fclamp   0x0000000008001b7e       0x52 ./Core/Src/lcd_touch.o
 .text.adc_norm_x
                0x0000000008001bd0       0x30 ./Core/Src/lcd_touch.o
 .text.adc_norm_y
                0x0000000008001c00       0x30 ./Core/Src/lcd_touch.o
 .text.ADC_GetValue
                0x0000000008001c30       0x48 ./Core/Src/lcd_touch.o
 .text.GPIO_SetPinMode
                0x0000000008001c78       0x32 ./Core/Src/lcd_touch.o
 *fill*         0x0000000008001caa        0x2 
 .text.ADC_GPIOA_init
                0x0000000008001cac       0x30 ./Core/Src/lcd_touch.o
 .text.touchX   0x0000000008001cdc       0x68 ./Core/Src/lcd_touch.o
 .text.touchY   0x0000000008001d44       0x8c ./Core/Src/lcd_touch.o
 .text.LCD_Touch_Init
                0x0000000008001dd0       0x44 ./Core/Src/lcd_touch.o
                0x0000000008001dd0                LCD_Touch_Init
 .text.GPIO_DrawMode
                0x0000000008001e14       0x88 ./Core/Src/lcd_touch.o
 .text.GPIO_InterruptMode
                0x0000000008001e9c       0xb4 ./Core/Src/lcd_touch.o
 .text.LCD_SetMode
                0x0000000008001f50       0x2e ./Core/Src/lcd_touch.o
                0x0000000008001f50                LCD_SetMode
 *fill*         0x0000000008001f7e        0x2 
 .text.LCD_Touch_Read
                0x0000000008001f80      0x100 ./Core/Src/lcd_touch.o
                0x0000000008001f80                LCD_Touch_Read
 .text.main     0x0000000008002080      0x258 ./Core/Src/main.o
                0x0000000008002080                main
 .text.SystemClock_Config
                0x00000000080022d8       0xe4 ./Core/Src/main.o
                0x00000000080022d8                SystemClock_Config
 .text.MX_ADC1_Init
                0x00000000080023bc       0xa4 ./Core/Src/main.o
 .text.MX_ADC2_Init
                0x0000000008002460       0xa4 ./Core/Src/main.o
 .text.MX_SPI1_Init
                0x0000000008002504       0x6c ./Core/Src/main.o
 .text.MX_SPI2_Init
                0x0000000008002570       0x6c ./Core/Src/main.o
 .text.MX_GPIO_Init
                0x00000000080025dc      0x114 ./Core/Src/main.o
 .text.Error_Handler
                0x00000000080026f0        0xa ./Core/Src/main.o
                0x00000000080026f0                Error_Handler
 *fill*         0x00000000080026fa        0x2 
 .text.HAL_MspInit
                0x00000000080026fc       0x50 ./Core/Src/stm32f4xx_hal_msp.o
                0x00000000080026fc                HAL_MspInit
 .text.HAL_ADC_MspInit
                0x000000000800274c       0xe8 ./Core/Src/stm32f4xx_hal_msp.o
                0x000000000800274c                HAL_ADC_MspInit
 .text.HAL_SPI_MspInit
                0x0000000008002834      0x198 ./Core/Src/stm32f4xx_hal_msp.o
                0x0000000008002834                HAL_SPI_MspInit
 .text.NMI_Handler
                0x00000000080029cc        0x6 ./Core/Src/stm32f4xx_it.o
                0x00000000080029cc                NMI_Handler
 .text.HardFault_Handler
                0x00000000080029d2        0x6 ./Core/Src/stm32f4xx_it.o
                0x00000000080029d2                HardFault_Handler
 .text.MemManage_Handler
                0x00000000080029d8        0x6 ./Core/Src/stm32f4xx_it.o
                0x00000000080029d8                MemManage_Handler
 .text.BusFault_Handler
                0x00000000080029de        0x6 ./Core/Src/stm32f4xx_it.o
                0x00000000080029de                BusFault_Handler
 .text.UsageFault_Handler
                0x00000000080029e4        0x6 ./Core/Src/stm32f4xx_it.o
                0x00000000080029e4                UsageFault_Handler
 .text.SVC_Handler
                0x00000000080029ea        0xe ./Core/Src/stm32f4xx_it.o
                0x00000000080029ea                SVC_Handler
 .text.DebugMon_Handler
                0x00000000080029f8        0xe ./Core/Src/stm32f4xx_it.o
                0x00000000080029f8                DebugMon_Handler
 .text.PendSV_Handler
                0x0000000008002a06        0xe ./Core/Src/stm32f4xx_it.o
                0x0000000008002a06                PendSV_Handler
 .text.SysTick_Handler
                0x0000000008002a14        0xc ./Core/Src/stm32f4xx_it.o
                0x0000000008002a14                SysTick_Handler
 .text.SystemInit
                0x0000000008002a20       0x24 ./Core/Src/system_stm32f4xx.o
                0x0000000008002a20                SystemInit
 .text.Reset_Handler
                0x0000000008002a44       0x50 ./Core/Startup/startup_stm32f446retx.o
                0x0000000008002a44                Reset_Handler
 .text.Default_Handler
                0x0000000008002a94        0x2 ./Core/Startup/startup_stm32f446retx.o
                0x0000000008002a94                DMA1_Stream3_IRQHandler
                0x0000000008002a94                EXTI2_IRQHandler
                0x0000000008002a94                TIM8_CC_IRQHandler
                0x0000000008002a94                FMPI2C1_EV_IRQHandler
                0x0000000008002a94                SPI4_IRQHandler
                0x0000000008002a94                TIM1_CC_IRQHandler
                0x0000000008002a94                DMA2_Stream5_IRQHandler
                0x0000000008002a94                DMA1_Stream5_IRQHandler
                0x0000000008002a94                PVD_IRQHandler
                0x0000000008002a94                SDIO_IRQHandler
                0x0000000008002a94                TAMP_STAMP_IRQHandler
                0x0000000008002a94                CAN2_RX1_IRQHandler
                0x0000000008002a94                EXTI3_IRQHandler
                0x0000000008002a94                TIM8_TRG_COM_TIM14_IRQHandler
                0x0000000008002a94                TIM1_UP_TIM10_IRQHandler
                0x0000000008002a94                TIM8_UP_TIM13_IRQHandler
                0x0000000008002a94                I2C3_ER_IRQHandler
                0x0000000008002a94                EXTI0_IRQHandler
                0x0000000008002a94                I2C2_EV_IRQHandler
                0x0000000008002a94                DMA1_Stream2_IRQHandler
                0x0000000008002a94                CAN1_RX0_IRQHandler
                0x0000000008002a94                FPU_IRQHandler
                0x0000000008002a94                OTG_HS_WKUP_IRQHandler
                0x0000000008002a94                CAN2_SCE_IRQHandler
                0x0000000008002a94                DMA2_Stream2_IRQHandler
                0x0000000008002a94                SPI1_IRQHandler
                0x0000000008002a94                TIM6_DAC_IRQHandler
                0x0000000008002a94                TIM1_BRK_TIM9_IRQHandler
                0x0000000008002a94                DCMI_IRQHandler
                0x0000000008002a94                CAN2_RX0_IRQHandler
                0x0000000008002a94                DMA2_Stream3_IRQHandler
                0x0000000008002a94                SAI2_IRQHandler
                0x0000000008002a94                USART6_IRQHandler
                0x0000000008002a94                USART3_IRQHandler
                0x0000000008002a94                CAN1_RX1_IRQHandler
                0x0000000008002a94                UART5_IRQHandler
                0x0000000008002a94                DMA2_Stream0_IRQHandler
                0x0000000008002a94                TIM4_IRQHandler
                0x0000000008002a94                QUADSPI_IRQHandler
                0x0000000008002a94                I2C1_EV_IRQHandler
                0x0000000008002a94                DMA1_Stream6_IRQHandler
                0x0000000008002a94                DMA1_Stream1_IRQHandler
                0x0000000008002a94                UART4_IRQHandler
                0x0000000008002a94                TIM3_IRQHandler
                0x0000000008002a94                RCC_IRQHandler
                0x0000000008002a94                TIM8_BRK_TIM12_IRQHandler
                0x0000000008002a94                Default_Handler
                0x0000000008002a94                CEC_IRQHandler
                0x0000000008002a94                EXTI15_10_IRQHandler
                0x0000000008002a94                ADC_IRQHandler
                0x0000000008002a94                DMA1_Stream7_IRQHandler
                0x0000000008002a94                TIM7_IRQHandler
                0x0000000008002a94                CAN2_TX_IRQHandler
                0x0000000008002a94                TIM5_IRQHandler
                0x0000000008002a94                DMA2_Stream7_IRQHandler
                0x0000000008002a94                I2C3_EV_IRQHandler
                0x0000000008002a94                EXTI9_5_IRQHandler
                0x0000000008002a94                RTC_WKUP_IRQHandler
                0x0000000008002a94                SPDIF_RX_IRQHandler
                0x0000000008002a94                SPI2_IRQHandler
                0x0000000008002a94                OTG_HS_EP1_IN_IRQHandler
                0x0000000008002a94                DMA1_Stream0_IRQHandler
                0x0000000008002a94                CAN1_TX_IRQHandler
                0x0000000008002a94                FMPI2C1_ER_IRQHandler
                0x0000000008002a94                EXTI4_IRQHandler
                0x0000000008002a94                OTG_HS_EP1_OUT_IRQHandler
                0x0000000008002a94                WWDG_IRQHandler
                0x0000000008002a94                TIM2_IRQHandler
                0x0000000008002a94                OTG_FS_WKUP_IRQHandler
                0x0000000008002a94                TIM1_TRG_COM_TIM11_IRQHandler
                0x0000000008002a94                OTG_HS_IRQHandler
                0x0000000008002a94                EXTI1_IRQHandler
                0x0000000008002a94                USART2_IRQHandler
                0x0000000008002a94                I2C2_ER_IRQHandler
                0x0000000008002a94                DMA2_Stream1_IRQHandler
                0x0000000008002a94                CAN1_SCE_IRQHandler
                0x0000000008002a94                FLASH_IRQHandler
                0x0000000008002a94                DMA2_Stream4_IRQHandler
                0x0000000008002a94                USART1_IRQHandler
                0x0000000008002a94                OTG_FS_IRQHandler
                0x0000000008002a94                SPI3_IRQHandler
                0x0000000008002a94                DMA1_Stream4_IRQHandler
                0x0000000008002a94                I2C1_ER_IRQHandler
                0x0000000008002a94                FMC_IRQHandler
                0x0000000008002a94                DMA2_Stream6_IRQHandler
                0x0000000008002a94                SAI1_IRQHandler
                0x0000000008002a94                RTC_Alarm_IRQHandler
 *fill*         0x0000000008002a96        0x2 
 .text.HAL_Init
                0x0000000008002a98       0x44 ./Drivers/STM32F4xx_HAL_Driver/Src/stm32f4xx_hal.o
                0x0000000008002a98                HAL_Init
 .text.HAL_InitTick
                0x0000000008002adc       0x60 ./Drivers/STM32F4xx_HAL_Driver/Src/stm32f4xx_hal.o
                0x0000000008002adc                HAL_InitTick
 .text.HAL_IncTick
                0x0000000008002b3c       0x28 ./Drivers/STM32F4xx_HAL_Driver/Src/stm32f4xx_hal.o
                0x0000000008002b3c                HAL_IncTick
 .text.HAL_GetTick
                0x0000000008002b64       0x18 ./Drivers/STM32F4xx_HAL_Driver/Src/stm32f4xx_hal.o
                0x0000000008002b64                HAL_GetTick
 .text.HAL_Delay
                0x0000000008002b7c       0x48 ./Drivers/STM32F4xx_HAL_Driver/Src/stm32f4xx_hal.o
                0x0000000008002b7c                HAL_Delay
 .text.HAL_ADC_Init
                0x0000000008002bc4       0x86 ./Drivers/STM32F4xx_HAL_Driver/Src/stm32f4xx_hal_adc.o
                0x0000000008002bc4                HAL_ADC_Init
 *fill*         0x0000000008002c4a        0x2 
 .text.HAL_ADC_Start
                0x0000000008002c4c      0x1a4 ./Drivers/STM32F4xx_HAL_Driver/Src/stm32f4xx_hal_adc.o
                0x0000000008002c4c                HAL_ADC_Start
 .text.HAL_ADC_Stop
                0x0000000008002df0       0x66 ./Drivers/STM32F4xx_HAL_Driver/Src/stm32f4xx_hal_adc.o
                0x0000000008002df0                HAL_ADC_Stop
 .text.HAL_ADC_PollForConversion
                0x0000000008002e56      0x116 ./Drivers/STM32F4xx_HAL_Driver/Src/stm32f4xx_hal_adc.o
                0x0000000008002e56                HAL_ADC_PollForConversion
 .text.HAL_ADC_GetValue
                0x0000000008002f6c       0x1a ./Drivers/STM32F4xx_HAL_Driver/Src/stm32f4xx_hal_adc.o
                0x0000000008002f6c                HAL_ADC_GetValue
 *fill*         0x0000000008002f86        0x2 
 .text.HAL_ADC_ConfigChannel
                0x0000000008002f88      0x264 ./Drivers/STM32F4xx_HAL_Driver/Src/stm32f4xx_hal_adc.o
                0x0000000008002f88                HAL_ADC_ConfigChannel
 .text.ADC_Init
                0x00000000080031ec      0x1f8 ./Drivers/STM32F4xx_HAL_Driver/Src/stm32f4xx_hal_adc.o
 .text.__NVIC_SetPriorityGrouping
                0x00000000080033e4       0x48 ./Drivers/STM32F4xx_HAL_Driver/Src/stm32f4xx_hal_cortex.o
 .text.__NVIC_GetPriorityGrouping
                0x000000000800342c       0x1c ./Drivers/STM32F4xx_HAL_Driver/Src/stm32f4xx_hal_cortex.o
 .text.__NVIC_EnableIRQ
                0x0000000008003448       0x3c ./Drivers/STM32F4xx_HAL_Driver/Src/stm32f4xx_hal_cortex.o
 .text.__NVIC_DisableIRQ
                0x0000000008003484       0x48 ./Drivers/STM32F4xx_HAL_Driver/Src/stm32f4xx_hal_cortex.o
 .text.__NVIC_ClearPendingIRQ
                0x00000000080034cc       0x3c ./Drivers/STM32F4xx_HAL_Driver/Src/stm32f4xx_hal_cortex.o
 .text.__NVIC_SetPriority
                0x0000000008003508       0x54 ./Drivers/STM32F4xx_HAL_Driver/Src/stm32f4xx_hal_cortex.o
 .text.NVIC_EncodePriority
                0x000000000800355c       0x66 ./Drivers/STM32F4xx_HAL_Driver/Src/stm32f4xx_hal_cortex.o
 *fill*         0x00000000080035c2        0x2 
 .text.SysTick_Config
                0x00000000080035c4       0x44 ./Drivers/STM32F4xx_HAL_Driver/Src/stm32f4xx_hal_cortex.o
 .text.HAL_NVIC_SetPriorityGrouping
                0x0000000008003608       0x16 ./Drivers/STM32F4xx_HAL_Driver/Src/stm32f4xx_hal_cortex.o
                0x0000000008003608                HAL_NVIC_SetPriorityGrouping
 .text.HAL_NVIC_SetPriority
                0x000000000800361e       0x38 ./Drivers/STM32F4xx_HAL_Driver/Src/stm32f4xx_hal_cortex.o
                0x000000000800361e                HAL_NVIC_SetPriority
 .text.HAL_NVIC_EnableIRQ
                0x0000000008003656       0x1c ./Drivers/STM32F4xx_HAL_Driver/Src/stm32f4xx_hal_cortex.o
                0x0000000008003656                HAL_NVIC_EnableIRQ
 .text.HAL_NVIC_DisableIRQ
                0x0000000008003672       0x1c ./Drivers/STM32F4xx_HAL_Driver/Src/stm32f4xx_hal_cortex.o
                0x0000000008003672                HAL_NVIC_DisableIRQ
 .text.HAL_SYSTICK_Config
                0x000000000800368e       0x18 ./Drivers/STM32F4xx_HAL_Driver/Src/stm32f4xx_hal_cortex.o
                0x000000000800368e                HAL_SYSTICK_Config
 .text.HAL_NVIC_ClearPendingIRQ
                0x00000000080036a6       0x1c ./Drivers/STM32F4xx_HAL_Driver/Src/stm32f4xx_hal_cortex.o
                0x00000000080036a6                HAL_NVIC_ClearPendingIRQ
 *fill*         0x00000000080036c2        0x2 
 .text.HAL_GPIO_Init
                0x00000000080036c4      0x328 ./Drivers/STM32F4xx_HAL_Driver/Src/stm32f4xx_hal_gpio.o
                0x00000000080036c4                HAL_GPIO_Init
 .text.HAL_GPIO_WritePin
                0x00000000080039ec       0x32 ./Drivers/STM32F4xx_HAL_Driver/Src/stm32f4xx_hal_gpio.o
                0x00000000080039ec                HAL_GPIO_WritePin
 *fill*         0x0000000008003a1e        0x2 
 .text.HAL_PWREx_EnableOverDrive
                0x0000000008003a20       0xa0 ./Drivers/STM32F4xx_HAL_Driver/Src/stm32f4xx_hal_pwr_ex.o
                0x0000000008003a20                HAL_PWREx_EnableOverDrive
 .text.HAL_RCC_ClockConfig
                0x0000000008003ac0      0x1cc ./Drivers/STM32F4xx_HAL_Driver/Src/stm32f4xx_hal_rcc.o
                0x0000000008003ac0                HAL_RCC_ClockConfig
 .text.HAL_RCC_GetSysClockFreq
                0x0000000008003c8c      0x460 ./Drivers/STM32F4xx_HAL_Driver/Src/stm32f4xx_hal_rcc_ex.o
                0x0000000008003c8c                HAL_RCC_GetSysClockFreq
 .text.HAL_RCC_OscConfig
                0x00000000080040ec      0x53c ./Drivers/STM32F4xx_HAL_Driver/Src/stm32f4xx_hal_rcc_ex.o
                0x00000000080040ec                HAL_RCC_OscConfig
 .text.HAL_SPI_Init
                0x0000000008004628      0x112 ./Drivers/STM32F4xx_HAL_Driver/Src/stm32f4xx_hal_spi.o
                0x0000000008004628                HAL_SPI_Init
 .text.HAL_SPI_Transmit
                0x000000000800473a      0x278 ./Drivers/STM32F4xx_HAL_Driver/Src/stm32f4xx_hal_spi.o
                0x000000000800473a                HAL_SPI_Transmit
 .text.HAL_SPI_Receive
                0x00000000080049b2      0x222 ./Drivers/STM32F4xx_HAL_Driver/Src/stm32f4xx_hal_spi.o
                0x00000000080049b2                HAL_SPI_Receive
 .text.HAL_SPI_TransmitReceive
                0x0000000008004bd4      0x344 ./Drivers/STM32F4xx_HAL_Driver/Src/stm32f4xx_hal_spi.o
                0x0000000008004bd4                HAL_SPI_TransmitReceive
 .text.SPI_WaitFlagStateUntilTimeout
                0x0000000008004f18      0x110 ./Drivers/STM32F4xx_HAL_Driver/Src/stm32f4xx_hal_spi.o
 .text.SPI_EndRxTransaction
                0x0000000008005028       0xca ./Drivers/STM32F4xx_HAL_Driver/Src/stm32f4xx_hal_spi.o
 *fill*         0x00000000080050f2        0x2 
 .text.SPI_EndRxTxTransaction
                0x00000000080050f4       0x84 ./Drivers/STM32F4xx_HAL_Driver/Src/stm32f4xx_hal_spi.o
 .text.__libc_init_array
                0x0000000008005178       0x48 /Applications/STM32CubeIDE.app/Contents/Eclipse/plugins/com.st.stm32cube.ide.mcu.externaltools.gnu-tools-for-stm32.10.3-2021.10.macos64_1.0.100.202210260954/tools/bin/../lib/gcc/arm-none-eabi/10.3.1/../../../../arm-none-eabi/lib/thumb/v7e-m+fp/hard/libc_nano.a(lib_a-init.o)
                0x0000000008005178                __libc_init_array
 .text.memcpy   0x00000000080051c0       0x1c /Applications/STM32CubeIDE.app/Contents/Eclipse/plugins/com.st.stm32cube.ide.mcu.externaltools.gnu-tools-for-stm32.10.3-2021.10.macos64_1.0.100.202210260954/tools/bin/../lib/gcc/arm-none-eabi/10.3.1/../../../../arm-none-eabi/lib/thumb/v7e-m+fp/hard/libc_nano.a(lib_a-memcpy-stub.o)
                0x00000000080051c0                memcpy
 .text.memset   0x00000000080051dc       0x10 /Applications/STM32CubeIDE.app/Contents/Eclipse/plugins/com.st.stm32cube.ide.mcu.externaltools.gnu-tools-for-stm32.10.3-2021.10.macos64_1.0.100.202210260954/tools/bin/../lib/gcc/arm-none-eabi/10.3.1/../../../../arm-none-eabi/lib/thumb/v7e-m+fp/hard/libc_nano.a(lib_a-memset.o)
                0x00000000080051dc                memset
 *(.glue_7)
 .glue_7        0x00000000080051ec        0x0 linker stubs
 *(.glue_7t)
 .glue_7t       0x00000000080051ec        0x0 linker stubs
 *(.eh_frame)
 .eh_frame      0x00000000080051ec        0x0 /Applications/STM32CubeIDE.app/Contents/Eclipse/plugins/com.st.stm32cube.ide.mcu.externaltools.gnu-tools-for-stm32.10.3-2021.10.macos64_1.0.100.202210260954/tools/bin/../lib/gcc/arm-none-eabi/10.3.1/thumb/v7e-m+fp/hard/crtbegin.o
 *(.init)
 .init          0x00000000080051ec        0x4 /Applications/STM32CubeIDE.app/Contents/Eclipse/plugins/com.st.stm32cube.ide.mcu.externaltools.gnu-tools-for-stm32.10.3-2021.10.macos64_1.0.100.202210260954/tools/bin/../lib/gcc/arm-none-eabi/10.3.1/thumb/v7e-m+fp/hard/crti.o
                0x00000000080051ec                _init
 .init          0x00000000080051f0        0x8 /Applications/STM32CubeIDE.app/Contents/Eclipse/plugins/com.st.stm32cube.ide.mcu.externaltools.gnu-tools-for-stm32.10.3-2021.10.macos64_1.0.100.202210260954/tools/bin/../lib/gcc/arm-none-eabi/10.3.1/thumb/v7e-m+fp/hard/crtn.o
 *(.fini)
 .fini          0x00000000080051f8        0x4 /Applications/STM32CubeIDE.app/Contents/Eclipse/plugins/com.st.stm32cube.ide.mcu.externaltools.gnu-tools-for-stm32.10.3-2021.10.macos64_1.0.100.202210260954/tools/bin/../lib/gcc/arm-none-eabi/10.3.1/thumb/v7e-m+fp/hard/crti.o
                0x00000000080051f8                _fini
 .fini          0x00000000080051fc        0x8 /Applications/STM32CubeIDE.app/Contents/Eclipse/plugins/com.st.stm32cube.ide.mcu.externaltools.gnu-tools-for-stm32.10.3-2021.10.macos64_1.0.100.202210260954/tools/bin/../lib/gcc/arm-none-eabi/10.3.1/thumb/v7e-m+fp/hard/crtn.o
                0x0000000008005204                . = ALIGN (0x4)
                0x0000000008005204                _etext = .

.vfp11_veneer   0x0000000008005204        0x0
 .vfp11_veneer  0x0000000008005204        0x0 linker stubs

.v4_bx          0x0000000008005204        0x0
 .v4_bx         0x0000000008005204        0x0 linker stubs

.iplt           0x0000000008005204        0x0
 .iplt          0x0000000008005204        0x0 /Applications/STM32CubeIDE.app/Contents/Eclipse/plugins/com.st.stm32cube.ide.mcu.externaltools.gnu-tools-for-stm32.10.3-2021.10.macos64_1.0.100.202210260954/tools/bin/../lib/gcc/arm-none-eabi/10.3.1/thumb/v7e-m+fp/hard/crtbegin.o

.rodata         0x0000000008005204      0x5b0
                0x0000000008005204                . = ALIGN (0x4)
 *(.rodata)
 .rodata        0x0000000008005204        0xf ./Core/Src/TSC2046.o
 *fill*         0x0000000008005213        0x1 
 .rodata        0x0000000008005214       0x90 ./Core/Src/main.o
 *(.rodata*)
 .rodata.font1  0x00000000080052a4      0x500 ./Core/Src/MY_ILI9341.o
 .rodata.AHBPrescTable
                0x00000000080057a4       0x10 ./Core/Src/system_stm32f4xx.o
                0x00000000080057a4                AHBPrescTable
                0x00000000080057b4                . = ALIGN (0x4)

.ARM.extab      0x00000000080057b4        0x0
                0x00000000080057b4                . = ALIGN (0x4)
 *(.ARM.extab* .gnu.linkonce.armextab.*)
                0x00000000080057b4                . = ALIGN (0x4)

.ARM            0x00000000080057b4        0x8
                0x00000000080057b4                . = ALIGN (0x4)
                0x00000000080057b4                __exidx_start = .
 *(.ARM.exidx*)
 .ARM.exidx     0x00000000080057b4        0x8 /Applications/STM32CubeIDE.app/Contents/Eclipse/plugins/com.st.stm32cube.ide.mcu.externaltools.gnu-tools-for-stm32.10.3-2021.10.macos64_1.0.100.202210260954/tools/bin/../lib/gcc/arm-none-eabi/10.3.1/thumb/v7e-m+fp/hard/libgcc.a(_udivmoddi4.o)
                0x00000000080057bc                __exidx_end = .
                0x00000000080057bc                . = ALIGN (0x4)

.rel.dyn        0x00000000080057bc        0x0
 .rel.iplt      0x00000000080057bc        0x0 /Applications/STM32CubeIDE.app/Contents/Eclipse/plugins/com.st.stm32cube.ide.mcu.externaltools.gnu-tools-for-stm32.10.3-2021.10.macos64_1.0.100.202210260954/tools/bin/../lib/gcc/arm-none-eabi/10.3.1/thumb/v7e-m+fp/hard/crtbegin.o

.preinit_array  0x00000000080057bc        0x0
                0x00000000080057bc                . = ALIGN (0x4)
                0x00000000080057bc                PROVIDE (__preinit_array_start = .)
 *(.preinit_array*)
                0x00000000080057bc                PROVIDE (__preinit_array_end = .)
                0x00000000080057bc                . = ALIGN (0x4)

.init_array     0x00000000080057bc        0x4
                0x00000000080057bc                . = ALIGN (0x4)
                0x00000000080057bc                PROVIDE (__init_array_start = .)
 *(SORT_BY_NAME(.init_array.*))
 *(.init_array*)
 .init_array    0x00000000080057bc        0x4 /Applications/STM32CubeIDE.app/Contents/Eclipse/plugins/com.st.stm32cube.ide.mcu.externaltools.gnu-tools-for-stm32.10.3-2021.10.macos64_1.0.100.202210260954/tools/bin/../lib/gcc/arm-none-eabi/10.3.1/thumb/v7e-m+fp/hard/crtbegin.o
                0x00000000080057c0                PROVIDE (__init_array_end = .)
                0x00000000080057c0                . = ALIGN (0x4)

.fini_array     0x00000000080057c0        0x4
                0x00000000080057c0                . = ALIGN (0x4)
                [!provide]                        PROVIDE (__fini_array_start = .)
 *(SORT_BY_NAME(.fini_array.*))
 *(.fini_array*)
 .fini_array    0x00000000080057c0        0x4 /Applications/STM32CubeIDE.app/Contents/Eclipse/plugins/com.st.stm32cube.ide.mcu.externaltools.gnu-tools-for-stm32.10.3-2021.10.macos64_1.0.100.202210260954/tools/bin/../lib/gcc/arm-none-eabi/10.3.1/thumb/v7e-m+fp/hard/crtbegin.o
                [!provide]                        PROVIDE (__fini_array_end = .)
                0x00000000080057c4                . = ALIGN (0x4)
                0x00000000080057c4                _sidata = LOADADDR (.data)

.data           0x0000000020000000       0x10 load address 0x00000000080057c4
                0x0000000020000000                . = ALIGN (0x4)
                0x0000000020000000                _sdata = .
 *(.data)
 *(.data*)
 .data.rotationNum
                0x0000000020000000        0x1 ./Core/Src/MY_ILI9341.o
 .data.CMD_Default
                0x0000000020000001        0x1 ./Core/Src/TSC2046.o
 *fill*         0x0000000020000002        0x2 
 .data.SystemCoreClock
                0x0000000020000004        0x4 ./Core/Src/system_stm32f4xx.o
                0x0000000020000004                SystemCoreClock
 .data.uwTickPrio
                0x0000000020000008        0x4 ./Drivers/STM32F4xx_HAL_Driver/Src/stm32f4xx_hal.o
                0x0000000020000008                uwTickPrio
 .data.uwTickFreq
                0x000000002000000c        0x1 ./Drivers/STM32F4xx_HAL_Driver/Src/stm32f4xx_hal.o
                0x000000002000000c                uwTickFreq
 *(.RamFunc)
 *(.RamFunc*)
                0x0000000020000010                . = ALIGN (0x4)
 *fill*         0x000000002000000d        0x3 
                0x0000000020000010                _edata = .

.igot.plt       0x0000000020000010        0x0 load address 0x00000000080057d4
 .igot.plt      0x0000000020000010        0x0 /Applications/STM32CubeIDE.app/Contents/Eclipse/plugins/com.st.stm32cube.ide.mcu.externaltools.gnu-tools-for-stm32.10.3-2021.10.macos64_1.0.100.202210260954/tools/bin/../lib/gcc/arm-none-eabi/10.3.1/thumb/v7e-m+fp/hard/crtbegin.o
                0x0000000020000010                . = ALIGN (0x4)

.bss            0x0000000020000010      0x26c load address 0x00000000080057d4
                0x0000000020000010                _sbss = .
                0x0000000020000010                __bss_start__ = _sbss
 *(.bss)
 .bss           0x0000000020000010       0x1c /Applications/STM32CubeIDE.app/Contents/Eclipse/plugins/com.st.stm32cube.ide.mcu.externaltools.gnu-tools-for-stm32.10.3-2021.10.macos64_1.0.100.202210260954/tools/bin/../lib/gcc/arm-none-eabi/10.3.1/thumb/v7e-m+fp/hard/crtbegin.o
 *(.bss*)
 .bss._cp437    0x000000002000002c        0x1 ./Core/Src/MY_ILI9341.o
 *fill*         0x000000002000002d        0x3 
 .bss.lcdSPIhandle
                0x0000000020000030       0x58 ./Core/Src/MY_ILI9341.o
 .bss.tftCS_GPIO
                0x0000000020000088        0x4 ./Core/Src/MY_ILI9341.o
 .bss.tftCS_PIN
                0x000000002000008c        0x2 ./Core/Src/MY_ILI9341.o
 *fill*         0x000000002000008e        0x2 
 .bss.tftDC_GPIO
                0x0000000020000090        0x4 ./Core/Src/MY_ILI9341.o
 .bss.tftDC_PIN
                0x0000000020000094        0x2 ./Core/Src/MY_ILI9341.o
 *fill*         0x0000000020000096        0x2 
 .bss.tftRESET_GPIO
                0x0000000020000098        0x4 ./Core/Src/MY_ILI9341.o
 .bss.tftRESET_PIN
                0x000000002000009c        0x2 ./Core/Src/MY_ILI9341.o
 *fill*         0x000000002000009e        0x2 
 .bss.tsSPIhandle
                0x00000000200000a0       0x58 ./Core/Src/TSC2046.o
 .bss.tsCS_GPIO
                0x00000000200000f8        0x4 ./Core/Src/TSC2046.o
 .bss.tsCS_PIN  0x00000000200000fc        0x2 ./Core/Src/TSC2046.o
 .bss.ScreenOrientation
                0x00000000200000fe        0x1 ./Core/Src/TSC2046.o
 *fill*         0x00000000200000ff        0x1 
 .bss.myTS_Calibrate
                0x0000000020000100       0x1c ./Core/Src/TSC2046.o
 .bss.localRawTouch
                0x000000002000011c        0x4 ./Core/Src/TSC2046.o
 .bss.hadcX     0x0000000020000120        0x4 ./Core/Src/lcd_touch.o
 .bss.hadcY     0x0000000020000124        0x4 ./Core/Src/lcd_touch.o
 .bss.ADC_ChannelX
                0x0000000020000128        0x4 ./Core/Src/lcd_touch.o
 .bss.ADC_ChannelY
                0x000000002000012c        0x4 ./Core/Src/lcd_touch.o
 .bss.m_touch_state
                0x0000000020000130        0x1 ./Core/Src/lcd_touch.o
 *fill*         0x0000000020000131        0x3 
 .bss.m_last_point_ref
                0x0000000020000134        0x4 ./Core/Src/lcd_touch.o
 .bss.hadc1     0x0000000020000138       0x48 ./Core/Src/main.o
                0x0000000020000138                hadc1
 .bss.hadc2     0x0000000020000180       0x48 ./Core/Src/main.o
                0x0000000020000180                hadc2
 .bss.hspi1     0x00000000200001c8       0x58 ./Core/Src/main.o
                0x00000000200001c8                hspi1
 .bss.hspi2     0x0000000020000220       0x58 ./Core/Src/main.o
                0x0000000020000220                hspi2
 .bss.uwTick    0x0000000020000278        0x4 ./Drivers/STM32F4xx_HAL_Driver/Src/stm32f4xx_hal.o
                0x0000000020000278                uwTick
 *(COMMON)
                0x000000002000027c                . = ALIGN (0x4)
                0x000000002000027c                _ebss = .
                0x000000002000027c                __bss_end__ = _ebss

._user_heap_stack
                0x000000002000027c      0x604 load address 0x00000000080057d4
                0x0000000020000280                . = ALIGN (0x8)
 *fill*         0x000000002000027c        0x4 
                [!provide]                        PROVIDE (end = .)
                0x0000000020000280                PROVIDE (_end = .)
                0x0000000020000480                . = (. + _Min_Heap_Size)
 *fill*         0x0000000020000280      0x200 
                0x0000000020000880                . = (. + _Min_Stack_Size)
 *fill*         0x0000000020000480      0x400 
                0x0000000020000880                . = ALIGN (0x8)

/DISCARD/
 libc.a(*)
 libm.a(*)
 libgcc.a(*)

.ARM.attributes
                0x0000000000000000       0x30
 *(.ARM.attributes)
 .ARM.attributes
                0x0000000000000000       0x1e /Applications/STM32CubeIDE.app/Contents/Eclipse/plugins/com.st.stm32cube.ide.mcu.externaltools.gnu-tools-for-stm32.10.3-2021.10.macos64_1.0.100.202210260954/tools/bin/../lib/gcc/arm-none-eabi/10.3.1/thumb/v7e-m+fp/hard/crti.o
 .ARM.attributes
                0x000000000000001e       0x34 /Applications/STM32CubeIDE.app/Contents/Eclipse/plugins/com.st.stm32cube.ide.mcu.externaltools.gnu-tools-for-stm32.10.3-2021.10.macos64_1.0.100.202210260954/tools/bin/../lib/gcc/arm-none-eabi/10.3.1/thumb/v7e-m+fp/hard/crtbegin.o
 .ARM.attributes
                0x0000000000000052       0x34 ./Core/Src/MY_ILI9341.o
 .ARM.attributes
                0x0000000000000086       0x34 ./Core/Src/TSC2046.o
 .ARM.attributes
                0x00000000000000ba       0x34 ./Core/Src/lcd_touch.o
 .ARM.attributes
                0x00000000000000ee       0x34 ./Core/Src/main.o
 .ARM.attributes
                0x0000000000000122       0x34 ./Core/Src/stm32f4xx_hal_msp.o
 .ARM.attributes
                0x0000000000000156       0x34 ./Core/Src/stm32f4xx_it.o
 .ARM.attributes
                0x000000000000018a       0x34 ./Core/Src/system_stm32f4xx.o
 .ARM.attributes
                0x00000000000001be       0x21 ./Core/Startup/startup_stm32f446retx.o
 .ARM.attributes
                0x00000000000001df       0x34 ./Drivers/STM32F4xx_HAL_Driver/Src/stm32f4xx_hal.o
 .ARM.attributes
                0x0000000000000213       0x34 ./Drivers/STM32F4xx_HAL_Driver/Src/stm32f4xx_hal_adc.o
 .ARM.attributes
                0x0000000000000247       0x34 ./Drivers/STM32F4xx_HAL_Driver/Src/stm32f4xx_hal_cortex.o
 .ARM.attributes
                0x000000000000027b       0x34 ./Drivers/STM32F4xx_HAL_Driver/Src/stm32f4xx_hal_gpio.o
 .ARM.attributes
                0x00000000000002af       0x34 ./Drivers/STM32F4xx_HAL_Driver/Src/stm32f4xx_hal_pwr_ex.o
 .ARM.attributes
                0x00000000000002e3       0x34 ./Drivers/STM32F4xx_HAL_Driver/Src/stm32f4xx_hal_rcc.o
 .ARM.attributes
                0x0000000000000317       0x34 ./Drivers/STM32F4xx_HAL_Driver/Src/stm32f4xx_hal_rcc_ex.o
 .ARM.attributes
                0x000000000000034b       0x34 ./Drivers/STM32F4xx_HAL_Driver/Src/stm32f4xx_hal_spi.o
 .ARM.attributes
                0x000000000000037f       0x34 /Applications/STM32CubeIDE.app/Contents/Eclipse/plugins/com.st.stm32cube.ide.mcu.externaltools.gnu-tools-for-stm32.10.3-2021.10.macos64_1.0.100.202210260954/tools/bin/../lib/gcc/arm-none-eabi/10.3.1/../../../../arm-none-eabi/lib/thumb/v7e-m+fp/hard/libc_nano.a(lib_a-init.o)
 .ARM.attributes
                0x00000000000003b3       0x34 /Applications/STM32CubeIDE.app/Contents/Eclipse/plugins/com.st.stm32cube.ide.mcu.externaltools.gnu-tools-for-stm32.10.3-2021.10.macos64_1.0.100.202210260954/tools/bin/../lib/gcc/arm-none-eabi/10.3.1/../../../../arm-none-eabi/lib/thumb/v7e-m+fp/hard/libc_nano.a(lib_a-memcpy-stub.o)
 .ARM.attributes
                0x00000000000003e7       0x34 /Applications/STM32CubeIDE.app/Contents/Eclipse/plugins/com.st.stm32cube.ide.mcu.externaltools.gnu-tools-for-stm32.10.3-2021.10.macos64_1.0.100.202210260954/tools/bin/../lib/gcc/arm-none-eabi/10.3.1/../../../../arm-none-eabi/lib/thumb/v7e-m+fp/hard/libc_nano.a(lib_a-memset.o)
 .ARM.attributes
                0x000000000000041b       0x1e /Applications/STM32CubeIDE.app/Contents/Eclipse/plugins/com.st.stm32cube.ide.mcu.externaltools.gnu-tools-for-stm32.10.3-2021.10.macos64_1.0.100.202210260954/tools/bin/../lib/gcc/arm-none-eabi/10.3.1/thumb/v7e-m+fp/hard/libgcc.a(_arm_muldf3.o)
 .ARM.attributes
                0x0000000000000439       0x1e /Applications/STM32CubeIDE.app/Contents/Eclipse/plugins/com.st.stm32cube.ide.mcu.externaltools.gnu-tools-for-stm32.10.3-2021.10.macos64_1.0.100.202210260954/tools/bin/../lib/gcc/arm-none-eabi/10.3.1/thumb/v7e-m+fp/hard/libgcc.a(_arm_addsubdf3.o)
 .ARM.attributes
                0x0000000000000457       0x1e /Applications/STM32CubeIDE.app/Contents/Eclipse/plugins/com.st.stm32cube.ide.mcu.externaltools.gnu-tools-for-stm32.10.3-2021.10.macos64_1.0.100.202210260954/tools/bin/../lib/gcc/arm-none-eabi/10.3.1/thumb/v7e-m+fp/hard/libgcc.a(_arm_fixunsdfsi.o)
 .ARM.attributes
                0x0000000000000475       0x1e /Applications/STM32CubeIDE.app/Contents/Eclipse/plugins/com.st.stm32cube.ide.mcu.externaltools.gnu-tools-for-stm32.10.3-2021.10.macos64_1.0.100.202210260954/tools/bin/../lib/gcc/arm-none-eabi/10.3.1/thumb/v7e-m+fp/hard/libgcc.a(_aeabi_uldivmod.o)
 .ARM.attributes
                0x0000000000000493       0x34 /Applications/STM32CubeIDE.app/Contents/Eclipse/plugins/com.st.stm32cube.ide.mcu.externaltools.gnu-tools-for-stm32.10.3-2021.10.macos64_1.0.100.202210260954/tools/bin/../lib/gcc/arm-none-eabi/10.3.1/thumb/v7e-m+fp/hard/libgcc.a(_udivmoddi4.o)
 .ARM.attributes
                0x00000000000004c7       0x1e /Applications/STM32CubeIDE.app/Contents/Eclipse/plugins/com.st.stm32cube.ide.mcu.externaltools.gnu-tools-for-stm32.10.3-2021.10.macos64_1.0.100.202210260954/tools/bin/../lib/gcc/arm-none-eabi/10.3.1/thumb/v7e-m+fp/hard/libgcc.a(_dvmd_tls.o)
 .ARM.attributes
                0x00000000000004e5       0x1e /Applications/STM32CubeIDE.app/Contents/Eclipse/plugins/com.st.stm32cube.ide.mcu.externaltools.gnu-tools-for-stm32.10.3-2021.10.macos64_1.0.100.202210260954/tools/bin/../lib/gcc/arm-none-eabi/10.3.1/thumb/v7e-m+fp/hard/crtn.o
OUTPUT(hh.elf elf32-littlearm)
LOAD linker stubs
LOAD /Applications/STM32CubeIDE.app/Contents/Eclipse/plugins/com.st.stm32cube.ide.mcu.externaltools.gnu-tools-for-stm32.10.3-2021.10.macos64_1.0.100.202210260954/tools/bin/../lib/gcc/arm-none-eabi/10.3.1/../../../../arm-none-eabi/lib/thumb/v7e-m+fp/hard/libc.a
LOAD /Applications/STM32CubeIDE.app/Contents/Eclipse/plugins/com.st.stm32cube.ide.mcu.externaltools.gnu-tools-for-stm32.10.3-2021.10.macos64_1.0.100.202210260954/tools/bin/../lib/gcc/arm-none-eabi/10.3.1/../../../../arm-none-eabi/lib/thumb/v7e-m+fp/hard/libm.a
LOAD /Applications/STM32CubeIDE.app/Contents/Eclipse/plugins/com.st.stm32cube.ide.mcu.externaltools.gnu-tools-for-stm32.10.3-2021.10.macos64_1.0.100.202210260954/tools/bin/../lib/gcc/arm-none-eabi/10.3.1/thumb/v7e-m+fp/hard/libgcc.a

.debug_info     0x0000000000000000     0xb7bf
 .debug_info    0x0000000000000000     0x13f3 ./Core/Src/MY_ILI9341.o
 .debug_info    0x00000000000013f3      0xba4 ./Core/Src/TSC2046.o
 .debug_info    0x0000000000001f97     0x1207 ./Core/Src/lcd_touch.o
 .debug_info    0x000000000000319e     0x12a9 ./Core/Src/main.o
 .debug_info    0x0000000000004447      0xdb0 ./Core/Src/stm32f4xx_hal_msp.o
 .debug_info    0x00000000000051f7      0x121 ./Core/Src/stm32f4xx_it.o
 .debug_info    0x0000000000005318      0x55b ./Core/Src/system_stm32f4xx.o
 .debug_info    0x0000000000005873       0x22 ./Core/Startup/startup_stm32f446retx.o
 .debug_info    0x0000000000005895      0x9d2 ./Drivers/STM32F4xx_HAL_Driver/Src/stm32f4xx_hal.o
 .debug_info    0x0000000000006267      0xd70 ./Drivers/STM32F4xx_HAL_Driver/Src/stm32f4xx_hal_adc.o
 .debug_info    0x0000000000006fd7      0xe39 ./Drivers/STM32F4xx_HAL_Driver/Src/stm32f4xx_hal_cortex.o
 .debug_info    0x0000000000007e10      0x7be ./Drivers/STM32F4xx_HAL_Driver/Src/stm32f4xx_hal_gpio.o
 .debug_info    0x00000000000085ce      0x702 ./Drivers/STM32F4xx_HAL_Driver/Src/stm32f4xx_hal_pwr_ex.o
 .debug_info    0x0000000000008cd0      0x9ab ./Drivers/STM32F4xx_HAL_Driver/Src/stm32f4xx_hal_rcc.o
 .debug_info    0x000000000000967b      0x9ec ./Drivers/STM32F4xx_HAL_Driver/Src/stm32f4xx_hal_rcc_ex.o
 .debug_info    0x000000000000a067     0x1758 ./Drivers/STM32F4xx_HAL_Driver/Src/stm32f4xx_hal_spi.o

.debug_abbrev   0x0000000000000000     0x1fcd
 .debug_abbrev  0x0000000000000000      0x24f ./Core/Src/MY_ILI9341.o
 .debug_abbrev  0x000000000000024f      0x23f ./Core/Src/TSC2046.o
 .debug_abbrev  0x000000000000048e      0x323 ./Core/Src/lcd_touch.o
 .debug_abbrev  0x00000000000007b1      0x2a3 ./Core/Src/main.o
 .debug_abbrev  0x0000000000000a54      0x1d6 ./Core/Src/stm32f4xx_hal_msp.o
 .debug_abbrev  0x0000000000000c2a       0x74 ./Core/Src/stm32f4xx_it.o
 .debug_abbrev  0x0000000000000c9e      0x116 ./Core/Src/system_stm32f4xx.o
 .debug_abbrev  0x0000000000000db4       0x12 ./Core/Startup/startup_stm32f446retx.o
 .debug_abbrev  0x0000000000000dc6      0x20d ./Drivers/STM32F4xx_HAL_Driver/Src/stm32f4xx_hal.o
 .debug_abbrev  0x0000000000000fd3      0x244 ./Drivers/STM32F4xx_HAL_Driver/Src/stm32f4xx_hal_adc.o
 .debug_abbrev  0x0000000000001217      0x316 ./Drivers/STM32F4xx_HAL_Driver/Src/stm32f4xx_hal_cortex.o
 .debug_abbrev  0x000000000000152d      0x1c4 ./Drivers/STM32F4xx_HAL_Driver/Src/stm32f4xx_hal_gpio.o
 .debug_abbrev  0x00000000000016f1      0x1c9 ./Drivers/STM32F4xx_HAL_Driver/Src/stm32f4xx_hal_pwr_ex.o
 .debug_abbrev  0x00000000000018ba      0x2aa ./Drivers/STM32F4xx_HAL_Driver/Src/stm32f4xx_hal_rcc.o
 .debug_abbrev  0x0000000000001b64      0x1fb ./Drivers/STM32F4xx_HAL_Driver/Src/stm32f4xx_hal_rcc_ex.o
 .debug_abbrev  0x0000000000001d5f      0x26e ./Drivers/STM32F4xx_HAL_Driver/Src/stm32f4xx_hal_spi.o

.debug_aranges  0x0000000000000000      0x990
 .debug_aranges
                0x0000000000000000       0xc8 ./Core/Src/MY_ILI9341.o
 .debug_aranges
                0x00000000000000c8       0x70 ./Core/Src/TSC2046.o
 .debug_aranges
                0x0000000000000138       0x98 ./Core/Src/lcd_touch.o
 .debug_aranges
                0x00000000000001d0       0x58 ./Core/Src/main.o
 .debug_aranges
                0x0000000000000228       0x40 ./Core/Src/stm32f4xx_hal_msp.o
 .debug_aranges
                0x0000000000000268       0x60 ./Core/Src/stm32f4xx_it.o
 .debug_aranges
                0x00000000000002c8       0x28 ./Core/Src/system_stm32f4xx.o
 .debug_aranges
                0x00000000000002f0       0x28 ./Core/Startup/startup_stm32f446retx.o
 .debug_aranges
                0x0000000000000318       0xf0 ./Drivers/STM32F4xx_HAL_Driver/Src/stm32f4xx_hal.o
 .debug_aranges
                0x0000000000000408       0xe8 ./Drivers/STM32F4xx_HAL_Driver/Src/stm32f4xx_hal_adc.o
 .debug_aranges
                0x00000000000004f0      0x118 ./Drivers/STM32F4xx_HAL_Driver/Src/stm32f4xx_hal_cortex.o
 .debug_aranges
                0x0000000000000608       0x58 ./Drivers/STM32F4xx_HAL_Driver/Src/stm32f4xx_hal_gpio.o
 .debug_aranges
                0x0000000000000660       0x60 ./Drivers/STM32F4xx_HAL_Driver/Src/stm32f4xx_hal_pwr_ex.o
 .debug_aranges
                0x00000000000006c0       0x88 ./Drivers/STM32F4xx_HAL_Driver/Src/stm32f4xx_hal_rcc.o
 .debug_aranges
                0x0000000000000748       0x78 ./Drivers/STM32F4xx_HAL_Driver/Src/stm32f4xx_hal_rcc_ex.o
 .debug_aranges
                0x00000000000007c0      0x1d0 ./Drivers/STM32F4xx_HAL_Driver/Src/stm32f4xx_hal_spi.o

.debug_ranges   0x0000000000000000      0x898
 .debug_ranges  0x0000000000000000       0xb8 ./Core/Src/MY_ILI9341.o
 .debug_ranges  0x00000000000000b8       0x60 ./Core/Src/TSC2046.o
 .debug_ranges  0x0000000000000118       0x88 ./Core/Src/lcd_touch.o
 .debug_ranges  0x00000000000001a0       0x48 ./Core/Src/main.o
 .debug_ranges  0x00000000000001e8       0x30 ./Core/Src/stm32f4xx_hal_msp.o
 .debug_ranges  0x0000000000000218       0x50 ./Core/Src/stm32f4xx_it.o
 .debug_ranges  0x0000000000000268       0x18 ./Core/Src/system_stm32f4xx.o
 .debug_ranges  0x0000000000000280       0x20 ./Core/Startup/startup_stm32f446retx.o
 .debug_ranges  0x00000000000002a0       0xe0 ./Drivers/STM32F4xx_HAL_Driver/Src/stm32f4xx_hal.o
 .debug_ranges  0x0000000000000380       0xd8 ./Drivers/STM32F4xx_HAL_Driver/Src/stm32f4xx_hal_adc.o
 .debug_ranges  0x0000000000000458      0x108 ./Drivers/STM32F4xx_HAL_Driver/Src/stm32f4xx_hal_cortex.o
 .debug_ranges  0x0000000000000560       0x48 ./Drivers/STM32F4xx_HAL_Driver/Src/stm32f4xx_hal_gpio.o
 .debug_ranges  0x00000000000005a8       0x50 ./Drivers/STM32F4xx_HAL_Driver/Src/stm32f4xx_hal_pwr_ex.o
 .debug_ranges  0x00000000000005f8       0x78 ./Drivers/STM32F4xx_HAL_Driver/Src/stm32f4xx_hal_rcc.o
 .debug_ranges  0x0000000000000670       0x68 ./Drivers/STM32F4xx_HAL_Driver/Src/stm32f4xx_hal_rcc_ex.o
 .debug_ranges  0x00000000000006d8      0x1c0 ./Drivers/STM32F4xx_HAL_Driver/Src/stm32f4xx_hal_spi.o

.debug_macro    0x0000000000000000    0x235cf
 .debug_macro   0x0000000000000000      0x3b1 ./Core/Src/MY_ILI9341.o
 .debug_macro   0x00000000000003b1      0xa78 ./Core/Src/MY_ILI9341.o
 .debug_macro   0x0000000000000e29       0x22 ./Core/Src/MY_ILI9341.o
 .debug_macro   0x0000000000000e4b      0x29b ./Core/Src/MY_ILI9341.o
 .debug_macro   0x00000000000010e6       0x2e ./Core/Src/MY_ILI9341.o
 .debug_macro   0x0000000000001114       0x28 ./Core/Src/MY_ILI9341.o
 .debug_macro   0x000000000000113c       0x22 ./Core/Src/MY_ILI9341.o
 .debug_macro   0x000000000000115e       0x8e ./Core/Src/MY_ILI9341.o
 .debug_macro   0x00000000000011ec       0x51 ./Core/Src/MY_ILI9341.o
 .debug_macro   0x000000000000123d      0x103 ./Core/Src/MY_ILI9341.o
 .debug_macro   0x0000000000001340       0x6a ./Core/Src/MY_ILI9341.o
 .debug_macro   0x00000000000013aa      0x1df ./Core/Src/MY_ILI9341.o
 .debug_macro   0x0000000000001589       0x1c ./Core/Src/MY_ILI9341.o
 .debug_macro   0x00000000000015a5       0x22 ./Core/Src/MY_ILI9341.o
 .debug_macro   0x00000000000015c7       0xd9 ./Core/Src/MY_ILI9341.o
 .debug_macro   0x00000000000016a0     0x102d ./Core/Src/MY_ILI9341.o
 .debug_macro   0x00000000000026cd      0x11f ./Core/Src/MY_ILI9341.o
 .debug_macro   0x00000000000027ec    0x16749 ./Core/Src/MY_ILI9341.o
 .debug_macro   0x0000000000018f35       0x6d ./Core/Src/MY_ILI9341.o
 .debug_macro   0x0000000000018fa2     0x367e ./Core/Src/MY_ILI9341.o
 .debug_macro   0x000000000001c620      0x174 ./Core/Src/MY_ILI9341.o
 .debug_macro   0x000000000001c794       0x5c ./Core/Src/MY_ILI9341.o
 .debug_macro   0x000000000001c7f0      0xc90 ./Core/Src/MY_ILI9341.o
 .debug_macro   0x000000000001d480      0x9fe ./Core/Src/MY_ILI9341.o
 .debug_macro   0x000000000001de7e      0x115 ./Core/Src/MY_ILI9341.o
 .debug_macro   0x000000000001df93      0x1a0 ./Core/Src/MY_ILI9341.o
 .debug_macro   0x000000000001e133       0xa5 ./Core/Src/MY_ILI9341.o
 .debug_macro   0x000000000001e1d8      0x16d ./Core/Src/MY_ILI9341.o
 .debug_macro   0x000000000001e345      0x287 ./Core/Src/MY_ILI9341.o
 .debug_macro   0x000000000001e5cc       0x5f ./Core/Src/MY_ILI9341.o
 .debug_macro   0x000000000001e62b      0x236 ./Core/Src/MY_ILI9341.o
 .debug_macro   0x000000000001e861      0xb5b ./Core/Src/MY_ILI9341.o
 .debug_macro   0x000000000001f3bc      0x38b ./Core/Src/MY_ILI9341.o
 .debug_macro   0x000000000001f747      0x17d ./Core/Src/MY_ILI9341.o
 .debug_macro   0x000000000001f8c4       0xf9 ./Core/Src/MY_ILI9341.o
 .debug_macro   0x000000000001f9bd      0x132 ./Core/Src/MY_ILI9341.o
 .debug_macro   0x000000000001faef      0x29c ./Core/Src/MY_ILI9341.o
 .debug_macro   0x000000000001fd8b       0x2e ./Core/Src/MY_ILI9341.o
 .debug_macro   0x000000000001fdb9      0x11a ./Core/Src/MY_ILI9341.o
 .debug_macro   0x000000000001fed3       0xe8 ./Core/Src/MY_ILI9341.o
 .debug_macro   0x000000000001ffbb       0x89 ./Core/Src/MY_ILI9341.o
 .debug_macro   0x0000000000020044      0x225 ./Core/Src/MY_ILI9341.o
 .debug_macro   0x0000000000020269      0x126 ./Core/Src/MY_ILI9341.o
 .debug_macro   0x000000000002038f       0x1e ./Core/Src/MY_ILI9341.o
 .debug_macro   0x00000000000203ad       0x52 ./Core/Src/MY_ILI9341.o
 .debug_macro   0x00000000000203ff       0x3c ./Core/Src/MY_ILI9341.o
 .debug_macro   0x000000000002043b       0x34 ./Core/Src/MY_ILI9341.o
 .debug_macro   0x000000000002046f       0x16 ./Core/Src/MY_ILI9341.o
 .debug_macro   0x0000000000020485       0x35 ./Core/Src/MY_ILI9341.o
 .debug_macro   0x00000000000204ba       0x16 ./Core/Src/MY_ILI9341.o
 .debug_macro   0x00000000000204d0       0x43 ./Core/Src/MY_ILI9341.o
 .debug_macro   0x0000000000020513       0x34 ./Core/Src/MY_ILI9341.o
 .debug_macro   0x0000000000020547       0x10 ./Core/Src/MY_ILI9341.o
 .debug_macro   0x0000000000020557       0x58 ./Core/Src/MY_ILI9341.o
 .debug_macro   0x00000000000205af       0x71 ./Core/Src/MY_ILI9341.o
 .debug_macro   0x0000000000020620       0x1c ./Core/Src/MY_ILI9341.o
 .debug_macro   0x000000000002063c      0x12a ./Core/Src/MY_ILI9341.o
 .debug_macro   0x0000000000020766      0x341 ./Core/Src/MY_ILI9341.o
 .debug_macro   0x0000000000020aa7       0x16 ./Core/Src/MY_ILI9341.o
 .debug_macro   0x0000000000020abd       0x29 ./Core/Src/MY_ILI9341.o
 .debug_macro   0x0000000000020ae6       0x1c ./Core/Src/MY_ILI9341.o
 .debug_macro   0x0000000000020b02       0x10 ./Core/Src/MY_ILI9341.o
 .debug_macro   0x0000000000020b12       0x10 ./Core/Src/MY_ILI9341.o
 .debug_macro   0x0000000000020b22       0x1c ./Core/Src/MY_ILI9341.o
 .debug_macro   0x0000000000020b3e       0x52 ./Core/Src/MY_ILI9341.o
 .debug_macro   0x0000000000020b90       0x22 ./Core/Src/MY_ILI9341.o
 .debug_macro   0x0000000000020bb2       0x10 ./Core/Src/MY_ILI9341.o
 .debug_macro   0x0000000000020bc2       0x52 ./Core/Src/MY_ILI9341.o
 .debug_macro   0x0000000000020c14       0xd5 ./Core/Src/MY_ILI9341.o
 .debug_macro   0x0000000000020ce9       0x1c ./Core/Src/MY_ILI9341.o
 .debug_macro   0x0000000000020d05       0x3d ./Core/Src/MY_ILI9341.o
 .debug_macro   0x0000000000020d42       0x16 ./Core/Src/MY_ILI9341.o
 .debug_macro   0x0000000000020d58      0x145 ./Core/Src/MY_ILI9341.o
 .debug_macro   0x0000000000020e9d       0x16 ./Core/Src/MY_ILI9341.o
 .debug_macro   0x0000000000020eb3       0x20 ./Core/Src/MY_ILI9341.o
 .debug_macro   0x0000000000020ed3      0x1b4 ./Core/Src/MY_ILI9341.o
 .debug_macro   0x0000000000021087      0x3d9 ./Core/Src/TSC2046.o
 .debug_macro   0x0000000000021460      0x19b ./Core/Src/TSC2046.o
 .debug_macro   0x00000000000215fb       0x16 ./Core/Src/TSC2046.o
 .debug_macro   0x0000000000021611      0x2cf ./Core/Src/lcd_touch.o
 .debug_macro   0x00000000000218e0       0x4c ./Core/Src/lcd_touch.o
 .debug_macro   0x000000000002192c       0x94 ./Core/Src/lcd_touch.o
 .debug_macro   0x00000000000219c0      0x10e ./Core/Src/lcd_touch.o
 .debug_macro   0x0000000000021ace       0x8d ./Core/Src/lcd_touch.o
 .debug_macro   0x0000000000021b5b       0x57 ./Core/Src/lcd_touch.o
 .debug_macro   0x0000000000021bb2       0x16 ./Core/Src/lcd_touch.o
 .debug_macro   0x0000000000021bc8       0x56 ./Core/Src/lcd_touch.o
 .debug_macro   0x0000000000021c1e      0x3c9 ./Core/Src/main.o
 .debug_macro   0x0000000000021fe7       0x58 ./Core/Src/main.o
 .debug_macro   0x000000000002203f      0x1f1 ./Core/Src/stm32f4xx_hal_msp.o
 .debug_macro   0x0000000000022230      0x1fb ./Core/Src/stm32f4xx_it.o
 .debug_macro   0x000000000002242b      0x1e2 ./Core/Src/system_stm32f4xx.o
 .debug_macro   0x000000000002260d      0x242 ./Drivers/STM32F4xx_HAL_Driver/Src/stm32f4xx_hal.o
 .debug_macro   0x000000000002284f      0x1e3 ./Drivers/STM32F4xx_HAL_Driver/Src/stm32f4xx_hal_adc.o
 .debug_macro   0x0000000000022a32      0x1e2 ./Drivers/STM32F4xx_HAL_Driver/Src/stm32f4xx_hal_cortex.o
 .debug_macro   0x0000000000022c14      0x1e8 ./Drivers/STM32F4xx_HAL_Driver/Src/stm32f4xx_hal_gpio.o
 .debug_macro   0x0000000000022dfc      0x1fa ./Drivers/STM32F4xx_HAL_Driver/Src/stm32f4xx_hal_pwr_ex.o
 .debug_macro   0x0000000000022ff6      0x206 ./Drivers/STM32F4xx_HAL_Driver/Src/stm32f4xx_hal_rcc.o
 .debug_macro   0x00000000000231fc      0x1e2 ./Drivers/STM32F4xx_HAL_Driver/Src/stm32f4xx_hal_rcc_ex.o
 .debug_macro   0x00000000000233de      0x1f1 ./Drivers/STM32F4xx_HAL_Driver/Src/stm32f4xx_hal_spi.o

.debug_line     0x0000000000000000     0xc6f4
 .debug_line    0x0000000000000000     0x107a ./Core/Src/MY_ILI9341.o
 .debug_line    0x000000000000107a      0xc9f ./Core/Src/TSC2046.o
 .debug_line    0x0000000000001d19      0xaf6 ./Core/Src/lcd_touch.o
 .debug_line    0x000000000000280f      0xba6 ./Core/Src/main.o
 .debug_line    0x00000000000033b5      0x82b ./Core/Src/stm32f4xx_hal_msp.o
 .debug_line    0x0000000000003be0      0x7c7 ./Core/Src/stm32f4xx_it.o
 .debug_line    0x00000000000043a7      0x786 ./Core/Src/system_stm32f4xx.o
 .debug_line    0x0000000000004b2d       0x88 ./Core/Startup/startup_stm32f446retx.o
 .debug_line    0x0000000000004bb5      0x9ec ./Drivers/STM32F4xx_HAL_Driver/Src/stm32f4xx_hal.o
 .debug_line    0x00000000000055a1     0x1268 ./Drivers/STM32F4xx_HAL_Driver/Src/stm32f4xx_hal_adc.o
 .debug_line    0x0000000000006809      0xc9b ./Drivers/STM32F4xx_HAL_Driver/Src/stm32f4xx_hal_cortex.o
 .debug_line    0x00000000000074a4      0xb4c ./Drivers/STM32F4xx_HAL_Driver/Src/stm32f4xx_hal_gpio.o
 .debug_line    0x0000000000007ff0      0x91b ./Drivers/STM32F4xx_HAL_Driver/Src/stm32f4xx_hal_pwr_ex.o
 .debug_line    0x000000000000890b      0xd74 ./Drivers/STM32F4xx_HAL_Driver/Src/stm32f4xx_hal_rcc.o
 .debug_line    0x000000000000967f     0x13ff ./Drivers/STM32F4xx_HAL_Driver/Src/stm32f4xx_hal_rcc_ex.o
 .debug_line    0x000000000000aa7e     0x1c76 ./Drivers/STM32F4xx_HAL_Driver/Src/stm32f4xx_hal_spi.o

.debug_str      0x0000000000000000    0xd5afa
 .debug_str     0x0000000000000000    0xd25e1 ./Core/Src/MY_ILI9341.o
                                      0xd2913 (size before relaxing)
 .debug_str     0x00000000000d25e1      0xb0a ./Core/Src/TSC2046.o
                                      0xd3153 (size before relaxing)
 .debug_str     0x00000000000d30eb      0xc03 ./Core/Src/lcd_touch.o
                                      0xd19f7 (size before relaxing)
 .debug_str     0x00000000000d3cee      0x348 ./Core/Src/main.o
                                      0xd2e48 (size before relaxing)
 .debug_str     0x00000000000d4036       0xa2 ./Core/Src/stm32f4xx_hal_msp.o
                                      0xce4f2 (size before relaxing)
 .debug_str     0x00000000000d40d8       0xc9 ./Core/Src/stm32f4xx_it.o
                                      0xcdd8e (size before relaxing)
 .debug_str     0x00000000000d41a1       0xdb ./Core/Src/system_stm32f4xx.o
                                      0xcddac (size before relaxing)
 .debug_str     0x00000000000d427c       0x36 ./Core/Startup/startup_stm32f446retx.o
                                         0x69 (size before relaxing)
 .debug_str     0x00000000000d42b2      0x5da ./Drivers/STM32F4xx_HAL_Driver/Src/stm32f4xx_hal.o
                                      0xce971 (size before relaxing)
 .debug_str     0x00000000000d488c      0x291 ./Drivers/STM32F4xx_HAL_Driver/Src/stm32f4xx_hal_adc.o
                                      0xce374 (size before relaxing)
 .debug_str     0x00000000000d4b1d      0x30d ./Drivers/STM32F4xx_HAL_Driver/Src/stm32f4xx_hal_cortex.o
                                      0xce67f (size before relaxing)
 .debug_str     0x00000000000d4e2a       0xf5 ./Drivers/STM32F4xx_HAL_Driver/Src/stm32f4xx_hal_gpio.o
                                      0xcdf27 (size before relaxing)
 .debug_str     0x00000000000d4f1f      0x135 ./Drivers/STM32F4xx_HAL_Driver/Src/stm32f4xx_hal_pwr_ex.o
                                      0xcdf84 (size before relaxing)
 .debug_str     0x00000000000d5054      0x233 ./Drivers/STM32F4xx_HAL_Driver/Src/stm32f4xx_hal_rcc.o
                                      0xce1e5 (size before relaxing)
 .debug_str     0x00000000000d5287      0x31c ./Drivers/STM32F4xx_HAL_Driver/Src/stm32f4xx_hal_rcc_ex.o
                                      0xce218 (size before relaxing)
 .debug_str     0x00000000000d55a3      0x557 ./Drivers/STM32F4xx_HAL_Driver/Src/stm32f4xx_hal_spi.o
                                      0xce64b (size before relaxing)

.comment        0x0000000000000000       0x50
 .comment       0x0000000000000000       0x50 ./Core/Src/MY_ILI9341.o
                                         0x51 (size before relaxing)
 .comment       0x0000000000000050       0x51 ./Core/Src/TSC2046.o
 .comment       0x0000000000000050       0x51 ./Core/Src/lcd_touch.o
 .comment       0x0000000000000050       0x51 ./Core/Src/main.o
 .comment       0x0000000000000050       0x51 ./Core/Src/stm32f4xx_hal_msp.o
 .comment       0x0000000000000050       0x51 ./Core/Src/stm32f4xx_it.o
 .comment       0x0000000000000050       0x51 ./Core/Src/system_stm32f4xx.o
 .comment       0x0000000000000050       0x51 ./Drivers/STM32F4xx_HAL_Driver/Src/stm32f4xx_hal.o
 .comment       0x0000000000000050       0x51 ./Drivers/STM32F4xx_HAL_Driver/Src/stm32f4xx_hal_adc.o
 .comment       0x0000000000000050       0x51 ./Drivers/STM32F4xx_HAL_Driver/Src/stm32f4xx_hal_cortex.o
 .comment       0x0000000000000050       0x51 ./Drivers/STM32F4xx_HAL_Driver/Src/stm32f4xx_hal_gpio.o
 .comment       0x0000000000000050       0x51 ./Drivers/STM32F4xx_HAL_Driver/Src/stm32f4xx_hal_pwr_ex.o
 .comment       0x0000000000000050       0x51 ./Drivers/STM32F4xx_HAL_Driver/Src/stm32f4xx_hal_rcc.o
 .comment       0x0000000000000050       0x51 ./Drivers/STM32F4xx_HAL_Driver/Src/stm32f4xx_hal_rcc_ex.o
 .comment       0x0000000000000050       0x51 ./Drivers/STM32F4xx_HAL_Driver/Src/stm32f4xx_hal_spi.o

.debug_frame    0x0000000000000000     0x26c8
 .debug_frame   0x0000000000000000      0x35c ./Core/Src/MY_ILI9341.o
 .debug_frame   0x000000000000035c      0x180 ./Core/Src/TSC2046.o
 .debug_frame   0x00000000000004dc      0x248 ./Core/Src/lcd_touch.o
 .debug_frame   0x0000000000000724      0x110 ./Core/Src/main.o
 .debug_frame   0x0000000000000834       0xc4 ./Core/Src/stm32f4xx_hal_msp.o
 .debug_frame   0x00000000000008f8      0x104 ./Core/Src/stm32f4xx_it.o
 .debug_frame   0x00000000000009fc       0x58 ./Core/Src/system_stm32f4xx.o
 .debug_frame   0x0000000000000a54      0x374 ./Drivers/STM32F4xx_HAL_Driver/Src/stm32f4xx_hal.o
 .debug_frame   0x0000000000000dc8      0x3fc ./Drivers/STM32F4xx_HAL_Driver/Src/stm32f4xx_hal_adc.o
 .debug_frame   0x00000000000011c4      0x498 ./Drivers/STM32F4xx_HAL_Driver/Src/stm32f4xx_hal_cortex.o
 .debug_frame   0x000000000000165c      0x14c ./Drivers/STM32F4xx_HAL_Driver/Src/stm32f4xx_hal_gpio.o
 .debug_frame   0x00000000000017a8      0x14c ./Drivers/STM32F4xx_HAL_Driver/Src/stm32f4xx_hal_pwr_ex.o
 .debug_frame   0x00000000000018f4      0x1f4 ./Drivers/STM32F4xx_HAL_Driver/Src/stm32f4xx_hal_rcc.o
 .debug_frame   0x0000000000001ae8      0x1e8 ./Drivers/STM32F4xx_HAL_Driver/Src/stm32f4xx_hal_rcc_ex.o
 .debug_frame   0x0000000000001cd0      0x824 ./Drivers/STM32F4xx_HAL_Driver/Src/stm32f4xx_hal_spi.o
 .debug_frame   0x00000000000024f4       0x2c /Applications/STM32CubeIDE.app/Contents/Eclipse/plugins/com.st.stm32cube.ide.mcu.externaltools.gnu-tools-for-stm32.10.3-2021.10.macos64_1.0.100.202210260954/tools/bin/../lib/gcc/arm-none-eabi/10.3.1/../../../../arm-none-eabi/lib/thumb/v7e-m+fp/hard/libc_nano.a(lib_a-init.o)
 .debug_frame   0x0000000000002520       0x28 /Applications/STM32CubeIDE.app/Contents/Eclipse/plugins/com.st.stm32cube.ide.mcu.externaltools.gnu-tools-for-stm32.10.3-2021.10.macos64_1.0.100.202210260954/tools/bin/../lib/gcc/arm-none-eabi/10.3.1/../../../../arm-none-eabi/lib/thumb/v7e-m+fp/hard/libc_nano.a(lib_a-memcpy-stub.o)
 .debug_frame   0x0000000000002548       0x20 /Applications/STM32CubeIDE.app/Contents/Eclipse/plugins/com.st.stm32cube.ide.mcu.externaltools.gnu-tools-for-stm32.10.3-2021.10.macos64_1.0.100.202210260954/tools/bin/../lib/gcc/arm-none-eabi/10.3.1/../../../../arm-none-eabi/lib/thumb/v7e-m+fp/hard/libc_nano.a(lib_a-memset.o)
 .debug_frame   0x0000000000002568       0x30 /Applications/STM32CubeIDE.app/Contents/Eclipse/plugins/com.st.stm32cube.ide.mcu.externaltools.gnu-tools-for-stm32.10.3-2021.10.macos64_1.0.100.202210260954/tools/bin/../lib/gcc/arm-none-eabi/10.3.1/thumb/v7e-m+fp/hard/libgcc.a(_arm_muldf3.o)
 .debug_frame   0x0000000000002598       0xac /Applications/STM32CubeIDE.app/Contents/Eclipse/plugins/com.st.stm32cube.ide.mcu.externaltools.gnu-tools-for-stm32.10.3-2021.10.macos64_1.0.100.202210260954/tools/bin/../lib/gcc/arm-none-eabi/10.3.1/thumb/v7e-m+fp/hard/libgcc.a(_arm_addsubdf3.o)
 .debug_frame   0x0000000000002644       0x24 /Applications/STM32CubeIDE.app/Contents/Eclipse/plugins/com.st.stm32cube.ide.mcu.externaltools.gnu-tools-for-stm32.10.3-2021.10.macos64_1.0.100.202210260954/tools/bin/../lib/gcc/arm-none-eabi/10.3.1/thumb/v7e-m+fp/hard/libgcc.a(_arm_fixunsdfsi.o)
 .debug_frame   0x0000000000002668       0x2c /Applications/STM32CubeIDE.app/Contents/Eclipse/plugins/com.st.stm32cube.ide.mcu.externaltools.gnu-tools-for-stm32.10.3-2021.10.macos64_1.0.100.202210260954/tools/bin/../lib/gcc/arm-none-eabi/10.3.1/thumb/v7e-m+fp/hard/libgcc.a(_aeabi_uldivmod.o)
 .debug_frame   0x0000000000002694       0x34 /Applications/STM32CubeIDE.app/Contents/Eclipse/plugins/com.st.stm32cube.ide.mcu.externaltools.gnu-tools-for-stm32.10.3-2021.10.macos64_1.0.100.202210260954/tools/bin/../lib/gcc/arm-none-eabi/10.3.1/thumb/v7e-m+fp/hard/libgcc.a(_udivmoddi4.o)
