../Core/Src/lcd_touch.c:53:14:fclamp	24	static
../Core/Src/lcd_touch.c:57:14:adc_norm_x	16	static
../Core/Src/lcd_touch.c:61:14:adc_norm_y	16	static
../Core/Src/lcd_touch.c:65:17:ADC_GetValue	40	static
../Core/Src/lcd_touch.c:86:13:GPIO_SetPinMode	48	static
../Core/Src/lcd_touch.c:96:13:ADC_GPIOA_init	40	static
../Core/Src/lcd_touch.c:104:17:touchX	8	static
../Core/Src/lcd_touch.c:116:17:touchY	16	static
../Core/Src/lcd_touch.c:138:6:LCD_Touch_Init	24	static
../Core/Src/lcd_touch.c:146:13:GPIO_DrawMode	40	static
../Core/Src/lcd_touch.c:170:13:GPIO_InterruptMode	32	static
../Core/Src/lcd_touch.c:212:19:LCD_SetMode	16	static
../Core/Src/lcd_touch.c:231:20:LCD_Touch_Read	24	static
../Core/Src/lcd_touch.c:262:6:LCD_Touch_OnDown	4	static
../Core/Src/lcd_touch.c:273:6:LCD_Touch_OnUp	4	static
../Core/Src/lcd_touch.c:290:16:LCD_Touch_GetState	4	static
../Core/Src/lcd_touch.c:297:5:LCD_Touch_Belong_Interval	24	static
../Core/Src/lcd_touch.c:308:6:LCD_Touch_Draw_LastPoint_Bottom	72	static
../Core/Src/lcd_touch.c:332:6:DrawTouchPoint	16	static
../Core/Src/lcd_touch.c:372:6:LCD_Touch_Draw_Update	8	static
../Core/Src/lcd_touch.c:383:6:LCD_Touch_Draw_OnUp	4	static
