../Core/Src/lcd_touch.c:42:14:fclamp	24	static
../Core/Src/lcd_touch.c:46:14:adc_norm_x	16	static
../Core/Src/lcd_touch.c:50:14:adc_norm_y	16	static
../Core/Src/lcd_touch.c:54:17:ADC_GetValue	40	static
../Core/Src/lcd_touch.c:75:13:GPIO_SetPinMode	48	static
../Core/Src/lcd_touch.c:85:13:ADC_GPIOA_init	40	static
../Core/Src/lcd_touch.c:93:17:touchX	8	static
../Core/Src/lcd_touch.c:105:17:touchY	16	static
../Core/Src/lcd_touch.c:127:6:LCD_Touch_Init	24	static
../Core/Src/lcd_touch.c:135:13:GPIO_DrawMode	40	static
../Core/Src/lcd_touch.c:159:13:GPIO_InterruptMode	32	static
../Core/Src/lcd_touch.c:201:19:LCD_SetMode	16	static
../Core/Src/lcd_touch.c:220:20:LCD_Touch_Read	24	static
../Core/Src/lcd_touch.c:251:6:LCD_Touch_OnDown	4	static
../Core/Src/lcd_touch.c:262:6:LCD_Touch_OnUp	4	static
../Core/Src/lcd_touch.c:279:16:LCD_Touch_GetState	4	static
../Core/Src/lcd_touch.c:286:5:LCD_Touch_Belong_Interval	24	static
../Core/Src/lcd_touch.c:296:6:LCD_Touch_Draw_LastPoint_Bottom	72	static
