../Core/display/lcd.c:865:20:LCD_Write8	4	static,ignoring_inline_asm
../Core/display/lcd.c:920:20:LCD_Write8Register8	16	static
../Core/display/lcd.c:935:20:LCD_Write16Register8	16	static
../Core/display/lcd.c:968:20:LCD_Write32Register8	16	static
../Core/display/lcd.c:1041:13:LCD_GPIO_Init	48	static
../Core/display/lcd.c:1128:6:LCD_Init	40	static
../Core/display/lcd.c:1405:6:LCD_DrawPixel	16	static
../Core/display/lcd.c:1476:6:LCD_Flood	16	static,ignoring_inline_asm
../Core/display/lcd.c:1537:6:LCD_FillScreen	8	static
../Core/display/lcd.c:1595:6:LCD_Reset	32	static,ignoring_inline_asm
../Core/display/lcd.c:1626:6:LCD_SetAddrWindow	16	static
../Core/display/lcd.c:1746:6:LCD_SetRotation	16	static
../Core/display/lcd.c:1867:9:LCD_GetRotation	0	static
../Core/display/lcd.c:1879:6:LCD_DrawBMP	48	static
../Core/display/lcd.c:2162:6:LCD_DrawLine	48	static
../Core/display/lcd.c:2213:6:LCD_DrawFastHLine	32	static
../Core/display/lcd.c:2246:6:LCD_DrawFastVLine	24	static
../Core/display/lcd.c:2277:6:LCD_DrawRect	32	static
../Core/display/lcd.c:2295:6:LCD_FillRect	32	static
../Core/display/lcd.c:2334:6:LCD_DrawCircle	56	static
../Core/display/lcd.c:2378:6:LCD_DrawCircleHelper	56	static
../Core/display/lcd.c:2423:6:LCD_FillCircle	32	static
../Core/display/lcd.c:2440:6:LCD_FillCircleHelper	72	static
../Core/display/lcd.c:2481:6:LCD_DrawTriangle	40	static
../Core/display/lcd.c:2500:6:LCD_FillTriangle	80	static
../Core/display/lcd.c:2588:6:LCD_DrawRoundRect	64	static
../Core/display/lcd.c:2613:6:LCD_FillRoundRect	56	static
../Core/display/lcd.c:2632:10:LCD_Color565	0	static
../Core/display/lcd.c:2643:10:LCD_ColorHex	32	static
../Core/display/lcd.c:2696:6:LCD_DrawChar	72	static
../Core/display/lcd.c:2764:6:LCD_Printf	40	static
../Core/display/lcd.c:2822:6:LCD_SetCursor	0	static
../Core/display/lcd.c:2834:9:LCD_GetCursorX	0	static
../Core/display/lcd.c:2845:9:LCD_GetCursorY	0	static
../Core/display/lcd.c:2856:6:LCD_SetTextSize	0	static
../Core/display/lcd.c:2873:9:LCD_GetTextSize	0	static
../Core/display/lcd.c:2885:6:LCD_SetTextColor	0	static
../Core/display/lcd.c:2897:6:LCD_SetTextWrap	0	static
../Core/display/lcd.c:2908:6:LCD_SetTextScaled	0	static
